[INFO] Scanning for projects...
[INFO] 
[INFO] -----------------< com.stockbadshah:discovery-server >------------------
[INFO] Building  0.0.1-SNAPSHOT
[INFO]   from pom.xml
[INFO] --------------------------------[ jar ]---------------------------------
[INFO] 
[INFO] >>> spring-boot:4.0.6:run (default-cli) > test-compile @ discovery-server >>>
[INFO] 
[INFO] --- resources:3.3.1:resources (default-resources) @ discovery-server ---
[INFO] Copying 1 resource from src\main\resources to target\classes
[INFO] Copying 0 resource from src\main\resources to target\classes
[INFO] 
[INFO] --- compiler:3.14.1:compile (default-compile) @ discovery-server ---
[INFO] Nothing to compile - all classes are up to date.
[INFO] 
[INFO] --- resources:3.3.1:testResources (default-testResources) @ discovery-server ---
[INFO] skip non existing resourceDirectory D:\StockMarketBadsaha\backend\discovery-server\src\test\resources
[INFO] 
[INFO] --- compiler:3.14.1:testCompile (default-testCompile) @ discovery-server ---
[INFO] Nothing to compile - all classes are up to date.
[INFO] 
[INFO] <<< spring-boot:4.0.6:run (default-cli) < test-compile @ discovery-server <<<
[INFO] 
[INFO] 
[INFO] --- spring-boot:4.0.6:run (default-cli) @ discovery-server ---
[INFO] Attaching agents: []
Picked up JAVA_TOOL_OPTIONS: -Xms64m -Xmx256m -XX:MaxMetaspaceSize=192m

  .   ____          _            __ _ _
 /\\ / ___'_ __ _ _(_)_ __  __ _ \ \ \ \
( ( )\___ | '_ | '_| | '_ \/ _` | \ \ \ \
 \\/  ___)| |_)| | | | | || (_| |  ) ) ) )
  '  |____| .__|_| |_|_| |_\__, | / / / /
 =========|_|==============|___/=/_/_/_/

 :: Spring Boot ::                (v4.0.6)

2026-07-03T14:04:35.877+05:30  INFO 25464 --- [discovery-server] [           main] c.s.d.DiscoveryServerApplication         : Starting DiscoveryServerApplication using Java 25 with PID 25464 (D:\StockMarketBadsaha\backend\discovery-server\target\classes started by irfan in D:\StockMarketBadsaha\backend\discovery-server)
2026-07-03T14:04:35.884+05:30  INFO 25464 --- [discovery-server] [           main] c.s.d.DiscoveryServerApplication         : No active profile set, falling back to 1 default profile: "default"
2026-07-03T14:04:40.876+05:30  INFO 25464 --- [discovery-server] [           main] o.s.cloud.context.scope.GenericScope     : BeanFactory id=ae2e6a2d-2af4-30b1-af7d-30f23da950c1
2026-07-03T14:04:42.744+05:30  INFO 25464 --- [discovery-server] [           main] o.s.boot.tomcat.TomcatWebServer          : Tomcat initialized with port 8761 (http)
2026-07-03T14:04:42.777+05:30  INFO 25464 --- [discovery-server] [           main] o.apache.catalina.core.StandardService   : Starting service [Tomcat]
2026-07-03T14:04:42.778+05:30  INFO 25464 --- [discovery-server] [           main] o.apache.catalina.core.StandardEngine    : Starting Servlet engine: [Apache Tomcat/11.0.21]
2026-07-03T14:04:43.404+05:30  INFO 25464 --- [discovery-server] [           main] b.w.c.s.WebApplicationContextInitializer : Root WebApplicationContext: initialization completed in 7362 ms
2026-07-03T14:04:48.502+05:30  INFO 25464 --- [discovery-server] [           main] c.n.d.provider.DiscoveryJerseyProvider   : Using JSON encoding codec LegacyJacksonJson
2026-07-03T14:04:48.504+05:30  INFO 25464 --- [discovery-server] [           main] c.n.d.provider.DiscoveryJerseyProvider   : Using JSON decoding codec LegacyJacksonJson
WARNING: A terminally deprecated method in sun.misc.Unsafe has been called
WARNING: sun.misc.Unsafe::objectFieldOffset has been called by com.thoughtworks.xstream.converters.reflection.SunUnsafeReflectionProvider (file:/D:/UserCaches/.m2/repository/com/thoughtworks/xstream/xstream/1.4.21/xstream-1.4.21.jar)
WARNING: Please consider reporting this to the maintainers of class com.thoughtworks.xstream.converters.reflection.SunUnsafeReflectionProvider
WARNING: sun.misc.Unsafe::objectFieldOffset will be removed in a future release
2026-07-03T14:04:48.917+05:30  INFO 25464 --- [discovery-server] [           main] c.n.d.provider.DiscoveryJerseyProvider   : Using XML encoding codec XStreamXml
2026-07-03T14:04:48.919+05:30  INFO 25464 --- [discovery-server] [           main] c.n.d.provider.DiscoveryJerseyProvider   : Using XML decoding codec XStreamXml
2026-07-03T14:04:49.475+05:30  INFO 25464 --- [discovery-server] [           main] o.s.v.b.OptionalValidatorFactoryBean     : Failed to set up a Bean Validation provider: jakarta.validation.NoProviderFoundException: Unable to create a Configuration, because no Jakarta Validation provider could be found. Add a provider like Hibernate Validator (RI) to your classpath.
2026-07-03T14:04:51.755+05:30  WARN 25464 --- [discovery-server] [           main] iguration$LoadBalancerCaffeineWarnLogger : Spring Cloud LoadBalancer is currently working with the default cache. While this cache implementation is useful for development and tests, it's recommended to use Caffeine cache in production.You can switch to using Caffeine cache, by adding it and org.springframework.cache.caffeine.CaffeineCacheManager to the classpath.
2026-07-03T14:04:51.846+05:30  INFO 25464 --- [discovery-server] [           main] o.s.c.n.eureka.InstanceInfoFactory       : Setting initial instance status as: STARTING
2026-07-03T14:04:51.983+05:30  INFO 25464 --- [discovery-server] [           main] com.netflix.discovery.DiscoveryClient    : Initializing Eureka in region us-east-1
2026-07-03T14:04:51.990+05:30  INFO 25464 --- [discovery-server] [           main] com.netflix.discovery.DiscoveryClient    : Client configured to neither register nor query for data.
2026-07-03T14:04:51.998+05:30  INFO 25464 --- [discovery-server] [           main] com.netflix.discovery.DiscoveryClient    : Discovery Client initialized at timestamp 1783067691993 with initial instances count: 0
2026-07-03T14:04:52.144+05:30  INFO 25464 --- [discovery-server] [           main] c.n.eureka.DefaultEurekaServerContext    : Initializing ...
2026-07-03T14:04:52.149+05:30  INFO 25464 --- [discovery-server] [           main] c.n.eureka.cluster.PeerEurekaNodes       : Adding new peer nodes [http://localhost:8761/eureka/]
2026-07-03T14:04:52.460+05:30  INFO 25464 --- [discovery-server] [           main] c.n.d.provider.DiscoveryJerseyProvider   : Using JSON encoding codec LegacyJacksonJson
2026-07-03T14:04:52.467+05:30  INFO 25464 --- [discovery-server] [           main] c.n.d.provider.DiscoveryJerseyProvider   : Using JSON decoding codec LegacyJacksonJson
2026-07-03T14:04:52.468+05:30  INFO 25464 --- [discovery-server] [           main] c.n.d.provider.DiscoveryJerseyProvider   : Using XML encoding codec XStreamXml
2026-07-03T14:04:52.469+05:30  INFO 25464 --- [discovery-server] [           main] c.n.d.provider.DiscoveryJerseyProvider   : Using XML decoding codec XStreamXml
2026-07-03T14:04:52.589+05:30  INFO 25464 --- [discovery-server] [           main] c.n.eureka.cluster.PeerEurekaNodes       : Replica node URL:  http://localhost:8761/eureka/
2026-07-03T14:04:52.677+05:30  INFO 25464 --- [discovery-server] [           main] c.n.e.registry.AbstractInstanceRegistry  : Finished initializing remote region registries. All known remote regions: []
2026-07-03T14:04:52.692+05:30  INFO 25464 --- [discovery-server] [           main] c.n.eureka.DefaultEurekaServerContext    : Initialized
2026-07-03T14:04:52.719+05:30  INFO 25464 --- [discovery-server] [           main] o.s.b.a.e.web.EndpointLinksResolver      : Exposing 1 endpoint beneath base path '/actuator'
2026-07-03T14:04:52.931+05:30  INFO 25464 --- [discovery-server] [           main] o.s.c.n.e.s.EurekaServiceRegistry        : Registering application DISCOVERY-SERVER with eureka with status UP
2026-07-03T14:04:53.113+05:30  INFO 25464 --- [discovery-server] [       Thread-9] o.s.c.n.e.server.EurekaServerBootstrap   : isAws returned false
2026-07-03T14:04:53.119+05:30  INFO 25464 --- [discovery-server] [       Thread-9] o.s.c.n.e.server.EurekaServerBootstrap   : Initialized server context
2026-07-03T14:04:53.120+05:30  INFO 25464 --- [discovery-server] [       Thread-9] c.n.e.r.PeerAwareInstanceRegistryImpl    : Got 1 instances from neighboring DS node
2026-07-03T14:04:53.121+05:30  INFO 25464 --- [discovery-server] [       Thread-9] c.n.e.r.PeerAwareInstanceRegistryImpl    : Renew threshold is: 1
2026-07-03T14:04:53.123+05:30  INFO 25464 --- [discovery-server] [       Thread-9] c.n.e.r.PeerAwareInstanceRegistryImpl    : Changing status to UP
2026-07-03T14:04:53.129+05:30  INFO 25464 --- [discovery-server] [       Thread-9] e.s.EurekaServerInitializerConfiguration : Started Eureka Server
2026-07-03T14:04:53.134+05:30  INFO 25464 --- [discovery-server] [           main] o.s.boot.tomcat.TomcatWebServer          : Tomcat started on port 8761 (http) with context path '/'
2026-07-03T14:04:53.137+05:30  INFO 25464 --- [discovery-server] [           main] .s.c.n.e.s.EurekaAutoServiceRegistration : Updating port to 8761
2026-07-03T14:04:53.171+05:30  INFO 25464 --- [discovery-server] [           main] c.s.d.DiscoveryServerApplication         : Started DiscoveryServerApplication in 18.434 seconds (process running for 20.305)
2026-07-03T14:05:53.126+05:30  INFO 25464 --- [discovery-server] [a-EvictionTimer] c.n.e.registry.AbstractInstanceRegistry  : Running the evict task with compensationTime 0ms
2026-07-03T14:06:53.130+05:30  INFO 25464 --- [discovery-server] [a-EvictionTimer] c.n.e.registry.AbstractInstanceRegistry  : Running the evict task with compensationTime 0ms
2026-07-03T14:07:53.973+05:30  INFO 25464 --- [discovery-server] [a-EvictionTimer] c.n.e.registry.AbstractInstanceRegistry  : Running the evict task with compensationTime 77ms
2026-07-03T14:08:03.164+05:30  INFO 25464 --- [discovery-server] [nio-8761-exec-6] o.a.c.c.C.[Tomcat].[localhost].[/]       : Initializing Spring DispatcherServlet 'dispatcherServlet'
2026-07-03T14:08:03.169+05:30  INFO 25464 --- [discovery-server] [nio-8761-exec-6] o.s.web.servlet.DispatcherServlet        : Initializing Servlet 'dispatcherServlet'
2026-07-03T14:08:03.335+05:30  INFO 25464 --- [discovery-server] [nio-8761-exec-6] o.s.web.servlet.DispatcherServlet        : Completed initialization in 162 ms
2026-07-03T14:08:09.126+05:30  INFO 25464 --- [discovery-server] [nio-8761-exec-1] c.n.e.registry.AbstractInstanceRegistry  : Registered instance SCANNER-SERVICE/DESKTOP-TAPHLMF:scanner-service:8083 with status UP (replication=false)
2026-07-03T14:08:09.126+05:30  INFO 25464 --- [discovery-server] [nio-8761-exec-6] c.n.e.registry.AbstractInstanceRegistry  : Registered instance STRATEGY-SERVICE/DESKTOP-TAPHLMF:strategy-service:8085 with status UP (replication=false)
2026-07-03T14:08:09.126+05:30  INFO 25464 --- [discovery-server] [nio-8761-exec-8] c.n.e.registry.AbstractInstanceRegistry  : Registered instance API-GATEWAY/DESKTOP-TAPHLMF:api-gateway:8080 with status UP (replication=false)
2026-07-03T14:08:09.126+05:30  INFO 25464 --- [discovery-server] [nio-8761-exec-2] c.n.e.registry.AbstractInstanceRegistry  : Registered instance USER-SERVICE/DESKTOP-TAPHLMF:user-service:8087 with status UP (replication=false)
2026-07-03T14:08:09.126+05:30  INFO 25464 --- [discovery-server] [nio-8761-exec-7] c.n.e.registry.AbstractInstanceRegistry  : Registered instance BACKTEST-SERVICE/DESKTOP-TAPHLMF:backtest-service:8086 with status UP (replication=false)
2026-07-03T14:08:09.125+05:30  INFO 25464 --- [discovery-server] [nio-8761-exec-5] c.n.e.registry.AbstractInstanceRegistry  : Registered instance NOTIFICATION-SERVICE/DESKTOP-TAPHLMF:notification-service:8088 with status UP (replication=false)
2026-07-03T14:08:09.126+05:30  INFO 25464 --- [discovery-server] [io-8761-exec-10] c.n.e.registry.AbstractInstanceRegistry  : Registered instance INDICATOR-SERVICE/DESKTOP-TAPHLMF:indicator-service:8082 with status UP (replication=false)
2026-07-03T14:08:09.126+05:30  INFO 25464 --- [discovery-server] [nio-8761-exec-4] c.n.e.registry.AbstractInstanceRegistry  : Registered instance FUNDAMENTAL-SERVICE/DESKTOP-TAPHLMF:fundamental-service:8084 with status UP (replication=false)
2026-07-03T14:08:11.806+05:30  INFO 25464 --- [discovery-server] [nio-8761-exec-9] c.n.e.registry.AbstractInstanceRegistry  : Registered instance API-GATEWAY/DESKTOP-TAPHLMF:api-gateway:8080 with status UP (replication=true)
2026-07-03T14:08:11.809+05:30  INFO 25464 --- [discovery-server] [nio-8761-exec-9] c.n.e.registry.AbstractInstanceRegistry  : Registered instance SCANNER-SERVICE/DESKTOP-TAPHLMF:scanner-service:8083 with status UP (replication=true)
2026-07-03T14:08:11.810+05:30  INFO 25464 --- [discovery-server] [nio-8761-exec-9] c.n.e.registry.AbstractInstanceRegistry  : Registered instance NOTIFICATION-SERVICE/DESKTOP-TAPHLMF:notification-service:8088 with status UP (replication=true)
2026-07-03T14:08:11.811+05:30  INFO 25464 --- [discovery-server] [nio-8761-exec-9] c.n.e.registry.AbstractInstanceRegistry  : Registered instance STRATEGY-SERVICE/DESKTOP-TAPHLMF:strategy-service:8085 with status UP (replication=true)
2026-07-03T14:08:11.812+05:30  INFO 25464 --- [discovery-server] [nio-8761-exec-9] c.n.e.registry.AbstractInstanceRegistry  : Registered instance USER-SERVICE/DESKTOP-TAPHLMF:user-service:8087 with status UP (replication=true)
2026-07-03T14:08:11.813+05:30  INFO 25464 --- [discovery-server] [nio-8761-exec-9] c.n.e.registry.AbstractInstanceRegistry  : Registered instance INDICATOR-SERVICE/DESKTOP-TAPHLMF:indicator-service:8082 with status UP (replication=true)
2026-07-03T14:08:11.815+05:30  INFO 25464 --- [discovery-server] [nio-8761-exec-9] c.n.e.registry.AbstractInstanceRegistry  : Registered instance BACKTEST-SERVICE/DESKTOP-TAPHLMF:backtest-service:8086 with status UP (replication=true)
2026-07-03T14:08:11.816+05:30  INFO 25464 --- [discovery-server] [nio-8761-exec-9] c.n.e.registry.AbstractInstanceRegistry  : Registered instance FUNDAMENTAL-SERVICE/DESKTOP-TAPHLMF:fundamental-service:8084 with status UP (replication=true)
2026-07-03T14:08:22.611+05:30  INFO 25464 --- [discovery-server] [nio-8761-exec-7] c.n.e.registry.AbstractInstanceRegistry  : Registered instance STOCK-DATA-SERVICE/DESKTOP-TAPHLMF:stock-data-service:8081 with status UP (replication=false)
2026-07-03T14:08:23.144+05:30  INFO 25464 --- [discovery-server] [nio-8761-exec-6] c.n.e.registry.AbstractInstanceRegistry  : Registered instance STOCK-DATA-SERVICE/DESKTOP-TAPHLMF:stock-data-service:8081 with status UP (replication=true)
2026-07-03T14:08:53.205+05:30  INFO 25464 --- [discovery-server] [a-EvictionTimer] c.n.e.registry.AbstractInstanceRegistry  : Running the evict task with compensationTime 1ms
2026-07-03T14:09:53.205+05:30  INFO 25464 --- [discovery-server] [a-EvictionTimer] c.n.e.registry.AbstractInstanceRegistry  : Running the evict task with compensationTime 0ms
2026-07-03T14:10:53.205+05:30  INFO 25464 --- [discovery-server] [a-EvictionTimer] c.n.e.registry.AbstractInstanceRegistry  : Running the evict task with compensationTime 0ms
2026-07-03T14:11:53.206+05:30  INFO 25464 --- [discovery-server] [a-EvictionTimer] c.n.e.registry.AbstractInstanceRegistry  : Running the evict task with compensationTime 0ms
2026-07-03T14:12:53.206+05:30  INFO 25464 --- [discovery-server] [a-EvictionTimer] c.n.e.registry.AbstractInstanceRegistry  : Running the evict task with compensationTime 0ms
2026-07-03T14:13:53.207+05:30  INFO 25464 --- [discovery-server] [a-EvictionTimer] c.n.e.registry.AbstractInstanceRegistry  : Running the evict task with compensationTime 0ms
2026-07-03T14:14:53.208+05:30  INFO 25464 --- [discovery-server] [a-EvictionTimer] c.n.e.registry.AbstractInstanceRegistry  : Running the evict task with compensationTime 1ms
2026-07-03T14:15:53.208+05:30  INFO 25464 --- [discovery-server] [a-EvictionTimer] c.n.e.registry.AbstractInstanceRegistry  : Running the evict task with compensationTime 0ms
2026-07-03T14:16:53.208+05:30  INFO 25464 --- [discovery-server] [a-EvictionTimer] c.n.e.registry.AbstractInstanceRegistry  : Running the evict task with compensationTime 0ms
2026-07-03T14:17:53.209+05:30  INFO 25464 --- [discovery-server] [a-EvictionTimer] c.n.e.registry.AbstractInstanceRegistry  : Running the evict task with compensationTime 1ms
2026-07-03T14:18:53.210+05:30  INFO 25464 --- [discovery-server] [a-EvictionTimer] c.n.e.registry.AbstractInstanceRegistry  : Running the evict task with compensationTime 0ms
2026-07-03T14:28:48.628+05:30  INFO 25464 --- [discovery-server] [hresholdUpdater] c.n.e.r.PeerAwareInstanceRegistryImpl    : Current renewal threshold is : 17
2026-07-03T14:28:48.912+05:30  INFO 25464 --- [discovery-server] [a-EvictionTimer] c.n.e.registry.AbstractInstanceRegistry  : Running the evict task with compensationTime 535778ms
2026-07-03T14:29:48.924+05:30  INFO 25464 --- [discovery-server] [a-EvictionTimer] c.n.e.registry.AbstractInstanceRegistry  : Running the evict task with compensationTime 11ms
2026-07-03T14:30:48.927+05:30  INFO 25464 --- [discovery-server] [a-EvictionTimer] c.n.e.registry.AbstractInstanceRegistry  : Running the evict task with compensationTime 3ms
2026-07-03T14:31:48.938+05:30  INFO 25464 --- [discovery-server] [a-EvictionTimer] c.n.e.registry.AbstractInstanceRegistry  : Running the evict task with compensationTime 10ms
2026-07-03T14:32:48.949+05:30  INFO 25464 --- [discovery-server] [a-EvictionTimer] c.n.e.registry.AbstractInstanceRegistry  : Running the evict task with compensationTime 11ms
2026-07-03T14:33:48.952+05:30  INFO 25464 --- [discovery-server] [a-EvictionTimer] c.n.e.registry.AbstractInstanceRegistry  : Running the evict task with compensationTime 2ms
2026-07-03T14:34:48.953+05:30  INFO 25464 --- [discovery-server] [a-EvictionTimer] c.n.e.registry.AbstractInstanceRegistry  : Running the evict task with compensationTime 1ms
2026-07-03T14:35:48.968+05:30  INFO 25464 --- [discovery-server] [a-EvictionTimer] c.n.e.registry.AbstractInstanceRegistry  : Running the evict task with compensationTime 15ms
2026-07-03T14:36:48.984+05:30  INFO 25464 --- [discovery-server] [a-EvictionTimer] c.n.e.registry.AbstractInstanceRegistry  : Running the evict task with compensationTime 15ms
2026-07-03T14:37:48.996+05:30  INFO 25464 --- [discovery-server] [a-EvictionTimer] c.n.e.registry.AbstractInstanceRegistry  : Running the evict task with compensationTime 12ms
2026-07-03T14:38:49.004+05:30  INFO 25464 --- [discovery-server] [a-EvictionTimer] c.n.e.registry.AbstractInstanceRegistry  : Running the evict task with compensationTime 7ms
2026-07-03T14:39:49.009+05:30  INFO 25464 --- [discovery-server] [a-EvictionTimer] c.n.e.registry.AbstractInstanceRegistry  : Running the evict task with compensationTime 5ms
