[INFO] Scanning for projects...
[INFO] 
[INFO] ----------------< com.stockbadshah:fundamental-service >----------------
[INFO] Building fundamental-service 0.0.1-SNAPSHOT
[INFO]   from pom.xml
[INFO] --------------------------------[ jar ]---------------------------------
[INFO] 
[INFO] >>> spring-boot:4.0.6:run (default-cli) > test-compile @ fundamental-service >>>
[INFO] 
[INFO] --- resources:3.3.1:resources (default-resources) @ fundamental-service ---
[INFO] Copying 1 resource from src\main\resources to target\classes
[INFO] Copying 0 resource from src\main\resources to target\classes
[INFO] 
[INFO] --- compiler:3.14.1:compile (default-compile) @ fundamental-service ---
[INFO] Nothing to compile - all classes are up to date.
[INFO] 
[INFO] --- resources:3.3.1:testResources (default-testResources) @ fundamental-service ---
[INFO] skip non existing resourceDirectory D:\StockMarketBadsaha\backend\fundamental-service\src\test\resources
[INFO] 
[INFO] --- compiler:3.14.1:testCompile (default-testCompile) @ fundamental-service ---
[INFO] Nothing to compile - all classes are up to date.
[INFO] 
[INFO] <<< spring-boot:4.0.6:run (default-cli) < test-compile @ fundamental-service <<<
[INFO] 
[INFO] 
[INFO] --- spring-boot:4.0.6:run (default-cli) @ fundamental-service ---
[INFO] Attaching agents: []
Picked up JAVA_TOOL_OPTIONS: -Xms64m -Xmx256m -XX:MaxMetaspaceSize=192m

  .   ____          _            __ _ _
 /\\ / ___'_ __ _ _(_)_ __  __ _ \ \ \ \
( ( )\___ | '_ | '_| | '_ \/ _` | \ \ \ \
 \\/  ___)| |_)| | | | | || (_| |  ) ) ) )
  '  |____| .__|_| |_|_| |_\__, | / / / /
 =========|_|==============|___/=/_/_/_/

 :: Spring Boot ::                (v4.0.6)

2026-07-03T14:07:35.265+05:30  INFO 23084 --- [fundamental-service] [           main] c.s.f.FundamentalServiceApplication      : Starting FundamentalServiceApplication using Java 25 with PID 23084 (D:\StockMarketBadsaha\backend\fundamental-service\target\classes started by irfan in D:\StockMarketBadsaha\backend\fundamental-service)
2026-07-03T14:07:35.390+05:30  INFO 23084 --- [fundamental-service] [           main] c.s.f.FundamentalServiceApplication      : No active profile set, falling back to 1 default profile: "default"
2026-07-03T14:07:42.555+05:30  INFO 23084 --- [fundamental-service] [           main] o.s.cloud.context.scope.GenericScope     : BeanFactory id=8ee6d589-4742-30ae-9ae7-9d469ece2009
2026-07-03T14:07:44.614+05:30  INFO 23084 --- [fundamental-service] [           main] o.s.boot.tomcat.TomcatWebServer          : Tomcat initialized with port 8084 (http)
2026-07-03T14:07:44.650+05:30  INFO 23084 --- [fundamental-service] [           main] o.apache.catalina.core.StandardService   : Starting service [Tomcat]
2026-07-03T14:07:44.653+05:30  INFO 23084 --- [fundamental-service] [           main] o.apache.catalina.core.StandardEngine    : Starting Servlet engine: [Apache Tomcat/11.0.21]
2026-07-03T14:07:45.421+05:30  INFO 23084 --- [fundamental-service] [           main] b.w.c.s.WebApplicationContextInitializer : Root WebApplicationContext: initialization completed in 9252 ms
2026-07-03T14:07:50.403+05:30  INFO 23084 --- [fundamental-service] [           main] DiscoveryClientOptionalArgsConfiguration : Eureka HTTP Client uses RestClient.
2026-07-03T14:07:50.579+05:30  WARN 23084 --- [fundamental-service] [           main] iguration$LoadBalancerCaffeineWarnLogger : Spring Cloud LoadBalancer is currently working with the default cache. While this cache implementation is useful for development and tests, it's recommended to use Caffeine cache in production.You can switch to using Caffeine cache, by adding it and org.springframework.cache.caffeine.CaffeineCacheManager to the classpath.
2026-07-03T14:07:50.673+05:30  INFO 23084 --- [fundamental-service] [           main] o.s.b.a.e.web.EndpointLinksResolver      : Exposing 1 endpoint beneath base path '/actuator'
2026-07-03T14:07:50.907+05:30  INFO 23084 --- [fundamental-service] [           main] o.s.c.n.eureka.InstanceInfoFactory       : Setting initial instance status as: STARTING
2026-07-03T14:07:51.158+05:30  INFO 23084 --- [fundamental-service] [           main] com.netflix.discovery.DiscoveryClient    : Initializing Eureka in region us-east-1
2026-07-03T14:07:51.170+05:30  INFO 23084 --- [fundamental-service] [           main] c.n.d.s.r.aws.ConfigClusterResolver      : Resolving eureka endpoints via configuration
2026-07-03T14:07:51.193+05:30  INFO 23084 --- [fundamental-service] [           main] com.netflix.discovery.DiscoveryClient    : Disable delta property : false
2026-07-03T14:07:51.194+05:30  INFO 23084 --- [fundamental-service] [           main] com.netflix.discovery.DiscoveryClient    : Single vip registry refresh property : null
2026-07-03T14:07:51.196+05:30  INFO 23084 --- [fundamental-service] [           main] com.netflix.discovery.DiscoveryClient    : Force full registry fetch : false
2026-07-03T14:07:51.197+05:30  INFO 23084 --- [fundamental-service] [           main] com.netflix.discovery.DiscoveryClient    : Application is null : false
2026-07-03T14:07:51.198+05:30  INFO 23084 --- [fundamental-service] [           main] com.netflix.discovery.DiscoveryClient    : Registered Applications size is zero : true
2026-07-03T14:07:51.200+05:30  INFO 23084 --- [fundamental-service] [           main] com.netflix.discovery.DiscoveryClient    : Application version is -1: true
2026-07-03T14:07:51.202+05:30  INFO 23084 --- [fundamental-service] [           main] com.netflix.discovery.DiscoveryClient    : Getting all instance registry info from the eureka server
2026-07-03T14:08:06.481+05:30  INFO 23084 --- [fundamental-service] [           main] com.netflix.discovery.DiscoveryClient    : The response status is 200
2026-07-03T14:08:06.557+05:30  INFO 23084 --- [fundamental-service] [           main] com.netflix.discovery.DiscoveryClient    : Starting heartbeat executor: renew interval is: 30
2026-07-03T14:08:06.561+05:30  INFO 23084 --- [fundamental-service] [           main] c.n.discovery.InstanceInfoReplicator     : InstanceInfoReplicator onDemand update allowed rate per min is 4
2026-07-03T14:08:06.570+05:30  INFO 23084 --- [fundamental-service] [           main] com.netflix.discovery.DiscoveryClient    : Discovery Client initialized at timestamp 1783067886565 with initial instances count: 0
2026-07-03T14:08:06.577+05:30  INFO 23084 --- [fundamental-service] [           main] o.s.c.n.e.s.EurekaServiceRegistry        : Registering application FUNDAMENTAL-SERVICE with eureka with status UP
2026-07-03T14:08:06.578+05:30  INFO 23084 --- [fundamental-service] [           main] com.netflix.discovery.DiscoveryClient    : Saw local status change event StatusChangeEvent [timestamp=1783067886578, current=UP, previous=STARTING]
2026-07-03T14:08:06.583+05:30  INFO 23084 --- [fundamental-service] [foReplicator-%d] com.netflix.discovery.DiscoveryClient    : DiscoveryClient_FUNDAMENTAL-SERVICE/DESKTOP-TAPHLMF:fundamental-service:8084: registering service...
2026-07-03T14:08:07.082+05:30  INFO 23084 --- [fundamental-service] [           main] o.s.boot.tomcat.TomcatWebServer          : Tomcat started on port 8084 (http) with context path '/'
2026-07-03T14:08:07.164+05:30  INFO 23084 --- [fundamental-service] [           main] .s.c.n.e.s.EurekaAutoServiceRegistration : Updating port to 8084
2026-07-03T14:08:07.234+05:30  INFO 23084 --- [fundamental-service] [           main] c.s.f.FundamentalServiceApplication      : Started FundamentalServiceApplication in 36.729 seconds (process running for 50.236)
2026-07-03T14:08:09.160+05:30  INFO 23084 --- [fundamental-service] [foReplicator-%d] com.netflix.discovery.DiscoveryClient    : DiscoveryClient_FUNDAMENTAL-SERVICE/DESKTOP-TAPHLMF:fundamental-service:8084 - registration status: 204
2026-07-03T14:08:36.589+05:30  INFO 23084 --- [fundamental-service] [reshExecutor-%d] com.netflix.discovery.DiscoveryClient    : Disable delta property : false
2026-07-03T14:08:36.597+05:30  INFO 23084 --- [fundamental-service] [reshExecutor-%d] com.netflix.discovery.DiscoveryClient    : Single vip registry refresh property : null
2026-07-03T14:08:36.600+05:30  INFO 23084 --- [fundamental-service] [reshExecutor-%d] com.netflix.discovery.DiscoveryClient    : Force full registry fetch : false
2026-07-03T14:08:36.603+05:30  INFO 23084 --- [fundamental-service] [reshExecutor-%d] com.netflix.discovery.DiscoveryClient    : Application is null : false
2026-07-03T14:08:36.605+05:30  INFO 23084 --- [fundamental-service] [reshExecutor-%d] com.netflix.discovery.DiscoveryClient    : Registered Applications size is zero : true
2026-07-03T14:08:36.606+05:30  INFO 23084 --- [fundamental-service] [reshExecutor-%d] com.netflix.discovery.DiscoveryClient    : Application version is -1: false
2026-07-03T14:08:36.608+05:30  INFO 23084 --- [fundamental-service] [reshExecutor-%d] com.netflix.discovery.DiscoveryClient    : Getting all instance registry info from the eureka server
2026-07-03T14:08:36.669+05:30  INFO 23084 --- [fundamental-service] [reshExecutor-%d] com.netflix.discovery.DiscoveryClient    : The response status is 200
2026-07-03T14:10:01.409+05:30  INFO 23084 --- [fundamental-service] [nio-8084-exec-1] o.a.c.c.C.[Tomcat].[localhost].[/]       : Initializing Spring DispatcherServlet 'dispatcherServlet'
2026-07-03T14:10:01.777+05:30  INFO 23084 --- [fundamental-service] [nio-8084-exec-1] o.s.web.servlet.DispatcherServlet        : Initializing Servlet 'dispatcherServlet'
2026-07-03T14:10:01.798+05:30  INFO 23084 --- [fundamental-service] [nio-8084-exec-1] o.s.web.servlet.DispatcherServlet        : Completed initialization in 20 ms
2026-07-03T14:12:51.960+05:30  INFO 23084 --- [fundamental-service] [rap-executor-%d] c.n.d.s.r.aws.ConfigClusterResolver      : Resolving eureka endpoints via configuration
2026-07-03T14:17:52.013+05:30  INFO 23084 --- [fundamental-service] [rap-executor-%d] c.n.d.s.r.aws.ConfigClusterResolver      : Resolving eureka endpoints via configuration
2026-07-03T14:31:47.897+05:30  INFO 23084 --- [fundamental-service] [rap-executor-%d] c.n.d.s.r.aws.ConfigClusterResolver      : Resolving eureka endpoints via configuration
2026-07-03T14:36:47.921+05:30  INFO 23084 --- [fundamental-service] [rap-executor-%d] c.n.d.s.r.aws.ConfigClusterResolver      : Resolving eureka endpoints via configuration
