[INFO] Scanning for projects...
[INFO] 
[INFO] ---------------< com.stockbadshah:notification-service >----------------
[INFO] Building notification-service 0.0.1-SNAPSHOT
[INFO]   from pom.xml
[INFO] --------------------------------[ jar ]---------------------------------
[INFO] 
[INFO] >>> spring-boot:4.0.6:run (default-cli) > test-compile @ notification-service >>>
[INFO] 
[INFO] --- resources:3.3.1:resources (default-resources) @ notification-service ---
[INFO] Copying 1 resource from src\main\resources to target\classes
[INFO] Copying 0 resource from src\main\resources to target\classes
[INFO] 
[INFO] --- compiler:3.14.1:compile (default-compile) @ notification-service ---
[INFO] Nothing to compile - all classes are up to date.
[INFO] 
[INFO] --- resources:3.3.1:testResources (default-testResources) @ notification-service ---
[INFO] skip non existing resourceDirectory D:\StockMarketBadsaha\backend\notification-service\src\test\resources
[INFO] 
[INFO] --- compiler:3.14.1:testCompile (default-testCompile) @ notification-service ---
[INFO] Nothing to compile - all classes are up to date.
[INFO] 
[INFO] <<< spring-boot:4.0.6:run (default-cli) < test-compile @ notification-service <<<
[INFO] 
[INFO] 
[INFO] --- spring-boot:4.0.6:run (default-cli) @ notification-service ---
[INFO] Attaching agents: []
Picked up JAVA_TOOL_OPTIONS: -Xms64m -Xmx256m -XX:MaxMetaspaceSize=192m

  .   ____          _            __ _ _
 /\\ / ___'_ __ _ _(_)_ __  __ _ \ \ \ \
( ( )\___ | '_ | '_| | '_ \/ _` | \ \ \ \
 \\/  ___)| |_)| | | | | || (_| |  ) ) ) )
  '  |____| .__|_| |_|_| |_\__, | / / / /
 =========|_|==============|___/=/_/_/_/

 :: Spring Boot ::                (v4.0.6)

2026-07-03T14:07:35.265+05:30  INFO 18336 --- [notification-service] [           main] c.s.n.NotificationServiceApplication     : Starting NotificationServiceApplication using Java 25 with PID 18336 (D:\StockMarketBadsaha\backend\notification-service\target\classes started by irfan in D:\StockMarketBadsaha\backend\notification-service)
2026-07-03T14:07:35.395+05:30  INFO 18336 --- [notification-service] [           main] c.s.n.NotificationServiceApplication     : No active profile set, falling back to 1 default profile: "default"
2026-07-03T14:07:42.555+05:30  INFO 18336 --- [notification-service] [           main] o.s.cloud.context.scope.GenericScope     : BeanFactory id=ff70072e-4b66-3513-93f2-f520518b91c3
2026-07-03T14:07:44.613+05:30  INFO 18336 --- [notification-service] [           main] o.s.boot.tomcat.TomcatWebServer          : Tomcat initialized with port 8088 (http)
2026-07-03T14:07:44.650+05:30  INFO 18336 --- [notification-service] [           main] o.apache.catalina.core.StandardService   : Starting service [Tomcat]
2026-07-03T14:07:44.652+05:30  INFO 18336 --- [notification-service] [           main] o.apache.catalina.core.StandardEngine    : Starting Servlet engine: [Apache Tomcat/11.0.21]
2026-07-03T14:07:45.418+05:30  INFO 18336 --- [notification-service] [           main] b.w.c.s.WebApplicationContextInitializer : Root WebApplicationContext: initialization completed in 9253 ms
2026-07-03T14:07:50.462+05:30  INFO 18336 --- [notification-service] [           main] DiscoveryClientOptionalArgsConfiguration : Eureka HTTP Client uses RestClient.
2026-07-03T14:07:50.591+05:30  WARN 18336 --- [notification-service] [           main] iguration$LoadBalancerCaffeineWarnLogger : Spring Cloud LoadBalancer is currently working with the default cache. While this cache implementation is useful for development and tests, it's recommended to use Caffeine cache in production.You can switch to using Caffeine cache, by adding it and org.springframework.cache.caffeine.CaffeineCacheManager to the classpath.
2026-07-03T14:07:50.671+05:30  INFO 18336 --- [notification-service] [           main] o.s.b.a.e.web.EndpointLinksResolver      : Exposing 1 endpoint beneath base path '/actuator'
2026-07-03T14:07:50.890+05:30  INFO 18336 --- [notification-service] [           main] o.s.c.n.eureka.InstanceInfoFactory       : Setting initial instance status as: STARTING
2026-07-03T14:07:51.157+05:30  INFO 18336 --- [notification-service] [           main] com.netflix.discovery.DiscoveryClient    : Initializing Eureka in region us-east-1
2026-07-03T14:07:51.170+05:30  INFO 18336 --- [notification-service] [           main] c.n.d.s.r.aws.ConfigClusterResolver      : Resolving eureka endpoints via configuration
2026-07-03T14:07:51.197+05:30  INFO 18336 --- [notification-service] [           main] com.netflix.discovery.DiscoveryClient    : Disable delta property : false
2026-07-03T14:07:51.199+05:30  INFO 18336 --- [notification-service] [           main] com.netflix.discovery.DiscoveryClient    : Single vip registry refresh property : null
2026-07-03T14:07:51.201+05:30  INFO 18336 --- [notification-service] [           main] com.netflix.discovery.DiscoveryClient    : Force full registry fetch : false
2026-07-03T14:07:51.204+05:30  INFO 18336 --- [notification-service] [           main] com.netflix.discovery.DiscoveryClient    : Application is null : false
2026-07-03T14:07:51.206+05:30  INFO 18336 --- [notification-service] [           main] com.netflix.discovery.DiscoveryClient    : Registered Applications size is zero : true
2026-07-03T14:07:51.208+05:30  INFO 18336 --- [notification-service] [           main] com.netflix.discovery.DiscoveryClient    : Application version is -1: true
2026-07-03T14:07:51.209+05:30  INFO 18336 --- [notification-service] [           main] com.netflix.discovery.DiscoveryClient    : Getting all instance registry info from the eureka server
2026-07-03T14:08:06.487+05:30  INFO 18336 --- [notification-service] [           main] com.netflix.discovery.DiscoveryClient    : The response status is 200
2026-07-03T14:08:06.577+05:30  INFO 18336 --- [notification-service] [           main] com.netflix.discovery.DiscoveryClient    : Starting heartbeat executor: renew interval is: 30
2026-07-03T14:08:06.583+05:30  INFO 18336 --- [notification-service] [           main] c.n.discovery.InstanceInfoReplicator     : InstanceInfoReplicator onDemand update allowed rate per min is 4
2026-07-03T14:08:06.590+05:30  INFO 18336 --- [notification-service] [           main] com.netflix.discovery.DiscoveryClient    : Discovery Client initialized at timestamp 1783067886588 with initial instances count: 0
2026-07-03T14:08:06.604+05:30  INFO 18336 --- [notification-service] [           main] o.s.c.n.e.s.EurekaServiceRegistry        : Registering application NOTIFICATION-SERVICE with eureka with status UP
2026-07-03T14:08:06.941+05:30  INFO 18336 --- [notification-service] [           main] com.netflix.discovery.DiscoveryClient    : Saw local status change event StatusChangeEvent [timestamp=1783067886941, current=UP, previous=STARTING]
2026-07-03T14:08:06.945+05:30  INFO 18336 --- [notification-service] [foReplicator-%d] com.netflix.discovery.DiscoveryClient    : DiscoveryClient_NOTIFICATION-SERVICE/DESKTOP-TAPHLMF:notification-service:8088: registering service...
2026-07-03T14:08:07.090+05:30  INFO 18336 --- [notification-service] [           main] o.s.boot.tomcat.TomcatWebServer          : Tomcat started on port 8088 (http) with context path '/'
2026-07-03T14:08:07.169+05:30  INFO 18336 --- [notification-service] [           main] .s.c.n.e.s.EurekaAutoServiceRegistration : Updating port to 8088
2026-07-03T14:08:07.232+05:30  INFO 18336 --- [notification-service] [           main] c.s.n.NotificationServiceApplication     : Started NotificationServiceApplication in 36.727 seconds (process running for 50.237)
2026-07-03T14:08:09.163+05:30  INFO 18336 --- [notification-service] [foReplicator-%d] com.netflix.discovery.DiscoveryClient    : DiscoveryClient_NOTIFICATION-SERVICE/DESKTOP-TAPHLMF:notification-service:8088 - registration status: 204
2026-07-03T14:08:36.671+05:30  INFO 18336 --- [notification-service] [reshExecutor-%d] com.netflix.discovery.DiscoveryClient    : Disable delta property : false
2026-07-03T14:08:36.769+05:30  INFO 18336 --- [notification-service] [reshExecutor-%d] com.netflix.discovery.DiscoveryClient    : Single vip registry refresh property : null
2026-07-03T14:08:36.772+05:30  INFO 18336 --- [notification-service] [reshExecutor-%d] com.netflix.discovery.DiscoveryClient    : Force full registry fetch : false
2026-07-03T14:08:36.774+05:30  INFO 18336 --- [notification-service] [reshExecutor-%d] com.netflix.discovery.DiscoveryClient    : Application is null : false
2026-07-03T14:08:36.776+05:30  INFO 18336 --- [notification-service] [reshExecutor-%d] com.netflix.discovery.DiscoveryClient    : Registered Applications size is zero : true
2026-07-03T14:08:36.778+05:30  INFO 18336 --- [notification-service] [reshExecutor-%d] com.netflix.discovery.DiscoveryClient    : Application version is -1: false
2026-07-03T14:08:36.780+05:30  INFO 18336 --- [notification-service] [reshExecutor-%d] com.netflix.discovery.DiscoveryClient    : Getting all instance registry info from the eureka server
2026-07-03T14:08:36.831+05:30  INFO 18336 --- [notification-service] [reshExecutor-%d] com.netflix.discovery.DiscoveryClient    : The response status is 200
2026-07-03T14:10:05.809+05:30  INFO 18336 --- [notification-service] [nio-8088-exec-6] o.a.c.c.C.[Tomcat].[localhost].[/]       : Initializing Spring DispatcherServlet 'dispatcherServlet'
2026-07-03T14:10:05.872+05:30  INFO 18336 --- [notification-service] [nio-8088-exec-6] o.s.web.servlet.DispatcherServlet        : Initializing Servlet 'dispatcherServlet'
2026-07-03T14:10:05.952+05:30  INFO 18336 --- [notification-service] [nio-8088-exec-6] o.s.web.servlet.DispatcherServlet        : Completed initialization in 79 ms
2026-07-03T14:12:51.964+05:30  INFO 18336 --- [notification-service] [rap-executor-%d] c.n.d.s.r.aws.ConfigClusterResolver      : Resolving eureka endpoints via configuration
2026-07-03T14:17:52.016+05:30  INFO 18336 --- [notification-service] [rap-executor-%d] c.n.d.s.r.aws.ConfigClusterResolver      : Resolving eureka endpoints via configuration
2026-07-03T14:31:47.917+05:30  INFO 18336 --- [notification-service] [rap-executor-%d] c.n.d.s.r.aws.ConfigClusterResolver      : Resolving eureka endpoints via configuration
2026-07-03T14:36:47.968+05:30  INFO 18336 --- [notification-service] [rap-executor-%d] c.n.d.s.r.aws.ConfigClusterResolver      : Resolving eureka endpoints via configuration
