[INFO] Scanning for projects...
[INFO] 
[INFO] ------------------< com.stockbadshah:scanner-service >------------------
[INFO] Building scanner-service 0.0.1-SNAPSHOT
[INFO]   from pom.xml
[INFO] --------------------------------[ jar ]---------------------------------
[INFO] 
[INFO] >>> spring-boot:4.0.6:run (default-cli) > test-compile @ scanner-service >>>
[INFO] 
[INFO] --- resources:3.3.1:resources (default-resources) @ scanner-service ---
[INFO] Copying 1 resource from src\main\resources to target\classes
[INFO] Copying 0 resource from src\main\resources to target\classes
[INFO] 
[INFO] --- compiler:3.14.1:compile (default-compile) @ scanner-service ---
[INFO] Nothing to compile - all classes are up to date.
[INFO] 
[INFO] --- resources:3.3.1:testResources (default-testResources) @ scanner-service ---
[INFO] skip non existing resourceDirectory D:\StockMarketBadsaha\backend\scanner-service\src\test\resources
[INFO] 
[INFO] --- compiler:3.14.1:testCompile (default-testCompile) @ scanner-service ---
[INFO] Nothing to compile - all classes are up to date.
[INFO] 
[INFO] <<< spring-boot:4.0.6:run (default-cli) < test-compile @ scanner-service <<<
[INFO] 
[INFO] 
[INFO] --- spring-boot:4.0.6:run (default-cli) @ scanner-service ---
[INFO] Attaching agents: []
Picked up JAVA_TOOL_OPTIONS: -Xms64m -Xmx256m -XX:MaxMetaspaceSize=192m

  .   ____          _            __ _ _
 /\\ / ___'_ __ _ _(_)_ __  __ _ \ \ \ \
( ( )\___ | '_ | '_| | '_ \/ _` | \ \ \ \
 \\/  ___)| |_)| | | | | || (_| |  ) ) ) )
  '  |____| .__|_| |_|_| |_\__, | / / / /
 =========|_|==============|___/=/_/_/_/

 :: Spring Boot ::                (v4.0.6)

2026-07-03T14:07:35.268+05:30  INFO 10224 --- [scanner-service] [           main] c.s.s.ScannerServiceApplication          : Starting ScannerServiceApplication using Java 25 with PID 10224 (D:\StockMarketBadsaha\backend\scanner-service\target\classes started by irfan in D:\StockMarketBadsaha\backend\scanner-service)
2026-07-03T14:07:35.392+05:30  INFO 10224 --- [scanner-service] [           main] c.s.s.ScannerServiceApplication          : No active profile set, falling back to 1 default profile: "default"
2026-07-03T14:07:42.782+05:30  INFO 10224 --- [scanner-service] [           main] o.s.cloud.context.scope.GenericScope     : BeanFactory id=35c9ec96-e282-36e2-9770-2a56893fc5d5
2026-07-03T14:07:44.616+05:30  INFO 10224 --- [scanner-service] [           main] o.s.boot.tomcat.TomcatWebServer          : Tomcat initialized with port 8083 (http)
2026-07-03T14:07:44.669+05:30  INFO 10224 --- [scanner-service] [           main] o.apache.catalina.core.StandardService   : Starting service [Tomcat]
2026-07-03T14:07:44.671+05:30  INFO 10224 --- [scanner-service] [           main] o.apache.catalina.core.StandardEngine    : Starting Servlet engine: [Apache Tomcat/11.0.21]
2026-07-03T14:07:45.425+05:30  INFO 10224 --- [scanner-service] [           main] b.w.c.s.WebApplicationContextInitializer : Root WebApplicationContext: initialization completed in 9273 ms
2026-07-03T14:07:50.377+05:30  INFO 10224 --- [scanner-service] [           main] DiscoveryClientOptionalArgsConfiguration : Eureka HTTP Client uses RestClient.
2026-07-03T14:07:50.569+05:30  WARN 10224 --- [scanner-service] [           main] iguration$LoadBalancerCaffeineWarnLogger : Spring Cloud LoadBalancer is currently working with the default cache. While this cache implementation is useful for development and tests, it's recommended to use Caffeine cache in production.You can switch to using Caffeine cache, by adding it and org.springframework.cache.caffeine.CaffeineCacheManager to the classpath.
2026-07-03T14:07:50.673+05:30  INFO 10224 --- [scanner-service] [           main] o.s.b.a.e.web.EndpointLinksResolver      : Exposing 1 endpoint beneath base path '/actuator'
2026-07-03T14:07:50.891+05:30  INFO 10224 --- [scanner-service] [           main] o.s.c.n.eureka.InstanceInfoFactory       : Setting initial instance status as: STARTING
2026-07-03T14:07:51.158+05:30  INFO 10224 --- [scanner-service] [           main] com.netflix.discovery.DiscoveryClient    : Initializing Eureka in region us-east-1
2026-07-03T14:07:51.171+05:30  INFO 10224 --- [scanner-service] [           main] c.n.d.s.r.aws.ConfigClusterResolver      : Resolving eureka endpoints via configuration
2026-07-03T14:07:51.197+05:30  INFO 10224 --- [scanner-service] [           main] com.netflix.discovery.DiscoveryClient    : Disable delta property : false
2026-07-03T14:07:51.198+05:30  INFO 10224 --- [scanner-service] [           main] com.netflix.discovery.DiscoveryClient    : Single vip registry refresh property : null
2026-07-03T14:07:51.199+05:30  INFO 10224 --- [scanner-service] [           main] com.netflix.discovery.DiscoveryClient    : Force full registry fetch : false
2026-07-03T14:07:51.202+05:30  INFO 10224 --- [scanner-service] [           main] com.netflix.discovery.DiscoveryClient    : Application is null : false
2026-07-03T14:07:51.205+05:30  INFO 10224 --- [scanner-service] [           main] com.netflix.discovery.DiscoveryClient    : Registered Applications size is zero : true
2026-07-03T14:07:51.208+05:30  INFO 10224 --- [scanner-service] [           main] com.netflix.discovery.DiscoveryClient    : Application version is -1: true
2026-07-03T14:07:51.209+05:30  INFO 10224 --- [scanner-service] [           main] com.netflix.discovery.DiscoveryClient    : Getting all instance registry info from the eureka server
2026-07-03T14:08:06.480+05:30  INFO 10224 --- [scanner-service] [           main] com.netflix.discovery.DiscoveryClient    : The response status is 200
2026-07-03T14:08:06.559+05:30  INFO 10224 --- [scanner-service] [           main] com.netflix.discovery.DiscoveryClient    : Starting heartbeat executor: renew interval is: 30
2026-07-03T14:08:06.564+05:30  INFO 10224 --- [scanner-service] [           main] c.n.discovery.InstanceInfoReplicator     : InstanceInfoReplicator onDemand update allowed rate per min is 4
2026-07-03T14:08:06.571+05:30  INFO 10224 --- [scanner-service] [           main] com.netflix.discovery.DiscoveryClient    : Discovery Client initialized at timestamp 1783067886568 with initial instances count: 0
2026-07-03T14:08:06.578+05:30  INFO 10224 --- [scanner-service] [           main] o.s.c.n.e.s.EurekaServiceRegistry        : Registering application SCANNER-SERVICE with eureka with status UP
2026-07-03T14:08:06.580+05:30  INFO 10224 --- [scanner-service] [           main] com.netflix.discovery.DiscoveryClient    : Saw local status change event StatusChangeEvent [timestamp=1783067886580, current=UP, previous=STARTING]
2026-07-03T14:08:06.588+05:30  INFO 10224 --- [scanner-service] [foReplicator-%d] com.netflix.discovery.DiscoveryClient    : DiscoveryClient_SCANNER-SERVICE/DESKTOP-TAPHLMF:scanner-service:8083: registering service...
2026-07-03T14:08:07.095+05:30  INFO 10224 --- [scanner-service] [           main] o.s.boot.tomcat.TomcatWebServer          : Tomcat started on port 8083 (http) with context path '/'
2026-07-03T14:08:07.168+05:30  INFO 10224 --- [scanner-service] [           main] .s.c.n.e.s.EurekaAutoServiceRegistration : Updating port to 8083
2026-07-03T14:08:07.248+05:30  INFO 10224 --- [scanner-service] [           main] c.s.s.ScannerServiceApplication          : Started ScannerServiceApplication in 36.742 seconds (process running for 50.25)
2026-07-03T14:08:09.160+05:30  INFO 10224 --- [scanner-service] [foReplicator-%d] com.netflix.discovery.DiscoveryClient    : DiscoveryClient_SCANNER-SERVICE/DESKTOP-TAPHLMF:scanner-service:8083 - registration status: 204
2026-07-03T14:08:36.587+05:30  INFO 10224 --- [scanner-service] [reshExecutor-%d] com.netflix.discovery.DiscoveryClient    : Disable delta property : false
2026-07-03T14:08:36.590+05:30  INFO 10224 --- [scanner-service] [reshExecutor-%d] com.netflix.discovery.DiscoveryClient    : Single vip registry refresh property : null
2026-07-03T14:08:36.593+05:30  INFO 10224 --- [scanner-service] [reshExecutor-%d] com.netflix.discovery.DiscoveryClient    : Force full registry fetch : false
2026-07-03T14:08:36.594+05:30  INFO 10224 --- [scanner-service] [reshExecutor-%d] com.netflix.discovery.DiscoveryClient    : Application is null : false
2026-07-03T14:08:36.600+05:30  INFO 10224 --- [scanner-service] [reshExecutor-%d] com.netflix.discovery.DiscoveryClient    : Registered Applications size is zero : true
2026-07-03T14:08:36.602+05:30  INFO 10224 --- [scanner-service] [reshExecutor-%d] com.netflix.discovery.DiscoveryClient    : Application version is -1: false
2026-07-03T14:08:36.604+05:30  INFO 10224 --- [scanner-service] [reshExecutor-%d] com.netflix.discovery.DiscoveryClient    : Getting all instance registry info from the eureka server
2026-07-03T14:08:36.664+05:30  INFO 10224 --- [scanner-service] [reshExecutor-%d] com.netflix.discovery.DiscoveryClient    : The response status is 200
2026-07-03T14:10:00.820+05:30  INFO 10224 --- [scanner-service] [nio-8083-exec-1] o.a.c.c.C.[Tomcat].[localhost].[/]       : Initializing Spring DispatcherServlet 'dispatcherServlet'
2026-07-03T14:10:00.980+05:30  INFO 10224 --- [scanner-service] [nio-8083-exec-1] o.s.web.servlet.DispatcherServlet        : Initializing Servlet 'dispatcherServlet'
2026-07-03T14:10:01.007+05:30  INFO 10224 --- [scanner-service] [nio-8083-exec-1] o.s.web.servlet.DispatcherServlet        : Completed initialization in 21 ms
2026-07-03T14:12:51.265+05:30  INFO 10224 --- [scanner-service] [rap-executor-%d] c.n.d.s.r.aws.ConfigClusterResolver      : Resolving eureka endpoints via configuration
2026-07-03T14:17:51.399+05:30  INFO 10224 --- [scanner-service] [rap-executor-%d] c.n.d.s.r.aws.ConfigClusterResolver      : Resolving eureka endpoints via configuration
2026-07-03T14:31:47.170+05:30  INFO 10224 --- [scanner-service] [rap-executor-%d] c.n.d.s.r.aws.ConfigClusterResolver      : Resolving eureka endpoints via configuration
2026-07-03T14:36:47.271+05:30  INFO 10224 --- [scanner-service] [rap-executor-%d] c.n.d.s.r.aws.ConfigClusterResolver      : Resolving eureka endpoints via configuration
