[INFO] Scanning for projects...
[INFO] 
[INFO] -----------------< com.stockbadshah:strategy-service >------------------
[INFO] Building strategy-service 0.0.1-SNAPSHOT
[INFO]   from pom.xml
[INFO] --------------------------------[ jar ]---------------------------------
[INFO] 
[INFO] >>> spring-boot:4.0.6:run (default-cli) > test-compile @ strategy-service >>>
[INFO] 
[INFO] --- resources:3.3.1:resources (default-resources) @ strategy-service ---
[INFO] Copying 1 resource from src\main\resources to target\classes
[INFO] Copying 0 resource from src\main\resources to target\classes
[INFO] 
[INFO] --- compiler:3.14.1:compile (default-compile) @ strategy-service ---
[INFO] Nothing to compile - all classes are up to date.
[INFO] 
[INFO] --- resources:3.3.1:testResources (default-testResources) @ strategy-service ---
[INFO] skip non existing resourceDirectory D:\StockMarketBadsaha\backend\strategy-service\src\test\resources
[INFO] 
[INFO] --- compiler:3.14.1:testCompile (default-testCompile) @ strategy-service ---
[INFO] Nothing to compile - all classes are up to date.
[INFO] 
[INFO] <<< spring-boot:4.0.6:run (default-cli) < test-compile @ strategy-service <<<
[INFO] 
[INFO] 
[INFO] --- spring-boot:4.0.6:run (default-cli) @ strategy-service ---
[INFO] Attaching agents: []
Picked up JAVA_TOOL_OPTIONS: -Xms64m -Xmx256m -XX:MaxMetaspaceSize=192m

  .   ____          _            __ _ _
 /\\ / ___'_ __ _ _(_)_ __  __ _ \ \ \ \
( ( )\___ | '_ | '_| | '_ \/ _` | \ \ \ \
 \\/  ___)| |_)| | | | | || (_| |  ) ) ) )
  '  |____| .__|_| |_|_| |_\__, | / / / /
 =========|_|==============|___/=/_/_/_/

 :: Spring Boot ::                (v4.0.6)

2026-07-03T14:07:35.265+05:30  INFO 23524 --- [strategy-service] [           main] c.s.s.StrategyServiceApplication         : Starting StrategyServiceApplication using Java 25 with PID 23524 (D:\StockMarketBadsaha\backend\strategy-service\target\classes started by irfan in D:\StockMarketBadsaha\backend\strategy-service)
2026-07-03T14:07:35.400+05:30  INFO 23524 --- [strategy-service] [           main] c.s.s.StrategyServiceApplication         : No active profile set, falling back to 1 default profile: "default"
2026-07-03T14:07:42.555+05:30  INFO 23524 --- [strategy-service] [           main] o.s.cloud.context.scope.GenericScope     : BeanFactory id=8c866967-7623-3e14-b4c0-2d967147d1cb
2026-07-03T14:07:44.613+05:30  INFO 23524 --- [strategy-service] [           main] o.s.boot.tomcat.TomcatWebServer          : Tomcat initialized with port 8085 (http)
2026-07-03T14:07:44.650+05:30  INFO 23524 --- [strategy-service] [           main] o.apache.catalina.core.StandardService   : Starting service [Tomcat]
2026-07-03T14:07:44.654+05:30  INFO 23524 --- [strategy-service] [           main] o.apache.catalina.core.StandardEngine    : Starting Servlet engine: [Apache Tomcat/11.0.21]
2026-07-03T14:07:45.529+05:30  INFO 23524 --- [strategy-service] [           main] b.w.c.s.WebApplicationContextInitializer : Root WebApplicationContext: initialization completed in 8924 ms
2026-07-03T14:07:50.460+05:30  INFO 23524 --- [strategy-service] [           main] DiscoveryClientOptionalArgsConfiguration : Eureka HTTP Client uses RestClient.
2026-07-03T14:07:50.620+05:30  WARN 23524 --- [strategy-service] [           main] iguration$LoadBalancerCaffeineWarnLogger : Spring Cloud LoadBalancer is currently working with the default cache. While this cache implementation is useful for development and tests, it's recommended to use Caffeine cache in production.You can switch to using Caffeine cache, by adding it and org.springframework.cache.caffeine.CaffeineCacheManager to the classpath.
2026-07-03T14:07:50.681+05:30  INFO 23524 --- [strategy-service] [           main] o.s.b.a.e.web.EndpointLinksResolver      : Exposing 1 endpoint beneath base path '/actuator'
2026-07-03T14:07:50.889+05:30  INFO 23524 --- [strategy-service] [           main] o.s.c.n.eureka.InstanceInfoFactory       : Setting initial instance status as: STARTING
2026-07-03T14:07:51.157+05:30  INFO 23524 --- [strategy-service] [           main] com.netflix.discovery.DiscoveryClient    : Initializing Eureka in region us-east-1
2026-07-03T14:07:51.170+05:30  INFO 23524 --- [strategy-service] [           main] c.n.d.s.r.aws.ConfigClusterResolver      : Resolving eureka endpoints via configuration
2026-07-03T14:07:51.196+05:30  INFO 23524 --- [strategy-service] [           main] com.netflix.discovery.DiscoveryClient    : Disable delta property : false
2026-07-03T14:07:51.197+05:30  INFO 23524 --- [strategy-service] [           main] com.netflix.discovery.DiscoveryClient    : Single vip registry refresh property : null
2026-07-03T14:07:51.199+05:30  INFO 23524 --- [strategy-service] [           main] com.netflix.discovery.DiscoveryClient    : Force full registry fetch : false
2026-07-03T14:07:51.200+05:30  INFO 23524 --- [strategy-service] [           main] com.netflix.discovery.DiscoveryClient    : Application is null : false
2026-07-03T14:07:51.203+05:30  INFO 23524 --- [strategy-service] [           main] com.netflix.discovery.DiscoveryClient    : Registered Applications size is zero : true
2026-07-03T14:07:51.205+05:30  INFO 23524 --- [strategy-service] [           main] com.netflix.discovery.DiscoveryClient    : Application version is -1: true
2026-07-03T14:07:51.207+05:30  INFO 23524 --- [strategy-service] [           main] com.netflix.discovery.DiscoveryClient    : Getting all instance registry info from the eureka server
2026-07-03T14:08:06.520+05:30  INFO 23524 --- [strategy-service] [           main] com.netflix.discovery.DiscoveryClient    : The response status is 200
2026-07-03T14:08:06.600+05:30  INFO 23524 --- [strategy-service] [           main] com.netflix.discovery.DiscoveryClient    : Starting heartbeat executor: renew interval is: 30
2026-07-03T14:08:06.932+05:30  INFO 23524 --- [strategy-service] [           main] c.n.discovery.InstanceInfoReplicator     : InstanceInfoReplicator onDemand update allowed rate per min is 4
2026-07-03T14:08:06.942+05:30  INFO 23524 --- [strategy-service] [           main] com.netflix.discovery.DiscoveryClient    : Discovery Client initialized at timestamp 1783067886939 with initial instances count: 0
2026-07-03T14:08:06.949+05:30  INFO 23524 --- [strategy-service] [           main] o.s.c.n.e.s.EurekaServiceRegistry        : Registering application STRATEGY-SERVICE with eureka with status UP
2026-07-03T14:08:06.955+05:30  INFO 23524 --- [strategy-service] [           main] com.netflix.discovery.DiscoveryClient    : Saw local status change event StatusChangeEvent [timestamp=1783067886955, current=UP, previous=STARTING]
2026-07-03T14:08:06.964+05:30  INFO 23524 --- [strategy-service] [foReplicator-%d] com.netflix.discovery.DiscoveryClient    : DiscoveryClient_STRATEGY-SERVICE/DESKTOP-TAPHLMF:strategy-service:8085: registering service...
2026-07-03T14:08:07.069+05:30  INFO 23524 --- [strategy-service] [           main] o.s.boot.tomcat.TomcatWebServer          : Tomcat started on port 8085 (http) with context path '/'
2026-07-03T14:08:07.162+05:30  INFO 23524 --- [strategy-service] [           main] .s.c.n.e.s.EurekaAutoServiceRegistration : Updating port to 8085
2026-07-03T14:08:07.220+05:30  INFO 23524 --- [strategy-service] [           main] c.s.s.StrategyServiceApplication         : Started StrategyServiceApplication in 36.715 seconds (process running for 50.21)
2026-07-03T14:08:09.160+05:30  INFO 23524 --- [strategy-service] [foReplicator-%d] com.netflix.discovery.DiscoveryClient    : DiscoveryClient_STRATEGY-SERVICE/DESKTOP-TAPHLMF:strategy-service:8085 - registration status: 204
2026-07-03T14:08:36.671+05:30  INFO 23524 --- [strategy-service] [reshExecutor-%d] com.netflix.discovery.DiscoveryClient    : Disable delta property : false
2026-07-03T14:08:36.769+05:30  INFO 23524 --- [strategy-service] [reshExecutor-%d] com.netflix.discovery.DiscoveryClient    : Single vip registry refresh property : null
2026-07-03T14:08:36.772+05:30  INFO 23524 --- [strategy-service] [reshExecutor-%d] com.netflix.discovery.DiscoveryClient    : Force full registry fetch : false
2026-07-03T14:08:36.774+05:30  INFO 23524 --- [strategy-service] [reshExecutor-%d] com.netflix.discovery.DiscoveryClient    : Application is null : false
2026-07-03T14:08:36.779+05:30  INFO 23524 --- [strategy-service] [reshExecutor-%d] com.netflix.discovery.DiscoveryClient    : Registered Applications size is zero : true
2026-07-03T14:08:36.787+05:30  INFO 23524 --- [strategy-service] [reshExecutor-%d] com.netflix.discovery.DiscoveryClient    : Application version is -1: false
2026-07-03T14:08:36.788+05:30  INFO 23524 --- [strategy-service] [reshExecutor-%d] com.netflix.discovery.DiscoveryClient    : Getting all instance registry info from the eureka server
2026-07-03T14:08:36.856+05:30  INFO 23524 --- [strategy-service] [reshExecutor-%d] com.netflix.discovery.DiscoveryClient    : The response status is 200
2026-07-03T14:10:02.154+05:30  INFO 23524 --- [strategy-service] [nio-8085-exec-4] o.a.c.c.C.[Tomcat].[localhost].[/]       : Initializing Spring DispatcherServlet 'dispatcherServlet'
2026-07-03T14:10:02.548+05:30  INFO 23524 --- [strategy-service] [nio-8085-exec-4] o.s.web.servlet.DispatcherServlet        : Initializing Servlet 'dispatcherServlet'
2026-07-03T14:10:02.748+05:30  INFO 23524 --- [strategy-service] [nio-8085-exec-4] o.s.web.servlet.DispatcherServlet        : Completed initialization in 1 ms
2026-07-03T14:12:51.962+05:30  INFO 23524 --- [strategy-service] [rap-executor-%d] c.n.d.s.r.aws.ConfigClusterResolver      : Resolving eureka endpoints via configuration
2026-07-03T14:17:52.010+05:30  INFO 23524 --- [strategy-service] [rap-executor-%d] c.n.d.s.r.aws.ConfigClusterResolver      : Resolving eureka endpoints via configuration
2026-07-03T14:31:47.890+05:30  INFO 23524 --- [strategy-service] [rap-executor-%d] c.n.d.s.r.aws.ConfigClusterResolver      : Resolving eureka endpoints via configuration
2026-07-03T14:36:47.921+05:30  INFO 23524 --- [strategy-service] [rap-executor-%d] c.n.d.s.r.aws.ConfigClusterResolver      : Resolving eureka endpoints via configuration
