[INFO] Scanning for projects...
[INFO] 
[INFO] -------------------< com.stockbadshah:user-service >--------------------
[INFO] Building user-service 0.0.1-SNAPSHOT
[INFO]   from pom.xml
[INFO] --------------------------------[ jar ]---------------------------------
[INFO] 
[INFO] >>> spring-boot:4.0.6:run (default-cli) > test-compile @ user-service >>>
[INFO] 
[INFO] --- resources:3.3.1:resources (default-resources) @ user-service ---
[INFO] Copying 1 resource from src\main\resources to target\classes
[INFO] Copying 0 resource from src\main\resources to target\classes
[INFO] 
[INFO] --- compiler:3.14.1:compile (default-compile) @ user-service ---
[INFO] Nothing to compile - all classes are up to date.
[INFO] 
[INFO] --- resources:3.3.1:testResources (default-testResources) @ user-service ---
[INFO] skip non existing resourceDirectory D:\StockMarketBadsaha\backend\user-service\src\test\resources
[INFO] 
[INFO] --- compiler:3.14.1:testCompile (default-testCompile) @ user-service ---
[INFO] Nothing to compile - all classes are up to date.
[INFO] 
[INFO] <<< spring-boot:4.0.6:run (default-cli) < test-compile @ user-service <<<
[INFO] 
[INFO] 
[INFO] --- spring-boot:4.0.6:run (default-cli) @ user-service ---
[INFO] Attaching agents: []
Picked up JAVA_TOOL_OPTIONS: -Xms64m -Xmx256m -XX:MaxMetaspaceSize=192m

  .   ____          _            __ _ _
 /\\ / ___'_ __ _ _(_)_ __  __ _ \ \ \ \
( ( )\___ | '_ | '_| | '_ \/ _` | \ \ \ \
 \\/  ___)| |_)| | | | | || (_| |  ) ) ) )
  '  |____| .__|_| |_|_| |_\__, | / / / /
 =========|_|==============|___/=/_/_/_/

 :: Spring Boot ::                (v4.0.6)

2026-07-03T14:07:35.397+05:30  INFO 15684 --- [user-service] [           main] c.s.user_service.UserServiceApplication  : Starting UserServiceApplication using Java 25 with PID 15684 (D:\StockMarketBadsaha\backend\user-service\target\classes started by irfan in D:\StockMarketBadsaha\backend\user-service)
2026-07-03T14:07:35.648+05:30  INFO 15684 --- [user-service] [           main] c.s.user_service.UserServiceApplication  : No active profile set, falling back to 1 default profile: "default"
2026-07-03T14:07:42.555+05:30  INFO 15684 --- [user-service] [           main] o.s.cloud.context.scope.GenericScope     : BeanFactory id=5b3fc193-1803-3463-aa23-8f0484830d0b
2026-07-03T14:07:44.628+05:30  INFO 15684 --- [user-service] [           main] o.s.boot.tomcat.TomcatWebServer          : Tomcat initialized with port 8087 (http)
2026-07-03T14:07:44.669+05:30  INFO 15684 --- [user-service] [           main] o.apache.catalina.core.StandardService   : Starting service [Tomcat]
2026-07-03T14:07:44.671+05:30  INFO 15684 --- [user-service] [           main] o.apache.catalina.core.StandardEngine    : Starting Servlet engine: [Apache Tomcat/11.0.21]
2026-07-03T14:07:45.479+05:30  INFO 15684 --- [user-service] [           main] b.w.c.s.WebApplicationContextInitializer : Root WebApplicationContext: initialization completed in 9277 ms
2026-07-03T14:07:50.654+05:30  INFO 15684 --- [user-service] [           main] DiscoveryClientOptionalArgsConfiguration : Eureka HTTP Client uses RestClient.
2026-07-03T14:07:50.911+05:30  WARN 15684 --- [user-service] [           main] iguration$LoadBalancerCaffeineWarnLogger : Spring Cloud LoadBalancer is currently working with the default cache. While this cache implementation is useful for development and tests, it's recommended to use Caffeine cache in production.You can switch to using Caffeine cache, by adding it and org.springframework.cache.caffeine.CaffeineCacheManager to the classpath.
2026-07-03T14:07:50.931+05:30  INFO 15684 --- [user-service] [           main] o.s.b.a.e.web.EndpointLinksResolver      : Exposing 1 endpoint beneath base path '/actuator'
2026-07-03T14:07:51.052+05:30  INFO 15684 --- [user-service] [           main] o.s.c.n.eureka.InstanceInfoFactory       : Setting initial instance status as: STARTING
2026-07-03T14:07:51.162+05:30  INFO 15684 --- [user-service] [           main] com.netflix.discovery.DiscoveryClient    : Initializing Eureka in region us-east-1
2026-07-03T14:07:51.237+05:30  INFO 15684 --- [user-service] [           main] c.n.d.s.r.aws.ConfigClusterResolver      : Resolving eureka endpoints via configuration
2026-07-03T14:07:51.258+05:30  INFO 15684 --- [user-service] [           main] com.netflix.discovery.DiscoveryClient    : Disable delta property : false
2026-07-03T14:07:51.262+05:30  INFO 15684 --- [user-service] [           main] com.netflix.discovery.DiscoveryClient    : Single vip registry refresh property : null
2026-07-03T14:07:51.265+05:30  INFO 15684 --- [user-service] [           main] com.netflix.discovery.DiscoveryClient    : Force full registry fetch : false
2026-07-03T14:07:51.268+05:30  INFO 15684 --- [user-service] [           main] com.netflix.discovery.DiscoveryClient    : Application is null : false
2026-07-03T14:07:51.273+05:30  INFO 15684 --- [user-service] [           main] com.netflix.discovery.DiscoveryClient    : Registered Applications size is zero : true
2026-07-03T14:07:51.278+05:30  INFO 15684 --- [user-service] [           main] com.netflix.discovery.DiscoveryClient    : Application version is -1: true
2026-07-03T14:07:51.280+05:30  INFO 15684 --- [user-service] [           main] com.netflix.discovery.DiscoveryClient    : Getting all instance registry info from the eureka server
2026-07-03T14:08:06.530+05:30  INFO 15684 --- [user-service] [           main] com.netflix.discovery.DiscoveryClient    : The response status is 200
2026-07-03T14:08:06.933+05:30  INFO 15684 --- [user-service] [           main] com.netflix.discovery.DiscoveryClient    : Starting heartbeat executor: renew interval is: 30
2026-07-03T14:08:06.944+05:30  INFO 15684 --- [user-service] [           main] c.n.discovery.InstanceInfoReplicator     : InstanceInfoReplicator onDemand update allowed rate per min is 4
2026-07-03T14:08:06.949+05:30  INFO 15684 --- [user-service] [           main] com.netflix.discovery.DiscoveryClient    : Discovery Client initialized at timestamp 1783067886947 with initial instances count: 0
2026-07-03T14:08:06.958+05:30  INFO 15684 --- [user-service] [           main] o.s.c.n.e.s.EurekaServiceRegistry        : Registering application USER-SERVICE with eureka with status UP
2026-07-03T14:08:06.962+05:30  INFO 15684 --- [user-service] [           main] com.netflix.discovery.DiscoveryClient    : Saw local status change event StatusChangeEvent [timestamp=1783067886961, current=UP, previous=STARTING]
2026-07-03T14:08:06.967+05:30  INFO 15684 --- [user-service] [foReplicator-%d] com.netflix.discovery.DiscoveryClient    : DiscoveryClient_USER-SERVICE/DESKTOP-TAPHLMF:user-service:8087: registering service...
2026-07-03T14:08:07.087+05:30  INFO 15684 --- [user-service] [           main] o.s.boot.tomcat.TomcatWebServer          : Tomcat started on port 8087 (http) with context path '/'
2026-07-03T14:08:07.162+05:30  INFO 15684 --- [user-service] [           main] .s.c.n.e.s.EurekaAutoServiceRegistration : Updating port to 8087
2026-07-03T14:08:07.228+05:30  INFO 15684 --- [user-service] [           main] c.s.user_service.UserServiceApplication  : Started UserServiceApplication in 36.724 seconds (process running for 50.219)
2026-07-03T14:08:09.160+05:30  INFO 15684 --- [user-service] [foReplicator-%d] com.netflix.discovery.DiscoveryClient    : DiscoveryClient_USER-SERVICE/DESKTOP-TAPHLMF:user-service:8087 - registration status: 204
2026-07-03T14:08:36.939+05:30  INFO 15684 --- [user-service] [reshExecutor-%d] com.netflix.discovery.DiscoveryClient    : Disable delta property : false
2026-07-03T14:08:36.957+05:30  INFO 15684 --- [user-service] [reshExecutor-%d] com.netflix.discovery.DiscoveryClient    : Single vip registry refresh property : null
2026-07-03T14:08:36.958+05:30  INFO 15684 --- [user-service] [reshExecutor-%d] com.netflix.discovery.DiscoveryClient    : Force full registry fetch : false
2026-07-03T14:08:36.960+05:30  INFO 15684 --- [user-service] [reshExecutor-%d] com.netflix.discovery.DiscoveryClient    : Application is null : false
2026-07-03T14:08:36.962+05:30  INFO 15684 --- [user-service] [reshExecutor-%d] com.netflix.discovery.DiscoveryClient    : Registered Applications size is zero : true
2026-07-03T14:08:36.963+05:30  INFO 15684 --- [user-service] [reshExecutor-%d] com.netflix.discovery.DiscoveryClient    : Application version is -1: false
2026-07-03T14:08:36.965+05:30  INFO 15684 --- [user-service] [reshExecutor-%d] com.netflix.discovery.DiscoveryClient    : Getting all instance registry info from the eureka server
2026-07-03T14:08:37.014+05:30  INFO 15684 --- [user-service] [reshExecutor-%d] com.netflix.discovery.DiscoveryClient    : The response status is 200
2026-07-03T14:10:04.274+05:30  INFO 15684 --- [user-service] [nio-8087-exec-1] o.a.c.c.C.[Tomcat].[localhost].[/]       : Initializing Spring DispatcherServlet 'dispatcherServlet'
2026-07-03T14:10:04.875+05:30  INFO 15684 --- [user-service] [nio-8087-exec-1] o.s.web.servlet.DispatcherServlet        : Initializing Servlet 'dispatcherServlet'
2026-07-03T14:10:05.392+05:30  INFO 15684 --- [user-service] [nio-8087-exec-1] o.s.web.servlet.DispatcherServlet        : Completed initialization in 31 ms
2026-07-03T14:12:51.964+05:30  INFO 15684 --- [user-service] [rap-executor-%d] c.n.d.s.r.aws.ConfigClusterResolver      : Resolving eureka endpoints via configuration
2026-07-03T14:17:52.013+05:30  INFO 15684 --- [user-service] [rap-executor-%d] c.n.d.s.r.aws.ConfigClusterResolver      : Resolving eureka endpoints via configuration
2026-07-03T14:31:47.895+05:30  INFO 15684 --- [user-service] [rap-executor-%d] c.n.d.s.r.aws.ConfigClusterResolver      : Resolving eureka endpoints via configuration
2026-07-03T14:36:47.952+05:30  INFO 15684 --- [user-service] [rap-executor-%d] c.n.d.s.r.aws.ConfigClusterResolver      : Resolving eureka endpoints via configuration
