[INFO] Scanning for projects...
[INFO] 
[INFO] -----------------< com.stockbadshah:indicator-service >-----------------
[INFO] Building indicator-service 0.0.1-SNAPSHOT
[INFO]   from pom.xml
[INFO] --------------------------------[ jar ]---------------------------------
[INFO] 
[INFO] >>> spring-boot:4.0.6:run (default-cli) > test-compile @ indicator-service >>>
[INFO] 
[INFO] --- resources:3.3.1:resources (default-resources) @ indicator-service ---
[INFO] Copying 1 resource from src\main\resources to target\classes
[INFO] Copying 0 resource from src\main\resources to target\classes
[INFO] 
[INFO] --- compiler:3.14.1:compile (default-compile) @ indicator-service ---
[INFO] Nothing to compile - all classes are up to date.
[INFO] 
[INFO] --- resources:3.3.1:testResources (default-testResources) @ indicator-service ---
[INFO] skip non existing resourceDirectory D:\StockMarketBadsaha\backend\indicator-service\src\test\resources
[INFO] 
[INFO] --- compiler:3.14.1:testCompile (default-testCompile) @ indicator-service ---
[INFO] Nothing to compile - all classes are up to date.
[INFO] 
[INFO] <<< spring-boot:4.0.6:run (default-cli) < test-compile @ indicator-service <<<
[INFO] 
[INFO] 
[INFO] --- spring-boot:4.0.6:run (default-cli) @ indicator-service ---
[INFO] Attaching agents: []

  .   ____          _            __ _ _
 /\\ / ___'_ __ _ _(_)_ __  __ _ \ \ \ \
( ( )\___ | '_ | '_| | '_ \/ _` | \ \ \ \
 \\/  ___)| |_)| | | | | || (_| |  ) ) ) )
  '  |____| .__|_| |_|_| |_\__, | / / / /
 =========|_|==============|___/=/_/_/_/

 :: Spring Boot ::                (v4.0.6)

2026-06-08T14:36:27.111+05:30  INFO 11196 --- [indicator-service] [           main] c.s.i.IndicatorServiceApplication        : Starting IndicatorServiceApplication using Java 21.0.7 with PID 11196 (D:\StockMarketBadsaha\backend\indicator-service\target\classes started by irfan in D:\StockMarketBadsaha\backend\indicator-service)
2026-06-08T14:36:27.156+05:30  INFO 11196 --- [indicator-service] [           main] c.s.i.IndicatorServiceApplication        : No active profile set, falling back to 1 default profile: "default"
2026-06-08T14:36:32.948+05:30  INFO 11196 --- [indicator-service] [           main] o.s.cloud.context.scope.GenericScope     : BeanFactory id=54b084e5-f6e2-3257-b1f7-4bb27cf6cc9e
2026-06-08T14:36:35.083+05:30  INFO 11196 --- [indicator-service] [           main] o.s.boot.tomcat.TomcatWebServer          : Tomcat initialized with port 8082 (http)
2026-06-08T14:36:35.114+05:30  INFO 11196 --- [indicator-service] [           main] o.apache.catalina.core.StandardService   : Starting service [Tomcat]
2026-06-08T14:36:35.116+05:30  INFO 11196 --- [indicator-service] [           main] o.apache.catalina.core.StandardEngine    : Starting Servlet engine: [Apache Tomcat/11.0.21]
2026-06-08T14:36:35.333+05:30  INFO 11196 --- [indicator-service] [           main] b.w.c.s.WebApplicationContextInitializer : Root WebApplicationContext: initialization completed in 7899 ms
2026-06-08T14:36:42.361+05:30  INFO 11196 --- [indicator-service] [           main] DiscoveryClientOptionalArgsConfiguration : Eureka HTTP Client uses RestClient.
2026-06-08T14:36:42.532+05:30  WARN 11196 --- [indicator-service] [           main] iguration$LoadBalancerCaffeineWarnLogger : Spring Cloud LoadBalancer is currently working with the default cache. While this cache implementation is useful for development and tests, it's recommended to use Caffeine cache in production.You can switch to using Caffeine cache, by adding it and org.springframework.cache.caffeine.CaffeineCacheManager to the classpath.
2026-06-08T14:36:42.550+05:30  INFO 11196 --- [indicator-service] [           main] o.s.b.a.e.web.EndpointLinksResolver      : Exposing 1 endpoint beneath base path '/actuator'
2026-06-08T14:36:42.717+05:30  INFO 11196 --- [indicator-service] [           main] o.s.c.n.eureka.InstanceInfoFactory       : Setting initial instance status as: STARTING
2026-06-08T14:36:42.800+05:30  INFO 11196 --- [indicator-service] [           main] com.netflix.discovery.DiscoveryClient    : Initializing Eureka in region us-east-1
2026-06-08T14:36:42.818+05:30  INFO 11196 --- [indicator-service] [           main] c.n.d.s.r.aws.ConfigClusterResolver      : Resolving eureka endpoints via configuration
2026-06-08T14:36:42.846+05:30  INFO 11196 --- [indicator-service] [           main] com.netflix.discovery.DiscoveryClient    : Disable delta property : false
2026-06-08T14:36:42.848+05:30  INFO 11196 --- [indicator-service] [           main] com.netflix.discovery.DiscoveryClient    : Single vip registry refresh property : null
2026-06-08T14:36:42.850+05:30  INFO 11196 --- [indicator-service] [           main] com.netflix.discovery.DiscoveryClient    : Force full registry fetch : false
2026-06-08T14:36:42.851+05:30  INFO 11196 --- [indicator-service] [           main] com.netflix.discovery.DiscoveryClient    : Application is null : false
2026-06-08T14:36:42.852+05:30  INFO 11196 --- [indicator-service] [           main] com.netflix.discovery.DiscoveryClient    : Registered Applications size is zero : true
2026-06-08T14:36:42.854+05:30  INFO 11196 --- [indicator-service] [           main] com.netflix.discovery.DiscoveryClient    : Application version is -1: true
2026-06-08T14:36:42.855+05:30  INFO 11196 --- [indicator-service] [           main] com.netflix.discovery.DiscoveryClient    : Getting all instance registry info from the eureka server
2026-06-08T14:36:44.490+05:30  INFO 11196 --- [indicator-service] [           main] com.netflix.discovery.DiscoveryClient    : The response status is 200
2026-06-08T14:36:44.496+05:30  INFO 11196 --- [indicator-service] [           main] com.netflix.discovery.DiscoveryClient    : Starting heartbeat executor: renew interval is: 30
2026-06-08T14:36:44.501+05:30  INFO 11196 --- [indicator-service] [           main] c.n.discovery.InstanceInfoReplicator     : InstanceInfoReplicator onDemand update allowed rate per min is 4
2026-06-08T14:36:44.506+05:30  INFO 11196 --- [indicator-service] [           main] com.netflix.discovery.DiscoveryClient    : Discovery Client initialized at timestamp 1780909604504 with initial instances count: 0
2026-06-08T14:36:44.515+05:30  INFO 11196 --- [indicator-service] [           main] o.s.c.n.e.s.EurekaServiceRegistry        : Registering application INDICATOR-SERVICE with eureka with status UP
2026-06-08T14:36:44.517+05:30  INFO 11196 --- [indicator-service] [           main] com.netflix.discovery.DiscoveryClient    : Saw local status change event StatusChangeEvent [timestamp=1780909604517, current=UP, previous=STARTING]
2026-06-08T14:36:44.527+05:30  INFO 11196 --- [indicator-service] [foReplicator-%d] com.netflix.discovery.DiscoveryClient    : DiscoveryClient_INDICATOR-SERVICE/DESKTOP-TAPHLMF:indicator-service:8082: registering service...
2026-06-08T14:36:44.790+05:30  INFO 11196 --- [indicator-service] [           main] o.s.boot.tomcat.TomcatWebServer          : Tomcat started on port 8082 (http) with context path '/'
2026-06-08T14:36:44.794+05:30  INFO 11196 --- [indicator-service] [           main] .s.c.n.e.s.EurekaAutoServiceRegistration : Updating port to 8082
2026-06-08T14:36:44.834+05:30  INFO 11196 --- [indicator-service] [           main] c.s.i.IndicatorServiceApplication        : Started IndicatorServiceApplication in 22.348 seconds (process running for 25.53)
2026-06-08T14:36:47.170+05:30  INFO 11196 --- [indicator-service] [foReplicator-%d] com.netflix.discovery.DiscoveryClient    : DiscoveryClient_INDICATOR-SERVICE/DESKTOP-TAPHLMF:indicator-service:8082 - registration status: 204
2026-06-08T14:37:14.501+05:30  INFO 11196 --- [indicator-service] [reshExecutor-%d] com.netflix.discovery.DiscoveryClient    : Disable delta property : false
2026-06-08T14:37:14.568+05:30  INFO 11196 --- [indicator-service] [reshExecutor-%d] com.netflix.discovery.DiscoveryClient    : Single vip registry refresh property : null
2026-06-08T14:37:14.569+05:30  INFO 11196 --- [indicator-service] [reshExecutor-%d] com.netflix.discovery.DiscoveryClient    : Force full registry fetch : false
2026-06-08T14:37:14.570+05:30  INFO 11196 --- [indicator-service] [reshExecutor-%d] com.netflix.discovery.DiscoveryClient    : Application is null : false
2026-06-08T14:37:14.571+05:30  INFO 11196 --- [indicator-service] [reshExecutor-%d] com.netflix.discovery.DiscoveryClient    : Registered Applications size is zero : true
2026-06-08T14:37:14.573+05:30  INFO 11196 --- [indicator-service] [reshExecutor-%d] com.netflix.discovery.DiscoveryClient    : Application version is -1: false
2026-06-08T14:37:14.574+05:30  INFO 11196 --- [indicator-service] [reshExecutor-%d] com.netflix.discovery.DiscoveryClient    : Getting all instance registry info from the eureka server
2026-06-08T14:37:14.617+05:30  INFO 11196 --- [indicator-service] [reshExecutor-%d] com.netflix.discovery.DiscoveryClient    : The response status is 200
2026-06-08T14:37:56.397+05:30  INFO 11196 --- [indicator-service] [io-8082-exec-10] o.a.c.c.C.[Tomcat].[localhost].[/]       : Initializing Spring DispatcherServlet 'dispatcherServlet'
2026-06-08T14:37:56.398+05:30  INFO 11196 --- [indicator-service] [io-8082-exec-10] o.s.web.servlet.DispatcherServlet        : Initializing Servlet 'dispatcherServlet'
2026-06-08T14:37:56.415+05:30  INFO 11196 --- [indicator-service] [io-8082-exec-10] o.s.web.servlet.DispatcherServlet        : Completed initialization in 16 ms
2026-06-08T14:41:42.874+05:30  INFO 11196 --- [indicator-service] [rap-executor-%d] c.n.d.s.r.aws.ConfigClusterResolver      : Resolving eureka endpoints via configuration
2026-06-08T14:46:42.894+05:30  INFO 11196 --- [indicator-service] [rap-executor-%d] c.n.d.s.r.aws.ConfigClusterResolver      : Resolving eureka endpoints via configuration
2026-06-08T14:51:42.981+05:30  INFO 11196 --- [indicator-service] [rap-executor-%d] c.n.d.s.r.aws.ConfigClusterResolver      : Resolving eureka endpoints via configuration
2026-06-08T14:56:43.001+05:30  INFO 11196 --- [indicator-service] [rap-executor-%d] c.n.d.s.r.aws.ConfigClusterResolver      : Resolving eureka endpoints via configuration
2026-06-08T15:01:43.017+05:30  INFO 11196 --- [indicator-service] [rap-executor-%d] c.n.d.s.r.aws.ConfigClusterResolver      : Resolving eureka endpoints via configuration
2026-06-08T15:06:43.035+05:30  INFO 11196 --- [indicator-service] [rap-executor-%d] c.n.d.s.r.aws.ConfigClusterResolver      : Resolving eureka endpoints via configuration
2026-06-08T15:11:43.075+05:30  INFO 11196 --- [indicator-service] [rap-executor-%d] c.n.d.s.r.aws.ConfigClusterResolver      : Resolving eureka endpoints via configuration
2026-06-08T15:16:43.419+05:30  INFO 11196 --- [indicator-service] [rap-executor-%d] c.n.d.s.r.aws.ConfigClusterResolver      : Resolving eureka endpoints via configuration
2026-06-08T15:21:43.428+05:30  INFO 11196 --- [indicator-service] [rap-executor-%d] c.n.d.s.r.aws.ConfigClusterResolver      : Resolving eureka endpoints via configuration
2026-06-08T15:26:43.456+05:30  INFO 11196 --- [indicator-service] [rap-executor-%d] c.n.d.s.r.aws.ConfigClusterResolver      : Resolving eureka endpoints via configuration
2026-06-08T15:31:43.471+05:30  INFO 11196 --- [indicator-service] [rap-executor-%d] c.n.d.s.r.aws.ConfigClusterResolver      : Resolving eureka endpoints via configuration
2026-06-08T15:36:43.483+05:30  INFO 11196 --- [indicator-service] [rap-executor-%d] c.n.d.s.r.aws.ConfigClusterResolver      : Resolving eureka endpoints via configuration
2026-06-08T15:41:43.500+05:30  INFO 11196 --- [indicator-service] [rap-executor-%d] c.n.d.s.r.aws.ConfigClusterResolver      : Resolving eureka endpoints via configuration
2026-06-08T15:46:43.512+05:30  INFO 11196 --- [indicator-service] [rap-executor-%d] c.n.d.s.r.aws.ConfigClusterResolver      : Resolving eureka endpoints via configuration
2026-06-08T15:51:43.546+05:30  INFO 11196 --- [indicator-service] [rap-executor-%d] c.n.d.s.r.aws.ConfigClusterResolver      : Resolving eureka endpoints via configuration
2026-06-08T15:56:43.580+05:30  INFO 11196 --- [indicator-service] [rap-executor-%d] c.n.d.s.r.aws.ConfigClusterResolver      : Resolving eureka endpoints via configuration
2026-06-08T16:01:43.595+05:30  INFO 11196 --- [indicator-service] [rap-executor-%d] c.n.d.s.r.aws.ConfigClusterResolver      : Resolving eureka endpoints via configuration
2026-06-08T16:06:43.645+05:30  INFO 11196 --- [indicator-service] [rap-executor-%d] c.n.d.s.r.aws.ConfigClusterResolver      : Resolving eureka endpoints via configuration
2026-06-08T16:11:43.662+05:30  INFO 11196 --- [indicator-service] [rap-executor-%d] c.n.d.s.r.aws.ConfigClusterResolver      : Resolving eureka endpoints via configuration
2026-06-08T16:16:43.680+05:30  INFO 11196 --- [indicator-service] [rap-executor-%d] c.n.d.s.r.aws.ConfigClusterResolver      : Resolving eureka endpoints via configuration
2026-06-08T16:21:43.692+05:30  INFO 11196 --- [indicator-service] [rap-executor-%d] c.n.d.s.r.aws.ConfigClusterResolver      : Resolving eureka endpoints via configuration
2026-06-08T16:26:43.694+05:30  INFO 11196 --- [indicator-service] [rap-executor-%d] c.n.d.s.r.aws.ConfigClusterResolver      : Resolving eureka endpoints via configuration
2026-06-08T16:31:43.707+05:30  INFO 11196 --- [indicator-service] [rap-executor-%d] c.n.d.s.r.aws.ConfigClusterResolver      : Resolving eureka endpoints via configuration
2026-06-08T16:36:43.786+05:30  INFO 11196 --- [indicator-service] [rap-executor-%d] c.n.d.s.r.aws.ConfigClusterResolver      : Resolving eureka endpoints via configuration
2026-06-08T16:41:43.800+05:30  INFO 11196 --- [indicator-service] [rap-executor-%d] c.n.d.s.r.aws.ConfigClusterResolver      : Resolving eureka endpoints via configuration
2026-06-08T16:46:43.817+05:30  INFO 11196 --- [indicator-service] [rap-executor-%d] c.n.d.s.r.aws.ConfigClusterResolver      : Resolving eureka endpoints via configuration
2026-06-08T17:01:43.632+05:30  INFO 11196 --- [indicator-service] [rap-executor-%d] c.n.d.s.r.aws.ConfigClusterResolver      : Resolving eureka endpoints via configuration
2026-06-08T17:06:43.950+05:30  INFO 11196 --- [indicator-service] [rap-executor-%d] c.n.d.s.r.aws.ConfigClusterResolver      : Resolving eureka endpoints via configuration
2026-06-08T17:11:44.210+05:30  INFO 11196 --- [indicator-service] [rap-executor-%d] c.n.d.s.r.aws.ConfigClusterResolver      : Resolving eureka endpoints via configuration
2026-06-08T17:16:44.371+05:30  INFO 11196 --- [indicator-service] [rap-executor-%d] c.n.d.s.r.aws.ConfigClusterResolver      : Resolving eureka endpoints via configuration
2026-06-08T17:21:44.381+05:30  INFO 11196 --- [indicator-service] [rap-executor-%d] c.n.d.s.r.aws.ConfigClusterResolver      : Resolving eureka endpoints via configuration
2026-06-08T17:26:44.408+05:30  INFO 11196 --- [indicator-service] [rap-executor-%d] c.n.d.s.r.aws.ConfigClusterResolver      : Resolving eureka endpoints via configuration
2026-06-08T17:31:44.476+05:30  INFO 11196 --- [indicator-service] [rap-executor-%d] c.n.d.s.r.aws.ConfigClusterResolver      : Resolving eureka endpoints via configuration
2026-06-08T17:36:44.494+05:30  INFO 11196 --- [indicator-service] [rap-executor-%d] c.n.d.s.r.aws.ConfigClusterResolver      : Resolving eureka endpoints via configuration
2026-06-08T17:41:44.507+05:30  INFO 11196 --- [indicator-service] [rap-executor-%d] c.n.d.s.r.aws.ConfigClusterResolver      : Resolving eureka endpoints via configuration
2026-06-08T17:46:44.522+05:30  INFO 11196 --- [indicator-service] [rap-executor-%d] c.n.d.s.r.aws.ConfigClusterResolver      : Resolving eureka endpoints via configuration
2026-06-08T17:51:44.535+05:30  INFO 11196 --- [indicator-service] [rap-executor-%d] c.n.d.s.r.aws.ConfigClusterResolver      : Resolving eureka endpoints via configuration
2026-06-08T17:56:44.541+05:30  INFO 11196 --- [indicator-service] [rap-executor-%d] c.n.d.s.r.aws.ConfigClusterResolver      : Resolving eureka endpoints via configuration
2026-06-08T18:01:44.551+05:30  INFO 11196 --- [indicator-service] [rap-executor-%d] c.n.d.s.r.aws.ConfigClusterResolver      : Resolving eureka endpoints via configuration
2026-06-08T18:06:44.975+05:30  INFO 11196 --- [indicator-service] [rap-executor-%d] c.n.d.s.r.aws.ConfigClusterResolver      : Resolving eureka endpoints via configuration
2026-06-08T18:11:45.027+05:30  INFO 11196 --- [indicator-service] [rap-executor-%d] c.n.d.s.r.aws.ConfigClusterResolver      : Resolving eureka endpoints via configuration
2026-06-08T18:16:45.037+05:30  INFO 11196 --- [indicator-service] [rap-executor-%d] c.n.d.s.r.aws.ConfigClusterResolver      : Resolving eureka endpoints via configuration
2026-06-08T18:21:45.051+05:30  INFO 11196 --- [indicator-service] [rap-executor-%d] c.n.d.s.r.aws.ConfigClusterResolver      : Resolving eureka endpoints via configuration
2026-06-08T18:26:45.837+05:30  INFO 11196 --- [indicator-service] [rap-executor-%d] c.n.d.s.r.aws.ConfigClusterResolver      : Resolving eureka endpoints via configuration
2026-06-08T18:31:46.012+05:30  INFO 11196 --- [indicator-service] [rap-executor-%d] c.n.d.s.r.aws.ConfigClusterResolver      : Resolving eureka endpoints via configuration
2026-06-08T18:36:46.261+05:30  INFO 11196 --- [indicator-service] [rap-executor-%d] c.n.d.s.r.aws.ConfigClusterResolver      : Resolving eureka endpoints via configuration
2026-06-08T18:41:46.698+05:30  INFO 11196 --- [indicator-service] [rap-executor-%d] c.n.d.s.r.aws.ConfigClusterResolver      : Resolving eureka endpoints via configuration
2026-06-08T18:46:46.881+05:30  INFO 11196 --- [indicator-service] [rap-executor-%d] c.n.d.s.r.aws.ConfigClusterResolver      : Resolving eureka endpoints via configuration
2026-06-08T18:51:46.905+05:30  INFO 11196 --- [indicator-service] [rap-executor-%d] c.n.d.s.r.aws.ConfigClusterResolver      : Resolving eureka endpoints via configuration
2026-06-08T18:56:46.940+05:30  INFO 11196 --- [indicator-service] [rap-executor-%d] c.n.d.s.r.aws.ConfigClusterResolver      : Resolving eureka endpoints via configuration
2026-06-08T19:01:46.996+05:30  INFO 11196 --- [indicator-service] [rap-executor-%d] c.n.d.s.r.aws.ConfigClusterResolver      : Resolving eureka endpoints via configuration
2026-06-08T19:09:02.311+05:30  INFO 11196 --- [indicator-service] [rap-executor-%d] c.n.d.s.r.aws.ConfigClusterResolver      : Resolving eureka endpoints via configuration
2026-06-08T19:14:02.395+05:30  INFO 11196 --- [indicator-service] [rap-executor-%d] c.n.d.s.r.aws.ConfigClusterResolver      : Resolving eureka endpoints via configuration
2026-06-08T19:19:02.439+05:30  INFO 11196 --- [indicator-service] [rap-executor-%d] c.n.d.s.r.aws.ConfigClusterResolver      : Resolving eureka endpoints via configuration
2026-06-08T19:24:02.519+05:30  INFO 11196 --- [indicator-service] [rap-executor-%d] c.n.d.s.r.aws.ConfigClusterResolver      : Resolving eureka endpoints via configuration
2026-06-08T19:29:02.668+05:30  INFO 11196 --- [indicator-service] [rap-executor-%d] c.n.d.s.r.aws.ConfigClusterResolver      : Resolving eureka endpoints via configuration
2026-06-08T19:34:02.701+05:30  INFO 11196 --- [indicator-service] [rap-executor-%d] c.n.d.s.r.aws.ConfigClusterResolver      : Resolving eureka endpoints via configuration
2026-06-08T19:39:02.742+05:30  INFO 11196 --- [indicator-service] [rap-executor-%d] c.n.d.s.r.aws.ConfigClusterResolver      : Resolving eureka endpoints via configuration
[INFO] ------------------------------------------------------------------------
[INFO] BUILD FAILURE
[INFO] ------------------------------------------------------------------------
[INFO] Total time:  05:03 h
[INFO] Finished at: 2026-06-08T19:40:02+05:30
[INFO] ------------------------------------------------------------------------
[ERROR] Failed to execute goal org.springframework.boot:spring-boot-maven-plugin:4.0.6:run (default-cli) on project indicator-service: Process terminated with exit code: -1 -> [Help 1]
[ERROR] 
[ERROR] To see the full stack trace of the errors, re-run Maven with the -e switch.
[ERROR] Re-run Maven using the -X switch to enable full debug logging.
[ERROR] 
[ERROR] For more information about the errors and possible solutions, please read the following articles:
[ERROR] [Help 1] http://cwiki.apache.org/confluence/display/MAVEN/MojoExecutionException
