[INFO] Scanning for projects...
[INFO] 
[INFO] -----------------< com.stockbadshah:strategy-service >------------------
[INFO] Building strategy-service 0.0.1-SNAPSHOT
[INFO]   from pom.xml
[INFO] --------------------------------[ jar ]---------------------------------
[INFO] 
[INFO] >>> spring-boot:4.0.6:run (default-cli) > test-compile @ strategy-service >>>
[INFO] 
[INFO] --- resources:3.3.1:resources (default-resources) @ strategy-service ---
[INFO] Copying 1 resource from src\main\resources to target\classes
[INFO] Copying 0 resource from src\main\resources to target\classes
[INFO] 
[INFO] --- compiler:3.14.1:compile (default-compile) @ strategy-service ---
[INFO] Nothing to compile - all classes are up to date.
[INFO] 
[INFO] --- resources:3.3.1:testResources (default-testResources) @ strategy-service ---
[INFO] skip non existing resourceDirectory D:\StockMarketBadsaha\backend\strategy-service\src\test\resources
[INFO] 
[INFO] --- compiler:3.14.1:testCompile (default-testCompile) @ strategy-service ---
[INFO] Nothing to compile - all classes are up to date.
[INFO] 
[INFO] <<< spring-boot:4.0.6:run (default-cli) < test-compile @ strategy-service <<<
[INFO] 
[INFO] 
[INFO] --- spring-boot:4.0.6:run (default-cli) @ strategy-service ---
[INFO] Attaching agents: []

  .   ____          _            __ _ _
 /\\ / ___'_ __ _ _(_)_ __  __ _ \ \ \ \
( ( )\___ | '_ | '_| | '_ \/ _` | \ \ \ \
 \\/  ___)| |_)| | | | | || (_| |  ) ) ) )
  '  |____| .__|_| |_|_| |_\__, | / / / /
 =========|_|==============|___/=/_/_/_/

 :: Spring Boot ::                (v4.0.6)

2026-06-08T14:36:29.601+05:30  INFO 16012 --- [strategy-service] [           main] c.s.s.StrategyServiceApplication         : Starting StrategyServiceApplication using Java 21.0.7 with PID 16012 (D:\StockMarketBadsaha\backend\strategy-service\target\classes started by irfan in D:\StockMarketBadsaha\backend\strategy-service)
2026-06-08T14:36:29.609+05:30  INFO 16012 --- [strategy-service] [           main] c.s.s.StrategyServiceApplication         : No active profile set, falling back to 1 default profile: "default"
2026-06-08T14:36:33.921+05:30  INFO 16012 --- [strategy-service] [           main] o.s.cloud.context.scope.GenericScope     : BeanFactory id=8c866967-7623-3e14-b4c0-2d967147d1cb
2026-06-08T14:36:35.044+05:30  INFO 16012 --- [strategy-service] [           main] o.s.boot.tomcat.TomcatWebServer          : Tomcat initialized with port 8085 (http)
2026-06-08T14:36:35.080+05:30  INFO 16012 --- [strategy-service] [           main] o.apache.catalina.core.StandardService   : Starting service [Tomcat]
2026-06-08T14:36:35.082+05:30  INFO 16012 --- [strategy-service] [           main] o.apache.catalina.core.StandardEngine    : Starting Servlet engine: [Apache Tomcat/11.0.21]
2026-06-08T14:36:35.380+05:30  INFO 16012 --- [strategy-service] [           main] b.w.c.s.WebApplicationContextInitializer : Root WebApplicationContext: initialization completed in 5548 ms
2026-06-08T14:36:42.314+05:30  INFO 16012 --- [strategy-service] [           main] DiscoveryClientOptionalArgsConfiguration : Eureka HTTP Client uses RestClient.
2026-06-08T14:36:42.460+05:30  WARN 16012 --- [strategy-service] [           main] iguration$LoadBalancerCaffeineWarnLogger : Spring Cloud LoadBalancer is currently working with the default cache. While this cache implementation is useful for development and tests, it's recommended to use Caffeine cache in production.You can switch to using Caffeine cache, by adding it and org.springframework.cache.caffeine.CaffeineCacheManager to the classpath.
2026-06-08T14:36:42.500+05:30  INFO 16012 --- [strategy-service] [           main] o.s.b.a.e.web.EndpointLinksResolver      : Exposing 1 endpoint beneath base path '/actuator'
2026-06-08T14:36:42.685+05:30  INFO 16012 --- [strategy-service] [           main] o.s.c.n.eureka.InstanceInfoFactory       : Setting initial instance status as: STARTING
2026-06-08T14:36:42.759+05:30  INFO 16012 --- [strategy-service] [           main] com.netflix.discovery.DiscoveryClient    : Initializing Eureka in region us-east-1
2026-06-08T14:36:42.772+05:30  INFO 16012 --- [strategy-service] [           main] c.n.d.s.r.aws.ConfigClusterResolver      : Resolving eureka endpoints via configuration
2026-06-08T14:36:42.796+05:30  INFO 16012 --- [strategy-service] [           main] com.netflix.discovery.DiscoveryClient    : Disable delta property : false
2026-06-08T14:36:42.798+05:30  INFO 16012 --- [strategy-service] [           main] com.netflix.discovery.DiscoveryClient    : Single vip registry refresh property : null
2026-06-08T14:36:42.800+05:30  INFO 16012 --- [strategy-service] [           main] com.netflix.discovery.DiscoveryClient    : Force full registry fetch : false
2026-06-08T14:36:42.801+05:30  INFO 16012 --- [strategy-service] [           main] com.netflix.discovery.DiscoveryClient    : Application is null : false
2026-06-08T14:36:42.802+05:30  INFO 16012 --- [strategy-service] [           main] com.netflix.discovery.DiscoveryClient    : Registered Applications size is zero : true
2026-06-08T14:36:42.804+05:30  INFO 16012 --- [strategy-service] [           main] com.netflix.discovery.DiscoveryClient    : Application version is -1: true
2026-06-08T14:36:42.806+05:30  INFO 16012 --- [strategy-service] [           main] com.netflix.discovery.DiscoveryClient    : Getting all instance registry info from the eureka server
2026-06-08T14:36:44.572+05:30  INFO 16012 --- [strategy-service] [           main] com.netflix.discovery.DiscoveryClient    : The response status is 200
2026-06-08T14:36:44.580+05:30  INFO 16012 --- [strategy-service] [           main] com.netflix.discovery.DiscoveryClient    : Starting heartbeat executor: renew interval is: 30
2026-06-08T14:36:44.590+05:30  INFO 16012 --- [strategy-service] [           main] c.n.discovery.InstanceInfoReplicator     : InstanceInfoReplicator onDemand update allowed rate per min is 4
2026-06-08T14:36:44.597+05:30  INFO 16012 --- [strategy-service] [           main] com.netflix.discovery.DiscoveryClient    : Discovery Client initialized at timestamp 1780909604594 with initial instances count: 0
2026-06-08T14:36:44.607+05:30  INFO 16012 --- [strategy-service] [           main] o.s.c.n.e.s.EurekaServiceRegistry        : Registering application STRATEGY-SERVICE with eureka with status UP
2026-06-08T14:36:44.611+05:30  INFO 16012 --- [strategy-service] [           main] com.netflix.discovery.DiscoveryClient    : Saw local status change event StatusChangeEvent [timestamp=1780909604611, current=UP, previous=STARTING]
2026-06-08T14:36:44.620+05:30  INFO 16012 --- [strategy-service] [foReplicator-%d] com.netflix.discovery.DiscoveryClient    : DiscoveryClient_STRATEGY-SERVICE/DESKTOP-TAPHLMF:strategy-service:8085: registering service...
2026-06-08T14:36:44.796+05:30  INFO 16012 --- [strategy-service] [           main] o.s.boot.tomcat.TomcatWebServer          : Tomcat started on port 8085 (http) with context path '/'
2026-06-08T14:36:44.800+05:30  INFO 16012 --- [strategy-service] [           main] .s.c.n.e.s.EurekaAutoServiceRegistration : Updating port to 8085
2026-06-08T14:36:44.872+05:30  INFO 16012 --- [strategy-service] [           main] c.s.s.StrategyServiceApplication         : Started StrategyServiceApplication in 18.964 seconds (process running for 25.514)
2026-06-08T14:36:47.175+05:30  INFO 16012 --- [strategy-service] [foReplicator-%d] com.netflix.discovery.DiscoveryClient    : DiscoveryClient_STRATEGY-SERVICE/DESKTOP-TAPHLMF:strategy-service:8085 - registration status: 204
2026-06-08T14:37:14.596+05:30  INFO 16012 --- [strategy-service] [reshExecutor-%d] com.netflix.discovery.DiscoveryClient    : Disable delta property : false
2026-06-08T14:37:14.635+05:30  INFO 16012 --- [strategy-service] [reshExecutor-%d] com.netflix.discovery.DiscoveryClient    : Single vip registry refresh property : null
2026-06-08T14:37:14.635+05:30  INFO 16012 --- [strategy-service] [reshExecutor-%d] com.netflix.discovery.DiscoveryClient    : Force full registry fetch : false
2026-06-08T14:37:14.637+05:30  INFO 16012 --- [strategy-service] [reshExecutor-%d] com.netflix.discovery.DiscoveryClient    : Application is null : false
2026-06-08T14:37:14.638+05:30  INFO 16012 --- [strategy-service] [reshExecutor-%d] com.netflix.discovery.DiscoveryClient    : Registered Applications size is zero : true
2026-06-08T14:37:14.640+05:30  INFO 16012 --- [strategy-service] [reshExecutor-%d] com.netflix.discovery.DiscoveryClient    : Application version is -1: false
2026-06-08T14:37:14.640+05:30  INFO 16012 --- [strategy-service] [reshExecutor-%d] com.netflix.discovery.DiscoveryClient    : Getting all instance registry info from the eureka server
2026-06-08T14:37:14.708+05:30  INFO 16012 --- [strategy-service] [reshExecutor-%d] com.netflix.discovery.DiscoveryClient    : The response status is 200
2026-06-08T14:37:58.525+05:30  INFO 16012 --- [strategy-service] [nio-8085-exec-3] o.a.c.c.C.[Tomcat].[localhost].[/]       : Initializing Spring DispatcherServlet 'dispatcherServlet'
2026-06-08T14:37:58.528+05:30  INFO 16012 --- [strategy-service] [nio-8085-exec-3] o.s.web.servlet.DispatcherServlet        : Initializing Servlet 'dispatcherServlet'
2026-06-08T14:37:58.548+05:30  INFO 16012 --- [strategy-service] [nio-8085-exec-3] o.s.web.servlet.DispatcherServlet        : Completed initialization in 19 ms
2026-06-08T14:41:42.827+05:30  INFO 16012 --- [strategy-service] [rap-executor-%d] c.n.d.s.r.aws.ConfigClusterResolver      : Resolving eureka endpoints via configuration
2026-06-08T14:46:42.845+05:30  INFO 16012 --- [strategy-service] [rap-executor-%d] c.n.d.s.r.aws.ConfigClusterResolver      : Resolving eureka endpoints via configuration
2026-06-08T14:51:42.996+05:30  INFO 16012 --- [strategy-service] [rap-executor-%d] c.n.d.s.r.aws.ConfigClusterResolver      : Resolving eureka endpoints via configuration
2026-06-08T14:56:43.032+05:30  INFO 16012 --- [strategy-service] [rap-executor-%d] c.n.d.s.r.aws.ConfigClusterResolver      : Resolving eureka endpoints via configuration
2026-06-08T15:01:43.048+05:30  INFO 16012 --- [strategy-service] [rap-executor-%d] c.n.d.s.r.aws.ConfigClusterResolver      : Resolving eureka endpoints via configuration
2026-06-08T15:06:43.066+05:30  INFO 16012 --- [strategy-service] [rap-executor-%d] c.n.d.s.r.aws.ConfigClusterResolver      : Resolving eureka endpoints via configuration
2026-06-08T15:11:43.084+05:30  INFO 16012 --- [strategy-service] [rap-executor-%d] c.n.d.s.r.aws.ConfigClusterResolver      : Resolving eureka endpoints via configuration
2026-06-08T15:16:43.419+05:30  INFO 16012 --- [strategy-service] [rap-executor-%d] c.n.d.s.r.aws.ConfigClusterResolver      : Resolving eureka endpoints via configuration
2026-06-08T15:21:43.428+05:30  INFO 16012 --- [strategy-service] [rap-executor-%d] c.n.d.s.r.aws.ConfigClusterResolver      : Resolving eureka endpoints via configuration
2026-06-08T15:26:43.441+05:30  INFO 16012 --- [strategy-service] [rap-executor-%d] c.n.d.s.r.aws.ConfigClusterResolver      : Resolving eureka endpoints via configuration
2026-06-08T15:31:43.455+05:30  INFO 16012 --- [strategy-service] [rap-executor-%d] c.n.d.s.r.aws.ConfigClusterResolver      : Resolving eureka endpoints via configuration
2026-06-08T15:36:43.465+05:30  INFO 16012 --- [strategy-service] [rap-executor-%d] c.n.d.s.r.aws.ConfigClusterResolver      : Resolving eureka endpoints via configuration
2026-06-08T15:41:43.482+05:30  INFO 16012 --- [strategy-service] [rap-executor-%d] c.n.d.s.r.aws.ConfigClusterResolver      : Resolving eureka endpoints via configuration
2026-06-08T15:46:43.512+05:30  INFO 16012 --- [strategy-service] [rap-executor-%d] c.n.d.s.r.aws.ConfigClusterResolver      : Resolving eureka endpoints via configuration
2026-06-08T15:51:43.547+05:30  INFO 16012 --- [strategy-service] [rap-executor-%d] c.n.d.s.r.aws.ConfigClusterResolver      : Resolving eureka endpoints via configuration
2026-06-08T15:56:43.580+05:30  INFO 16012 --- [strategy-service] [rap-executor-%d] c.n.d.s.r.aws.ConfigClusterResolver      : Resolving eureka endpoints via configuration
2026-06-08T16:01:43.595+05:30  INFO 16012 --- [strategy-service] [rap-executor-%d] c.n.d.s.r.aws.ConfigClusterResolver      : Resolving eureka endpoints via configuration
2026-06-08T16:06:43.661+05:30  INFO 16012 --- [strategy-service] [rap-executor-%d] c.n.d.s.r.aws.ConfigClusterResolver      : Resolving eureka endpoints via configuration
2026-06-08T16:11:43.678+05:30  INFO 16012 --- [strategy-service] [rap-executor-%d] c.n.d.s.r.aws.ConfigClusterResolver      : Resolving eureka endpoints via configuration
2026-06-08T16:16:43.696+05:30  INFO 16012 --- [strategy-service] [rap-executor-%d] c.n.d.s.r.aws.ConfigClusterResolver      : Resolving eureka endpoints via configuration
2026-06-08T16:21:43.708+05:30  INFO 16012 --- [strategy-service] [rap-executor-%d] c.n.d.s.r.aws.ConfigClusterResolver      : Resolving eureka endpoints via configuration
2026-06-08T16:26:43.717+05:30  INFO 16012 --- [strategy-service] [rap-executor-%d] c.n.d.s.r.aws.ConfigClusterResolver      : Resolving eureka endpoints via configuration
2026-06-08T16:31:43.722+05:30  INFO 16012 --- [strategy-service] [rap-executor-%d] c.n.d.s.r.aws.ConfigClusterResolver      : Resolving eureka endpoints via configuration
2026-06-08T16:36:43.786+05:30  INFO 16012 --- [strategy-service] [rap-executor-%d] c.n.d.s.r.aws.ConfigClusterResolver      : Resolving eureka endpoints via configuration
2026-06-08T16:41:43.800+05:30  INFO 16012 --- [strategy-service] [rap-executor-%d] c.n.d.s.r.aws.ConfigClusterResolver      : Resolving eureka endpoints via configuration
2026-06-08T16:46:43.817+05:30  INFO 16012 --- [strategy-service] [rap-executor-%d] c.n.d.s.r.aws.ConfigClusterResolver      : Resolving eureka endpoints via configuration
2026-06-08T17:01:43.632+05:30  INFO 16012 --- [strategy-service] [rap-executor-%d] c.n.d.s.r.aws.ConfigClusterResolver      : Resolving eureka endpoints via configuration
2026-06-08T17:06:44.399+05:30  INFO 16012 --- [strategy-service] [rap-executor-%d] c.n.d.s.r.aws.ConfigClusterResolver      : Resolving eureka endpoints via configuration
2026-06-08T17:11:44.409+05:30  INFO 16012 --- [strategy-service] [rap-executor-%d] c.n.d.s.r.aws.ConfigClusterResolver      : Resolving eureka endpoints via configuration
2026-06-08T17:16:44.488+05:30  INFO 16012 --- [strategy-service] [rap-executor-%d] c.n.d.s.r.aws.ConfigClusterResolver      : Resolving eureka endpoints via configuration
2026-06-08T17:21:44.786+05:30  INFO 16012 --- [strategy-service] [rap-executor-%d] c.n.d.s.r.aws.ConfigClusterResolver      : Resolving eureka endpoints via configuration
2026-06-08T17:26:44.809+05:30  INFO 16012 --- [strategy-service] [rap-executor-%d] c.n.d.s.r.aws.ConfigClusterResolver      : Resolving eureka endpoints via configuration
2026-06-08T17:31:44.849+05:30  INFO 16012 --- [strategy-service] [rap-executor-%d] c.n.d.s.r.aws.ConfigClusterResolver      : Resolving eureka endpoints via configuration
2026-06-08T17:36:44.886+05:30  INFO 16012 --- [strategy-service] [rap-executor-%d] c.n.d.s.r.aws.ConfigClusterResolver      : Resolving eureka endpoints via configuration
2026-06-08T17:41:44.897+05:30  INFO 16012 --- [strategy-service] [rap-executor-%d] c.n.d.s.r.aws.ConfigClusterResolver      : Resolving eureka endpoints via configuration
2026-06-08T17:46:44.911+05:30  INFO 16012 --- [strategy-service] [rap-executor-%d] c.n.d.s.r.aws.ConfigClusterResolver      : Resolving eureka endpoints via configuration
2026-06-08T17:51:44.921+05:30  INFO 16012 --- [strategy-service] [rap-executor-%d] c.n.d.s.r.aws.ConfigClusterResolver      : Resolving eureka endpoints via configuration
2026-06-08T17:56:44.962+05:30  INFO 16012 --- [strategy-service] [rap-executor-%d] c.n.d.s.r.aws.ConfigClusterResolver      : Resolving eureka endpoints via configuration
2026-06-08T18:01:44.970+05:30  INFO 16012 --- [strategy-service] [rap-executor-%d] c.n.d.s.r.aws.ConfigClusterResolver      : Resolving eureka endpoints via configuration
2026-06-08T18:06:45.143+05:30  INFO 16012 --- [strategy-service] [rap-executor-%d] c.n.d.s.r.aws.ConfigClusterResolver      : Resolving eureka endpoints via configuration
2026-06-08T18:11:45.217+05:30  INFO 16012 --- [strategy-service] [rap-executor-%d] c.n.d.s.r.aws.ConfigClusterResolver      : Resolving eureka endpoints via configuration
2026-06-08T18:16:45.430+05:30  INFO 16012 --- [strategy-service] [rap-executor-%d] c.n.d.s.r.aws.ConfigClusterResolver      : Resolving eureka endpoints via configuration
2026-06-08T18:21:45.440+05:30  INFO 16012 --- [strategy-service] [rap-executor-%d] c.n.d.s.r.aws.ConfigClusterResolver      : Resolving eureka endpoints via configuration
2026-06-08T18:26:45.833+05:30  INFO 16012 --- [strategy-service] [rap-executor-%d] c.n.d.s.r.aws.ConfigClusterResolver      : Resolving eureka endpoints via configuration
2026-06-08T18:31:45.853+05:30  INFO 16012 --- [strategy-service] [rap-executor-%d] c.n.d.s.r.aws.ConfigClusterResolver      : Resolving eureka endpoints via configuration
2026-06-08T18:36:45.869+05:30  INFO 16012 --- [strategy-service] [rap-executor-%d] c.n.d.s.r.aws.ConfigClusterResolver      : Resolving eureka endpoints via configuration
2026-06-08T18:41:45.914+05:30  INFO 16012 --- [strategy-service] [rap-executor-%d] c.n.d.s.r.aws.ConfigClusterResolver      : Resolving eureka endpoints via configuration
2026-06-08T18:46:45.968+05:30  INFO 16012 --- [strategy-service] [rap-executor-%d] c.n.d.s.r.aws.ConfigClusterResolver      : Resolving eureka endpoints via configuration
2026-06-08T18:51:46.026+05:30  INFO 16012 --- [strategy-service] [rap-executor-%d] c.n.d.s.r.aws.ConfigClusterResolver      : Resolving eureka endpoints via configuration
2026-06-08T18:56:46.075+05:30  INFO 16012 --- [strategy-service] [rap-executor-%d] c.n.d.s.r.aws.ConfigClusterResolver      : Resolving eureka endpoints via configuration
2026-06-08T19:01:46.405+05:30  INFO 16012 --- [strategy-service] [rap-executor-%d] c.n.d.s.r.aws.ConfigClusterResolver      : Resolving eureka endpoints via configuration
2026-06-08T19:09:01.758+05:30  INFO 16012 --- [strategy-service] [rap-executor-%d] c.n.d.s.r.aws.ConfigClusterResolver      : Resolving eureka endpoints via configuration
2026-06-08T19:14:01.859+05:30  INFO 16012 --- [strategy-service] [rap-executor-%d] c.n.d.s.r.aws.ConfigClusterResolver      : Resolving eureka endpoints via configuration
2026-06-08T19:19:01.950+05:30  INFO 16012 --- [strategy-service] [rap-executor-%d] c.n.d.s.r.aws.ConfigClusterResolver      : Resolving eureka endpoints via configuration
2026-06-08T19:24:02.106+05:30  INFO 16012 --- [strategy-service] [rap-executor-%d] c.n.d.s.r.aws.ConfigClusterResolver      : Resolving eureka endpoints via configuration
2026-06-08T19:29:02.673+05:30  INFO 16012 --- [strategy-service] [rap-executor-%d] c.n.d.s.r.aws.ConfigClusterResolver      : Resolving eureka endpoints via configuration
2026-06-08T19:34:02.736+05:30  INFO 16012 --- [strategy-service] [rap-executor-%d] c.n.d.s.r.aws.ConfigClusterResolver      : Resolving eureka endpoints via configuration
2026-06-08T19:39:03.175+05:30  INFO 16012 --- [strategy-service] [rap-executor-%d] c.n.d.s.r.aws.ConfigClusterResolver      : Resolving eureka endpoints via configuration
[INFO] ------------------------------------------------------------------------
[INFO] BUILD FAILURE
[INFO] ------------------------------------------------------------------------
[INFO] Total time:  05:03 h
[INFO] Finished at: 2026-06-08T19:40:01+05:30
[INFO] ------------------------------------------------------------------------
[ERROR] Failed to execute goal org.springframework.boot:spring-boot-maven-plugin:4.0.6:run (default-cli) on project strategy-service: Process terminated with exit code: -1 -> [Help 1]
[ERROR] 
[ERROR] To see the full stack trace of the errors, re-run Maven with the -e switch.
[ERROR] Re-run Maven using the -X switch to enable full debug logging.
[ERROR] 
[ERROR] For more information about the errors and possible solutions, please read the following articles:
[ERROR] [Help 1] http://cwiki.apache.org/confluence/display/MAVEN/MojoExecutionException
