[INFO] Scanning for projects...
[INFO] 
[INFO] -----------------< com.stockbadshah:indicator-service >-----------------
[INFO] Building indicator-service 0.0.1-SNAPSHOT
[INFO]   from pom.xml
[INFO] --------------------------------[ jar ]---------------------------------
[INFO] 
[INFO] >>> spring-boot:4.0.6:run (default-cli) > test-compile @ indicator-service >>>
[INFO] 
[INFO] --- resources:3.3.1:resources (default-resources) @ indicator-service ---
[INFO] Copying 1 resource from src\main\resources to target\classes
[INFO] Copying 0 resource from src\main\resources to target\classes
[INFO] 
[INFO] --- compiler:3.14.1:compile (default-compile) @ indicator-service ---
[INFO] Nothing to compile - all classes are up to date.
[INFO] 
[INFO] --- resources:3.3.1:testResources (default-testResources) @ indicator-service ---
[INFO] skip non existing resourceDirectory D:\StockMarketBadsaha\backend\indicator-service\src\test\resources
[INFO] 
[INFO] --- compiler:3.14.1:testCompile (default-testCompile) @ indicator-service ---
[INFO] Nothing to compile - all classes are up to date.
[INFO] 
[INFO] <<< spring-boot:4.0.6:run (default-cli) < test-compile @ indicator-service <<<
[INFO] 
[INFO] 
[INFO] --- spring-boot:4.0.6:run (default-cli) @ indicator-service ---
[INFO] Attaching agents: []
Picked up JAVA_TOOL_OPTIONS: -Xms64m -Xmx192m -XX:MaxMetaspaceSize=128m

  .   ____          _            __ _ _
 /\\ / ___'_ __ _ _(_)_ __  __ _ \ \ \ \
( ( )\___ | '_ | '_| | '_ \/ _` | \ \ \ \
 \\/  ___)| |_)| | | | | || (_| |  ) ) ) )
  '  |____| .__|_| |_|_| |_\__, | / / / /
 =========|_|==============|___/=/_/_/_/

 :: Spring Boot ::                (v4.0.6)

2026-06-22T14:05:19.162+05:30  INFO 10740 --- [indicator-service] [           main] c.s.i.IndicatorServiceApplication        : Starting IndicatorServiceApplication using Java 25 with PID 10740 (D:\StockMarketBadsaha\backend\indicator-service\target\classes started by irfan in D:\StockMarketBadsaha\backend\indicator-service)
2026-06-22T14:05:19.188+05:30  INFO 10740 --- [indicator-service] [           main] c.s.i.IndicatorServiceApplication        : No active profile set, falling back to 1 default profile: "default"
2026-06-22T14:05:24.308+05:30  INFO 10740 --- [indicator-service] [           main] o.s.cloud.context.scope.GenericScope     : BeanFactory id=54b084e5-f6e2-3257-b1f7-4bb27cf6cc9e
2026-06-22T14:05:25.187+05:30  INFO 10740 --- [indicator-service] [           main] o.s.boot.tomcat.TomcatWebServer          : Tomcat initialized with port 8082 (http)
2026-06-22T14:05:25.229+05:30  INFO 10740 --- [indicator-service] [           main] o.apache.catalina.core.StandardService   : Starting service [Tomcat]
2026-06-22T14:05:25.234+05:30  INFO 10740 --- [indicator-service] [           main] o.apache.catalina.core.StandardEngine    : Starting Servlet engine: [Apache Tomcat/11.0.21]
2026-06-22T14:05:25.584+05:30  INFO 10740 --- [indicator-service] [           main] b.w.c.s.WebApplicationContextInitializer : Root WebApplicationContext: initialization completed in 5815 ms
2026-06-22T14:05:29.561+05:30  INFO 10740 --- [indicator-service] [           main] DiscoveryClientOptionalArgsConfiguration : Eureka HTTP Client uses RestClient.
2026-06-22T14:05:29.624+05:30  WARN 10740 --- [indicator-service] [           main] iguration$LoadBalancerCaffeineWarnLogger : Spring Cloud LoadBalancer is currently working with the default cache. While this cache implementation is useful for development and tests, it's recommended to use Caffeine cache in production.You can switch to using Caffeine cache, by adding it and org.springframework.cache.caffeine.CaffeineCacheManager to the classpath.
2026-06-22T14:05:29.637+05:30  INFO 10740 --- [indicator-service] [           main] o.s.b.a.e.web.EndpointLinksResolver      : Exposing 1 endpoint beneath base path '/actuator'
2026-06-22T14:05:29.738+05:30  INFO 10740 --- [indicator-service] [           main] o.s.c.n.eureka.InstanceInfoFactory       : Setting initial instance status as: STARTING
2026-06-22T14:05:30.217+05:30  INFO 10740 --- [indicator-service] [           main] com.netflix.discovery.DiscoveryClient    : Initializing Eureka in region us-east-1
2026-06-22T14:05:30.227+05:30  INFO 10740 --- [indicator-service] [           main] c.n.d.s.r.aws.ConfigClusterResolver      : Resolving eureka endpoints via configuration
2026-06-22T14:05:30.249+05:30  INFO 10740 --- [indicator-service] [           main] com.netflix.discovery.DiscoveryClient    : Disable delta property : false
2026-06-22T14:05:30.250+05:30  INFO 10740 --- [indicator-service] [           main] com.netflix.discovery.DiscoveryClient    : Single vip registry refresh property : null
2026-06-22T14:05:30.251+05:30  INFO 10740 --- [indicator-service] [           main] com.netflix.discovery.DiscoveryClient    : Force full registry fetch : false
2026-06-22T14:05:30.252+05:30  INFO 10740 --- [indicator-service] [           main] com.netflix.discovery.DiscoveryClient    : Application is null : false
2026-06-22T14:05:30.252+05:30  INFO 10740 --- [indicator-service] [           main] com.netflix.discovery.DiscoveryClient    : Registered Applications size is zero : true
2026-06-22T14:05:30.253+05:30  INFO 10740 --- [indicator-service] [           main] com.netflix.discovery.DiscoveryClient    : Application version is -1: true
2026-06-22T14:05:30.254+05:30  INFO 10740 --- [indicator-service] [           main] com.netflix.discovery.DiscoveryClient    : Getting all instance registry info from the eureka server
2026-06-22T14:05:31.618+05:30  INFO 10740 --- [indicator-service] [           main] com.netflix.discovery.DiscoveryClient    : The response status is 200
2026-06-22T14:05:31.624+05:30  INFO 10740 --- [indicator-service] [           main] com.netflix.discovery.DiscoveryClient    : Starting heartbeat executor: renew interval is: 30
2026-06-22T14:05:31.861+05:30  INFO 10740 --- [indicator-service] [           main] c.n.discovery.InstanceInfoReplicator     : InstanceInfoReplicator onDemand update allowed rate per min is 4
2026-06-22T14:05:32.098+05:30  INFO 10740 --- [indicator-service] [           main] com.netflix.discovery.DiscoveryClient    : Discovery Client initialized at timestamp 1782117332094 with initial instances count: 7
2026-06-22T14:05:32.103+05:30  INFO 10740 --- [indicator-service] [           main] o.s.c.n.e.s.EurekaServiceRegistry        : Registering application INDICATOR-SERVICE with eureka with status UP
2026-06-22T14:05:32.105+05:30  INFO 10740 --- [indicator-service] [           main] com.netflix.discovery.DiscoveryClient    : Saw local status change event StatusChangeEvent [timestamp=1782117332105, current=UP, previous=STARTING]
2026-06-22T14:05:32.109+05:30  INFO 10740 --- [indicator-service] [foReplicator-%d] com.netflix.discovery.DiscoveryClient    : DiscoveryClient_INDICATOR-SERVICE/DESKTOP-TAPHLMF:indicator-service:8082: registering service...
2026-06-22T14:05:32.319+05:30  INFO 10740 --- [indicator-service] [           main] o.s.boot.tomcat.TomcatWebServer          : Tomcat started on port 8082 (http) with context path '/'
2026-06-22T14:05:32.322+05:30  INFO 10740 --- [indicator-service] [           main] .s.c.n.e.s.EurekaAutoServiceRegistration : Updating port to 8082
2026-06-22T14:05:32.349+05:30  INFO 10740 --- [indicator-service] [           main] c.s.i.IndicatorServiceApplication        : Started IndicatorServiceApplication in 16.765 seconds (process running for 27.157)
2026-06-22T14:05:32.379+05:30  INFO 10740 --- [indicator-service] [foReplicator-%d] com.netflix.discovery.DiscoveryClient    : DiscoveryClient_INDICATOR-SERVICE/DESKTOP-TAPHLMF:indicator-service:8082 - registration status: 204
2026-06-22T14:10:30.426+05:30  INFO 10740 --- [indicator-service] [rap-executor-%d] c.n.d.s.r.aws.ConfigClusterResolver      : Resolving eureka endpoints via configuration
2026-06-22T14:12:45.319+05:30  INFO 10740 --- [indicator-service] [nio-8082-exec-1] o.a.c.c.C.[Tomcat].[localhost].[/]       : Initializing Spring DispatcherServlet 'dispatcherServlet'
2026-06-22T14:12:45.363+05:30  INFO 10740 --- [indicator-service] [nio-8082-exec-1] o.s.web.servlet.DispatcherServlet        : Initializing Servlet 'dispatcherServlet'
2026-06-22T14:12:45.424+05:30  INFO 10740 --- [indicator-service] [nio-8082-exec-1] o.s.web.servlet.DispatcherServlet        : Completed initialization in 50 ms
2026-06-22T14:15:30.583+05:30  INFO 10740 --- [indicator-service] [rap-executor-%d] c.n.d.s.r.aws.ConfigClusterResolver      : Resolving eureka endpoints via configuration
2026-06-22T14:20:30.602+05:30  INFO 10740 --- [indicator-service] [rap-executor-%d] c.n.d.s.r.aws.ConfigClusterResolver      : Resolving eureka endpoints via configuration
2026-06-22T14:25:30.633+05:30  INFO 10740 --- [indicator-service] [rap-executor-%d] c.n.d.s.r.aws.ConfigClusterResolver      : Resolving eureka endpoints via configuration
2026-06-22T14:30:30.677+05:30  INFO 10740 --- [indicator-service] [rap-executor-%d] c.n.d.s.r.aws.ConfigClusterResolver      : Resolving eureka endpoints via configuration
2026-06-22T14:35:30.712+05:30  INFO 10740 --- [indicator-service] [rap-executor-%d] c.n.d.s.r.aws.ConfigClusterResolver      : Resolving eureka endpoints via configuration
2026-06-22T14:40:30.724+05:30  INFO 10740 --- [indicator-service] [rap-executor-%d] c.n.d.s.r.aws.ConfigClusterResolver      : Resolving eureka endpoints via configuration
2026-06-22T14:45:30.729+05:30  INFO 10740 --- [indicator-service] [rap-executor-%d] c.n.d.s.r.aws.ConfigClusterResolver      : Resolving eureka endpoints via configuration
2026-06-22T14:50:30.732+05:30  INFO 10740 --- [indicator-service] [rap-executor-%d] c.n.d.s.r.aws.ConfigClusterResolver      : Resolving eureka endpoints via configuration
2026-06-22T14:55:30.737+05:30  INFO 10740 --- [indicator-service] [rap-executor-%d] c.n.d.s.r.aws.ConfigClusterResolver      : Resolving eureka endpoints via configuration
2026-06-22T15:00:30.741+05:30  INFO 10740 --- [indicator-service] [rap-executor-%d] c.n.d.s.r.aws.ConfigClusterResolver      : Resolving eureka endpoints via configuration
2026-06-22T15:05:30.745+05:30  INFO 10740 --- [indicator-service] [rap-executor-%d] c.n.d.s.r.aws.ConfigClusterResolver      : Resolving eureka endpoints via configuration
2026-06-22T15:10:31.049+05:30  INFO 10740 --- [indicator-service] [rap-executor-%d] c.n.d.s.r.aws.ConfigClusterResolver      : Resolving eureka endpoints via configuration
2026-06-22T15:15:31.066+05:30  INFO 10740 --- [indicator-service] [rap-executor-%d] c.n.d.s.r.aws.ConfigClusterResolver      : Resolving eureka endpoints via configuration
2026-06-22T15:20:31.101+05:30  INFO 10740 --- [indicator-service] [rap-executor-%d] c.n.d.s.r.aws.ConfigClusterResolver      : Resolving eureka endpoints via configuration
2026-06-22T15:25:31.104+05:30  INFO 10740 --- [indicator-service] [rap-executor-%d] c.n.d.s.r.aws.ConfigClusterResolver      : Resolving eureka endpoints via configuration
2026-06-22T15:30:31.107+05:30  INFO 10740 --- [indicator-service] [rap-executor-%d] c.n.d.s.r.aws.ConfigClusterResolver      : Resolving eureka endpoints via configuration
2026-06-22T15:35:31.111+05:30  INFO 10740 --- [indicator-service] [rap-executor-%d] c.n.d.s.r.aws.ConfigClusterResolver      : Resolving eureka endpoints via configuration
2026-06-22T15:40:31.115+05:30  INFO 10740 --- [indicator-service] [rap-executor-%d] c.n.d.s.r.aws.ConfigClusterResolver      : Resolving eureka endpoints via configuration
2026-06-22T15:45:31.420+05:30  INFO 10740 --- [indicator-service] [rap-executor-%d] c.n.d.s.r.aws.ConfigClusterResolver      : Resolving eureka endpoints via configuration
2026-06-22T15:50:31.440+05:30  INFO 10740 --- [indicator-service] [rap-executor-%d] c.n.d.s.r.aws.ConfigClusterResolver      : Resolving eureka endpoints via configuration
2026-06-22T15:55:31.444+05:30  INFO 10740 --- [indicator-service] [rap-executor-%d] c.n.d.s.r.aws.ConfigClusterResolver      : Resolving eureka endpoints via configuration
2026-06-22T16:00:31.447+05:30  INFO 10740 --- [indicator-service] [rap-executor-%d] c.n.d.s.r.aws.ConfigClusterResolver      : Resolving eureka endpoints via configuration
2026-06-22T16:05:31.736+05:30  INFO 10740 --- [indicator-service] [rap-executor-%d] c.n.d.s.r.aws.ConfigClusterResolver      : Resolving eureka endpoints via configuration
2026-06-22T16:10:31.740+05:30  INFO 10740 --- [indicator-service] [rap-executor-%d] c.n.d.s.r.aws.ConfigClusterResolver      : Resolving eureka endpoints via configuration
2026-06-22T16:15:31.746+05:30  INFO 10740 --- [indicator-service] [rap-executor-%d] c.n.d.s.r.aws.ConfigClusterResolver      : Resolving eureka endpoints via configuration
2026-06-22T16:20:31.757+05:30  INFO 10740 --- [indicator-service] [rap-executor-%d] c.n.d.s.r.aws.ConfigClusterResolver      : Resolving eureka endpoints via configuration
2026-06-22T16:25:31.760+05:30  INFO 10740 --- [indicator-service] [rap-executor-%d] c.n.d.s.r.aws.ConfigClusterResolver      : Resolving eureka endpoints via configuration
2026-06-22T16:30:31.763+05:30  INFO 10740 --- [indicator-service] [rap-executor-%d] c.n.d.s.r.aws.ConfigClusterResolver      : Resolving eureka endpoints via configuration
2026-06-22T16:35:31.768+05:30  INFO 10740 --- [indicator-service] [rap-executor-%d] c.n.d.s.r.aws.ConfigClusterResolver      : Resolving eureka endpoints via configuration
2026-06-22T16:40:31.773+05:30  INFO 10740 --- [indicator-service] [rap-executor-%d] c.n.d.s.r.aws.ConfigClusterResolver      : Resolving eureka endpoints via configuration
2026-06-22T16:45:31.777+05:30  INFO 10740 --- [indicator-service] [rap-executor-%d] c.n.d.s.r.aws.ConfigClusterResolver      : Resolving eureka endpoints via configuration
2026-06-22T16:50:31.782+05:30  INFO 10740 --- [indicator-service] [rap-executor-%d] c.n.d.s.r.aws.ConfigClusterResolver      : Resolving eureka endpoints via configuration
2026-06-22T16:55:31.787+05:30  INFO 10740 --- [indicator-service] [rap-executor-%d] c.n.d.s.r.aws.ConfigClusterResolver      : Resolving eureka endpoints via configuration
2026-06-22T17:00:32.072+05:30  INFO 10740 --- [indicator-service] [rap-executor-%d] c.n.d.s.r.aws.ConfigClusterResolver      : Resolving eureka endpoints via configuration
2026-06-22T17:05:32.074+05:30  INFO 10740 --- [indicator-service] [rap-executor-%d] c.n.d.s.r.aws.ConfigClusterResolver      : Resolving eureka endpoints via configuration
2026-06-22T17:10:32.077+05:30  INFO 10740 --- [indicator-service] [rap-executor-%d] c.n.d.s.r.aws.ConfigClusterResolver      : Resolving eureka endpoints via configuration
2026-06-22T17:15:32.083+05:30  INFO 10740 --- [indicator-service] [rap-executor-%d] c.n.d.s.r.aws.ConfigClusterResolver      : Resolving eureka endpoints via configuration
2026-06-22T17:20:32.110+05:30  INFO 10740 --- [indicator-service] [rap-executor-%d] c.n.d.s.r.aws.ConfigClusterResolver      : Resolving eureka endpoints via configuration
2026-06-22T17:25:32.121+05:30  INFO 10740 --- [indicator-service] [rap-executor-%d] c.n.d.s.r.aws.ConfigClusterResolver      : Resolving eureka endpoints via configuration
2026-06-22T17:30:33.036+05:30  INFO 10740 --- [indicator-service] [rap-executor-%d] c.n.d.s.r.aws.ConfigClusterResolver      : Resolving eureka endpoints via configuration
2026-06-22T17:35:33.225+05:30  INFO 10740 --- [indicator-service] [rap-executor-%d] c.n.d.s.r.aws.ConfigClusterResolver      : Resolving eureka endpoints via configuration
2026-06-22T17:40:33.542+05:30  INFO 10740 --- [indicator-service] [rap-executor-%d] c.n.d.s.r.aws.ConfigClusterResolver      : Resolving eureka endpoints via configuration
2026-06-22T17:45:33.568+05:30  INFO 10740 --- [indicator-service] [rap-executor-%d] c.n.d.s.r.aws.ConfigClusterResolver      : Resolving eureka endpoints via configuration
2026-06-22T17:50:33.587+05:30  INFO 10740 --- [indicator-service] [rap-executor-%d] c.n.d.s.r.aws.ConfigClusterResolver      : Resolving eureka endpoints via configuration
2026-06-22T17:55:33.603+05:30  INFO 10740 --- [indicator-service] [rap-executor-%d] c.n.d.s.r.aws.ConfigClusterResolver      : Resolving eureka endpoints via configuration
2026-06-22T18:00:33.606+05:30  INFO 10740 --- [indicator-service] [rap-executor-%d] c.n.d.s.r.aws.ConfigClusterResolver      : Resolving eureka endpoints via configuration
2026-06-22T18:05:33.620+05:30  INFO 10740 --- [indicator-service] [rap-executor-%d] c.n.d.s.r.aws.ConfigClusterResolver      : Resolving eureka endpoints via configuration
2026-06-22T18:10:33.921+05:30  INFO 10740 --- [indicator-service] [rap-executor-%d] c.n.d.s.r.aws.ConfigClusterResolver      : Resolving eureka endpoints via configuration
2026-06-22T18:15:33.930+05:30  INFO 10740 --- [indicator-service] [rap-executor-%d] c.n.d.s.r.aws.ConfigClusterResolver      : Resolving eureka endpoints via configuration
2026-06-22T18:20:33.945+05:30  INFO 10740 --- [indicator-service] [rap-executor-%d] c.n.d.s.r.aws.ConfigClusterResolver      : Resolving eureka endpoints via configuration
2026-06-22T18:25:33.967+05:30  INFO 10740 --- [indicator-service] [rap-executor-%d] c.n.d.s.r.aws.ConfigClusterResolver      : Resolving eureka endpoints via configuration
2026-06-22T18:30:33.998+05:30  INFO 10740 --- [indicator-service] [rap-executor-%d] c.n.d.s.r.aws.ConfigClusterResolver      : Resolving eureka endpoints via configuration
2026-06-22T18:35:34.020+05:30  INFO 10740 --- [indicator-service] [rap-executor-%d] c.n.d.s.r.aws.ConfigClusterResolver      : Resolving eureka endpoints via configuration
2026-06-22T18:40:34.023+05:30  INFO 10740 --- [indicator-service] [rap-executor-%d] c.n.d.s.r.aws.ConfigClusterResolver      : Resolving eureka endpoints via configuration
2026-06-22T18:45:34.027+05:30  INFO 10740 --- [indicator-service] [rap-executor-%d] c.n.d.s.r.aws.ConfigClusterResolver      : Resolving eureka endpoints via configuration
2026-06-22T18:50:34.032+05:30  INFO 10740 --- [indicator-service] [rap-executor-%d] c.n.d.s.r.aws.ConfigClusterResolver      : Resolving eureka endpoints via configuration
2026-06-22T18:55:34.035+05:30  INFO 10740 --- [indicator-service] [rap-executor-%d] c.n.d.s.r.aws.ConfigClusterResolver      : Resolving eureka endpoints via configuration
2026-06-22T19:00:34.067+05:30  INFO 10740 --- [indicator-service] [rap-executor-%d] c.n.d.s.r.aws.ConfigClusterResolver      : Resolving eureka endpoints via configuration
2026-06-22T19:05:34.071+05:30  INFO 10740 --- [indicator-service] [rap-executor-%d] c.n.d.s.r.aws.ConfigClusterResolver      : Resolving eureka endpoints via configuration
2026-06-22T19:10:34.087+05:30  INFO 10740 --- [indicator-service] [rap-executor-%d] c.n.d.s.r.aws.ConfigClusterResolver      : Resolving eureka endpoints via configuration
2026-06-22T19:15:34.427+05:30  INFO 10740 --- [indicator-service] [rap-executor-%d] c.n.d.s.r.aws.ConfigClusterResolver      : Resolving eureka endpoints via configuration
2026-06-22T19:20:34.486+05:30  INFO 10740 --- [indicator-service] [rap-executor-%d] c.n.d.s.r.aws.ConfigClusterResolver      : Resolving eureka endpoints via configuration
2026-06-22T19:25:34.514+05:30  INFO 10740 --- [indicator-service] [rap-executor-%d] c.n.d.s.r.aws.ConfigClusterResolver      : Resolving eureka endpoints via configuration
2026-06-22T19:30:34.520+05:30  INFO 10740 --- [indicator-service] [rap-executor-%d] c.n.d.s.r.aws.ConfigClusterResolver      : Resolving eureka endpoints via configuration
2026-06-22T19:35:34.611+05:30  INFO 10740 --- [indicator-service] [rap-executor-%d] c.n.d.s.r.aws.ConfigClusterResolver      : Resolving eureka endpoints via configuration
2026-06-22T19:40:34.628+05:30  INFO 10740 --- [indicator-service] [rap-executor-%d] c.n.d.s.r.aws.ConfigClusterResolver      : Resolving eureka endpoints via configuration
2026-06-22T19:45:34.672+05:30  INFO 10740 --- [indicator-service] [rap-executor-%d] c.n.d.s.r.aws.ConfigClusterResolver      : Resolving eureka endpoints via configuration
2026-06-22T19:50:35.350+05:30  INFO 10740 --- [indicator-service] [rap-executor-%d] c.n.d.s.r.aws.ConfigClusterResolver      : Resolving eureka endpoints via configuration
2026-06-22T19:55:35.587+05:30  INFO 10740 --- [indicator-service] [rap-executor-%d] c.n.d.s.r.aws.ConfigClusterResolver      : Resolving eureka endpoints via configuration
2026-06-22T20:00:35.841+05:30  INFO 10740 --- [indicator-service] [rap-executor-%d] c.n.d.s.r.aws.ConfigClusterResolver      : Resolving eureka endpoints via configuration
2026-06-22T20:05:36.143+05:30  INFO 10740 --- [indicator-service] [rap-executor-%d] c.n.d.s.r.aws.ConfigClusterResolver      : Resolving eureka endpoints via configuration
2026-06-22T20:10:36.211+05:30  INFO 10740 --- [indicator-service] [rap-executor-%d] c.n.d.s.r.aws.ConfigClusterResolver      : Resolving eureka endpoints via configuration
2026-06-22T20:15:36.295+05:30  INFO 10740 --- [indicator-service] [rap-executor-%d] c.n.d.s.r.aws.ConfigClusterResolver      : Resolving eureka endpoints via configuration
2026-06-22T20:20:36.329+05:30  INFO 10740 --- [indicator-service] [rap-executor-%d] c.n.d.s.r.aws.ConfigClusterResolver      : Resolving eureka endpoints via configuration
2026-06-22T20:27:04.913+05:30  INFO 10740 --- [indicator-service] [rap-executor-%d] c.n.d.s.r.aws.ConfigClusterResolver      : Resolving eureka endpoints via configuration
2026-06-22T20:32:05.133+05:30  INFO 10740 --- [indicator-service] [rap-executor-%d] c.n.d.s.r.aws.ConfigClusterResolver      : Resolving eureka endpoints via configuration
2026-06-22T20:37:07.919+05:30  INFO 10740 --- [indicator-service] [rap-executor-%d] c.n.d.s.r.aws.ConfigClusterResolver      : Resolving eureka endpoints via configuration
2026-06-22T20:52:39.554+05:30  INFO 10740 --- [indicator-service] [rap-executor-%d] c.n.d.s.r.aws.ConfigClusterResolver      : Resolving eureka endpoints via configuration
2026-06-22T20:57:39.660+05:30  INFO 10740 --- [indicator-service] [rap-executor-%d] c.n.d.s.r.aws.ConfigClusterResolver      : Resolving eureka endpoints via configuration
2026-06-22T21:02:39.704+05:30  INFO 10740 --- [indicator-service] [rap-executor-%d] c.n.d.s.r.aws.ConfigClusterResolver      : Resolving eureka endpoints via configuration
2026-06-22T21:07:39.733+05:30  INFO 10740 --- [indicator-service] [rap-executor-%d] c.n.d.s.r.aws.ConfigClusterResolver      : Resolving eureka endpoints via configuration
2026-06-22T21:12:39.747+05:30  INFO 10740 --- [indicator-service] [rap-executor-%d] c.n.d.s.r.aws.ConfigClusterResolver      : Resolving eureka endpoints via configuration
2026-06-22T21:17:39.777+05:30  INFO 10740 --- [indicator-service] [rap-executor-%d] c.n.d.s.r.aws.ConfigClusterResolver      : Resolving eureka endpoints via configuration
2026-06-22T21:22:39.805+05:30  INFO 10740 --- [indicator-service] [rap-executor-%d] c.n.d.s.r.aws.ConfigClusterResolver      : Resolving eureka endpoints via configuration
2026-06-22T21:27:39.830+05:30  INFO 10740 --- [indicator-service] [rap-executor-%d] c.n.d.s.r.aws.ConfigClusterResolver      : Resolving eureka endpoints via configuration
2026-06-22T21:32:39.836+05:30  INFO 10740 --- [indicator-service] [rap-executor-%d] c.n.d.s.r.aws.ConfigClusterResolver      : Resolving eureka endpoints via configuration
2026-06-22T21:37:39.842+05:30  INFO 10740 --- [indicator-service] [rap-executor-%d] c.n.d.s.r.aws.ConfigClusterResolver      : Resolving eureka endpoints via configuration
2026-06-22T21:42:39.851+05:30  INFO 10740 --- [indicator-service] [rap-executor-%d] c.n.d.s.r.aws.ConfigClusterResolver      : Resolving eureka endpoints via configuration
2026-06-22T21:47:39.871+05:30  INFO 10740 --- [indicator-service] [rap-executor-%d] c.n.d.s.r.aws.ConfigClusterResolver      : Resolving eureka endpoints via configuration
2026-06-22T21:52:39.949+05:30  INFO 10740 --- [indicator-service] [rap-executor-%d] c.n.d.s.r.aws.ConfigClusterResolver      : Resolving eureka endpoints via configuration
2026-06-22T21:57:39.995+05:30  INFO 10740 --- [indicator-service] [rap-executor-%d] c.n.d.s.r.aws.ConfigClusterResolver      : Resolving eureka endpoints via configuration
2026-06-22T22:02:40.043+05:30  INFO 10740 --- [indicator-service] [rap-executor-%d] c.n.d.s.r.aws.ConfigClusterResolver      : Resolving eureka endpoints via configuration
2026-06-22T22:07:40.081+05:30  INFO 10740 --- [indicator-service] [rap-executor-%d] c.n.d.s.r.aws.ConfigClusterResolver      : Resolving eureka endpoints via configuration
2026-06-22T22:12:40.091+05:30  INFO 10740 --- [indicator-service] [rap-executor-%d] c.n.d.s.r.aws.ConfigClusterResolver      : Resolving eureka endpoints via configuration
2026-06-22T22:17:40.108+05:30  INFO 10740 --- [indicator-service] [rap-executor-%d] c.n.d.s.r.aws.ConfigClusterResolver      : Resolving eureka endpoints via configuration
2026-06-22T22:22:40.122+05:30  INFO 10740 --- [indicator-service] [rap-executor-%d] c.n.d.s.r.aws.ConfigClusterResolver      : Resolving eureka endpoints via configuration
2026-06-22T22:27:40.187+05:30  INFO 10740 --- [indicator-service] [rap-executor-%d] c.n.d.s.r.aws.ConfigClusterResolver      : Resolving eureka endpoints via configuration
2026-06-22T22:32:40.244+05:30  INFO 10740 --- [indicator-service] [rap-executor-%d] c.n.d.s.r.aws.ConfigClusterResolver      : Resolving eureka endpoints via configuration
2026-06-22T22:37:40.300+05:30  INFO 10740 --- [indicator-service] [rap-executor-%d] c.n.d.s.r.aws.ConfigClusterResolver      : Resolving eureka endpoints via configuration
2026-06-22T22:42:40.388+05:30  INFO 10740 --- [indicator-service] [rap-executor-%d] c.n.d.s.r.aws.ConfigClusterResolver      : Resolving eureka endpoints via configuration
2026-06-22T22:47:40.412+05:30  INFO 10740 --- [indicator-service] [rap-executor-%d] c.n.d.s.r.aws.ConfigClusterResolver      : Resolving eureka endpoints via configuration
2026-06-22T22:52:40.458+05:30  INFO 10740 --- [indicator-service] [rap-executor-%d] c.n.d.s.r.aws.ConfigClusterResolver      : Resolving eureka endpoints via configuration
2026-06-22T22:57:40.480+05:30  INFO 10740 --- [indicator-service] [rap-executor-%d] c.n.d.s.r.aws.ConfigClusterResolver      : Resolving eureka endpoints via configuration
2026-06-22T23:02:40.540+05:30  INFO 10740 --- [indicator-service] [rap-executor-%d] c.n.d.s.r.aws.ConfigClusterResolver      : Resolving eureka endpoints via configuration
2026-06-22T23:07:40.594+05:30  INFO 10740 --- [indicator-service] [rap-executor-%d] c.n.d.s.r.aws.ConfigClusterResolver      : Resolving eureka endpoints via configuration
2026-06-22T23:12:40.901+05:30  INFO 10740 --- [indicator-service] [rap-executor-%d] c.n.d.s.r.aws.ConfigClusterResolver      : Resolving eureka endpoints via configuration
2026-06-22T23:17:41.109+05:30  INFO 10740 --- [indicator-service] [rap-executor-%d] c.n.d.s.r.aws.ConfigClusterResolver      : Resolving eureka endpoints via configuration
2026-06-22T23:22:41.241+05:30  INFO 10740 --- [indicator-service] [rap-executor-%d] c.n.d.s.r.aws.ConfigClusterResolver      : Resolving eureka endpoints via configuration
2026-06-22T23:27:41.312+05:30  INFO 10740 --- [indicator-service] [rap-executor-%d] c.n.d.s.r.aws.ConfigClusterResolver      : Resolving eureka endpoints via configuration
2026-06-22T23:32:41.366+05:30  INFO 10740 --- [indicator-service] [rap-executor-%d] c.n.d.s.r.aws.ConfigClusterResolver      : Resolving eureka endpoints via configuration
2026-06-22T23:37:41.382+05:30  INFO 10740 --- [indicator-service] [rap-executor-%d] c.n.d.s.r.aws.ConfigClusterResolver      : Resolving eureka endpoints via configuration
2026-06-23T00:01:50.958+05:30  INFO 10740 --- [indicator-service] [rap-executor-%d] c.n.d.s.r.aws.ConfigClusterResolver      : Resolving eureka endpoints via configuration
2026-06-23T00:45:42.274+05:30  INFO 10740 --- [indicator-service] [rap-executor-%d] c.n.d.s.r.aws.ConfigClusterResolver      : Resolving eureka endpoints via configuration
2026-06-23T00:50:42.385+05:30  INFO 10740 --- [indicator-service] [rap-executor-%d] c.n.d.s.r.aws.ConfigClusterResolver      : Resolving eureka endpoints via configuration
2026-06-23T00:55:42.424+05:30  INFO 10740 --- [indicator-service] [rap-executor-%d] c.n.d.s.r.aws.ConfigClusterResolver      : Resolving eureka endpoints via configuration
2026-06-23T01:00:42.458+05:30  INFO 10740 --- [indicator-service] [rap-executor-%d] c.n.d.s.r.aws.ConfigClusterResolver      : Resolving eureka endpoints via configuration
2026-06-23T01:05:42.549+05:30  INFO 10740 --- [indicator-service] [rap-executor-%d] c.n.d.s.r.aws.ConfigClusterResolver      : Resolving eureka endpoints via configuration
2026-06-23T01:10:42.586+05:30  INFO 10740 --- [indicator-service] [rap-executor-%d] c.n.d.s.r.aws.ConfigClusterResolver      : Resolving eureka endpoints via configuration
2026-06-23T01:15:42.645+05:30  INFO 10740 --- [indicator-service] [rap-executor-%d] c.n.d.s.r.aws.ConfigClusterResolver      : Resolving eureka endpoints via configuration
2026-06-23T01:20:42.701+05:30  INFO 10740 --- [indicator-service] [rap-executor-%d] c.n.d.s.r.aws.ConfigClusterResolver      : Resolving eureka endpoints via configuration
