[INFO] Scanning for projects...
[INFO] 
[INFO] ------------------< com.stockbadshah:scanner-service >------------------
[INFO] Building scanner-service 0.0.1-SNAPSHOT
[INFO]   from pom.xml
[INFO] --------------------------------[ jar ]---------------------------------
[INFO] 
[INFO] >>> spring-boot:4.0.6:run (default-cli) > test-compile @ scanner-service >>>
[INFO] 
[INFO] --- resources:3.3.1:resources (default-resources) @ scanner-service ---
[INFO] Copying 1 resource from src\main\resources to target\classes
[INFO] Copying 0 resource from src\main\resources to target\classes
[INFO] 
[INFO] --- compiler:3.14.1:compile (default-compile) @ scanner-service ---
[INFO] Nothing to compile - all classes are up to date.
[INFO] 
[INFO] --- resources:3.3.1:testResources (default-testResources) @ scanner-service ---
[INFO] skip non existing resourceDirectory D:\StockMarketBadsaha\backend\scanner-service\src\test\resources
[INFO] 
[INFO] --- compiler:3.14.1:testCompile (default-testCompile) @ scanner-service ---
[INFO] Nothing to compile - all classes are up to date.
[INFO] 
[INFO] <<< spring-boot:4.0.6:run (default-cli) < test-compile @ scanner-service <<<
[INFO] 
[INFO] 
[INFO] --- spring-boot:4.0.6:run (default-cli) @ scanner-service ---
[INFO] Attaching agents: []

  .   ____          _            __ _ _
 /\\ / ___'_ __ _ _(_)_ __  __ _ \ \ \ \
( ( )\___ | '_ | '_| | '_ \/ _` | \ \ \ \
 \\/  ___)| |_)| | | | | || (_| |  ) ) ) )
  '  |____| .__|_| |_|_| |_\__, | / / / /
 =========|_|==============|___/=/_/_/_/

 :: Spring Boot ::                (v4.0.6)

2026-06-22T14:02:21.561+05:30  INFO 32196 --- [scanner-service] [           main] c.s.s.ScannerServiceApplication          : Starting ScannerServiceApplication using Java 25 with PID 32196 (D:\StockMarketBadsaha\backend\scanner-service\target\classes started by irfan in D:\StockMarketBadsaha\backend\scanner-service)
2026-06-22T14:02:21.572+05:30  INFO 32196 --- [scanner-service] [           main] c.s.s.ScannerServiceApplication          : No active profile set, falling back to 1 default profile: "default"
2026-06-22T14:02:27.795+05:30  INFO 32196 --- [scanner-service] [           main] o.s.cloud.context.scope.GenericScope     : BeanFactory id=35c9ec96-e282-36e2-9770-2a56893fc5d5
2026-06-22T14:02:28.710+05:30  INFO 32196 --- [scanner-service] [           main] o.s.boot.tomcat.TomcatWebServer          : Tomcat initialized with port 8083 (http)
2026-06-22T14:02:28.750+05:30  INFO 32196 --- [scanner-service] [           main] o.apache.catalina.core.StandardService   : Starting service [Tomcat]
2026-06-22T14:02:29.119+05:30  INFO 32196 --- [scanner-service] [           main] o.apache.catalina.core.StandardEngine    : Starting Servlet engine: [Apache Tomcat/11.0.21]
2026-06-22T14:02:29.435+05:30  INFO 32196 --- [scanner-service] [           main] b.w.c.s.WebApplicationContextInitializer : Root WebApplicationContext: initialization completed in 7642 ms
2026-06-22T14:02:34.563+05:30  INFO 32196 --- [scanner-service] [           main] DiscoveryClientOptionalArgsConfiguration : Eureka HTTP Client uses RestClient.
2026-06-22T14:02:34.730+05:30  WARN 32196 --- [scanner-service] [           main] iguration$LoadBalancerCaffeineWarnLogger : Spring Cloud LoadBalancer is currently working with the default cache. While this cache implementation is useful for development and tests, it's recommended to use Caffeine cache in production.You can switch to using Caffeine cache, by adding it and org.springframework.cache.caffeine.CaffeineCacheManager to the classpath.
2026-06-22T14:02:34.755+05:30  INFO 32196 --- [scanner-service] [           main] o.s.b.a.e.web.EndpointLinksResolver      : Exposing 1 endpoint beneath base path '/actuator'
2026-06-22T14:02:34.970+05:30  INFO 32196 --- [scanner-service] [           main] o.s.c.n.eureka.InstanceInfoFactory       : Setting initial instance status as: STARTING
2026-06-22T14:02:35.938+05:30  INFO 32196 --- [scanner-service] [           main] com.netflix.discovery.DiscoveryClient    : Initializing Eureka in region us-east-1
2026-06-22T14:02:35.962+05:30  INFO 32196 --- [scanner-service] [           main] c.n.d.s.r.aws.ConfigClusterResolver      : Resolving eureka endpoints via configuration
2026-06-22T14:02:36.022+05:30  INFO 32196 --- [scanner-service] [           main] com.netflix.discovery.DiscoveryClient    : Disable delta property : false
2026-06-22T14:02:36.034+05:30  INFO 32196 --- [scanner-service] [           main] com.netflix.discovery.DiscoveryClient    : Single vip registry refresh property : null
2026-06-22T14:02:36.036+05:30  INFO 32196 --- [scanner-service] [           main] com.netflix.discovery.DiscoveryClient    : Force full registry fetch : false
2026-06-22T14:02:36.037+05:30  INFO 32196 --- [scanner-service] [           main] com.netflix.discovery.DiscoveryClient    : Application is null : false
2026-06-22T14:02:36.039+05:30  INFO 32196 --- [scanner-service] [           main] com.netflix.discovery.DiscoveryClient    : Registered Applications size is zero : true
2026-06-22T14:02:36.041+05:30  INFO 32196 --- [scanner-service] [           main] com.netflix.discovery.DiscoveryClient    : Application version is -1: true
2026-06-22T14:02:36.042+05:30  INFO 32196 --- [scanner-service] [           main] com.netflix.discovery.DiscoveryClient    : Getting all instance registry info from the eureka server
2026-06-22T14:02:46.114+05:30  INFO 32196 --- [scanner-service] [           main] com.netflix.discovery.DiscoveryClient    : The response status is 200
2026-06-22T14:02:46.269+05:30  INFO 32196 --- [scanner-service] [           main] com.netflix.discovery.DiscoveryClient    : Starting heartbeat executor: renew interval is: 30
2026-06-22T14:02:46.273+05:30  INFO 32196 --- [scanner-service] [           main] c.n.discovery.InstanceInfoReplicator     : InstanceInfoReplicator onDemand update allowed rate per min is 4
2026-06-22T14:02:46.354+05:30  INFO 32196 --- [scanner-service] [           main] com.netflix.discovery.DiscoveryClient    : Discovery Client initialized at timestamp 1782117166276 with initial instances count: 0
2026-06-22T14:02:46.362+05:30  INFO 32196 --- [scanner-service] [           main] o.s.c.n.e.s.EurekaServiceRegistry        : Registering application SCANNER-SERVICE with eureka with status UP
2026-06-22T14:02:46.365+05:30  INFO 32196 --- [scanner-service] [           main] com.netflix.discovery.DiscoveryClient    : Saw local status change event StatusChangeEvent [timestamp=1782117166365, current=UP, previous=STARTING]
2026-06-22T14:02:46.373+05:30  INFO 32196 --- [scanner-service] [foReplicator-%d] com.netflix.discovery.DiscoveryClient    : DiscoveryClient_SCANNER-SERVICE/DESKTOP-TAPHLMF:scanner-service:8083: registering service...
2026-06-22T14:02:48.760+05:30  INFO 32196 --- [scanner-service] [           main] o.s.boot.tomcat.TomcatWebServer          : Tomcat started on port 8083 (http) with context path '/'
2026-06-22T14:02:48.763+05:30  INFO 32196 --- [scanner-service] [           main] .s.c.n.e.s.EurekaAutoServiceRegistration : Updating port to 8083
2026-06-22T14:02:48.872+05:30  INFO 32196 --- [scanner-service] [           main] c.s.s.ScannerServiceApplication          : Started ScannerServiceApplication in 31.69 seconds (process running for 54.499)
2026-06-22T14:02:49.558+05:30  INFO 32196 --- [scanner-service] [foReplicator-%d] com.netflix.discovery.DiscoveryClient    : DiscoveryClient_SCANNER-SERVICE/DESKTOP-TAPHLMF:scanner-service:8083 - registration status: 204
2026-06-22T14:03:16.270+05:30  INFO 32196 --- [scanner-service] [reshExecutor-%d] com.netflix.discovery.DiscoveryClient    : Disable delta property : false
2026-06-22T14:03:16.271+05:30  INFO 32196 --- [scanner-service] [reshExecutor-%d] com.netflix.discovery.DiscoveryClient    : Single vip registry refresh property : null
2026-06-22T14:03:16.272+05:30  INFO 32196 --- [scanner-service] [reshExecutor-%d] com.netflix.discovery.DiscoveryClient    : Force full registry fetch : false
2026-06-22T14:03:16.273+05:30  INFO 32196 --- [scanner-service] [reshExecutor-%d] com.netflix.discovery.DiscoveryClient    : Application is null : false
2026-06-22T14:03:16.274+05:30  INFO 32196 --- [scanner-service] [reshExecutor-%d] com.netflix.discovery.DiscoveryClient    : Registered Applications size is zero : true
2026-06-22T14:03:16.275+05:30  INFO 32196 --- [scanner-service] [reshExecutor-%d] com.netflix.discovery.DiscoveryClient    : Application version is -1: false
2026-06-22T14:03:16.276+05:30  INFO 32196 --- [scanner-service] [reshExecutor-%d] com.netflix.discovery.DiscoveryClient    : Getting all instance registry info from the eureka server
2026-06-22T14:03:16.452+05:30  INFO 32196 --- [scanner-service] [reshExecutor-%d] com.netflix.discovery.DiscoveryClient    : The response status is 200
2026-06-22T14:07:36.061+05:30  INFO 32196 --- [scanner-service] [rap-executor-%d] c.n.d.s.r.aws.ConfigClusterResolver      : Resolving eureka endpoints via configuration
2026-06-22T14:12:36.194+05:30  INFO 32196 --- [scanner-service] [rap-executor-%d] c.n.d.s.r.aws.ConfigClusterResolver      : Resolving eureka endpoints via configuration
2026-06-22T14:12:46.709+05:30  INFO 32196 --- [scanner-service] [nio-8083-exec-1] o.a.c.c.C.[Tomcat].[localhost].[/]       : Initializing Spring DispatcherServlet 'dispatcherServlet'
2026-06-22T14:12:46.717+05:30  INFO 32196 --- [scanner-service] [nio-8083-exec-1] o.s.web.servlet.DispatcherServlet        : Initializing Servlet 'dispatcherServlet'
2026-06-22T14:12:46.852+05:30  INFO 32196 --- [scanner-service] [nio-8083-exec-1] o.s.web.servlet.DispatcherServlet        : Completed initialization in 127 ms
2026-06-22T14:17:36.273+05:30  INFO 32196 --- [scanner-service] [rap-executor-%d] c.n.d.s.r.aws.ConfigClusterResolver      : Resolving eureka endpoints via configuration
2026-06-22T14:22:36.331+05:30  INFO 32196 --- [scanner-service] [rap-executor-%d] c.n.d.s.r.aws.ConfigClusterResolver      : Resolving eureka endpoints via configuration
2026-06-22T14:27:36.353+05:30  INFO 32196 --- [scanner-service] [rap-executor-%d] c.n.d.s.r.aws.ConfigClusterResolver      : Resolving eureka endpoints via configuration
2026-06-22T14:32:36.370+05:30  INFO 32196 --- [scanner-service] [rap-executor-%d] c.n.d.s.r.aws.ConfigClusterResolver      : Resolving eureka endpoints via configuration
2026-06-22T14:37:36.383+05:30  INFO 32196 --- [scanner-service] [rap-executor-%d] c.n.d.s.r.aws.ConfigClusterResolver      : Resolving eureka endpoints via configuration
2026-06-22T14:42:36.389+05:30  INFO 32196 --- [scanner-service] [rap-executor-%d] c.n.d.s.r.aws.ConfigClusterResolver      : Resolving eureka endpoints via configuration
2026-06-22T14:47:36.393+05:30  INFO 32196 --- [scanner-service] [rap-executor-%d] c.n.d.s.r.aws.ConfigClusterResolver      : Resolving eureka endpoints via configuration
2026-06-22T14:52:36.397+05:30  INFO 32196 --- [scanner-service] [rap-executor-%d] c.n.d.s.r.aws.ConfigClusterResolver      : Resolving eureka endpoints via configuration
2026-06-22T14:57:36.400+05:30  INFO 32196 --- [scanner-service] [rap-executor-%d] c.n.d.s.r.aws.ConfigClusterResolver      : Resolving eureka endpoints via configuration
2026-06-22T15:02:36.413+05:30  INFO 32196 --- [scanner-service] [rap-executor-%d] c.n.d.s.r.aws.ConfigClusterResolver      : Resolving eureka endpoints via configuration
2026-06-22T15:07:36.506+05:30  INFO 32196 --- [scanner-service] [rap-executor-%d] c.n.d.s.r.aws.ConfigClusterResolver      : Resolving eureka endpoints via configuration
2026-06-22T15:12:36.519+05:30  INFO 32196 --- [scanner-service] [rap-executor-%d] c.n.d.s.r.aws.ConfigClusterResolver      : Resolving eureka endpoints via configuration
2026-06-22T15:17:36.541+05:30  INFO 32196 --- [scanner-service] [rap-executor-%d] c.n.d.s.r.aws.ConfigClusterResolver      : Resolving eureka endpoints via configuration
2026-06-22T15:22:36.544+05:30  INFO 32196 --- [scanner-service] [rap-executor-%d] c.n.d.s.r.aws.ConfigClusterResolver      : Resolving eureka endpoints via configuration
2026-06-22T15:27:36.547+05:30  INFO 32196 --- [scanner-service] [rap-executor-%d] c.n.d.s.r.aws.ConfigClusterResolver      : Resolving eureka endpoints via configuration
2026-06-22T15:32:36.548+05:30  INFO 32196 --- [scanner-service] [rap-executor-%d] c.n.d.s.r.aws.ConfigClusterResolver      : Resolving eureka endpoints via configuration
2026-06-22T15:37:36.550+05:30  INFO 32196 --- [scanner-service] [rap-executor-%d] c.n.d.s.r.aws.ConfigClusterResolver      : Resolving eureka endpoints via configuration
2026-06-22T15:42:36.582+05:30  INFO 32196 --- [scanner-service] [rap-executor-%d] c.n.d.s.r.aws.ConfigClusterResolver      : Resolving eureka endpoints via configuration
2026-06-22T15:47:36.585+05:30  INFO 32196 --- [scanner-service] [rap-executor-%d] c.n.d.s.r.aws.ConfigClusterResolver      : Resolving eureka endpoints via configuration
2026-06-22T15:52:36.587+05:30  INFO 32196 --- [scanner-service] [rap-executor-%d] c.n.d.s.r.aws.ConfigClusterResolver      : Resolving eureka endpoints via configuration
2026-06-22T15:57:36.590+05:30  INFO 32196 --- [scanner-service] [rap-executor-%d] c.n.d.s.r.aws.ConfigClusterResolver      : Resolving eureka endpoints via configuration
2026-06-22T16:02:36.598+05:30  INFO 32196 --- [scanner-service] [rap-executor-%d] c.n.d.s.r.aws.ConfigClusterResolver      : Resolving eureka endpoints via configuration
2026-06-22T16:07:36.601+05:30  INFO 32196 --- [scanner-service] [rap-executor-%d] c.n.d.s.r.aws.ConfigClusterResolver      : Resolving eureka endpoints via configuration
2026-06-22T16:12:36.604+05:30  INFO 32196 --- [scanner-service] [rap-executor-%d] c.n.d.s.r.aws.ConfigClusterResolver      : Resolving eureka endpoints via configuration
2026-06-22T16:17:36.608+05:30  INFO 32196 --- [scanner-service] [rap-executor-%d] c.n.d.s.r.aws.ConfigClusterResolver      : Resolving eureka endpoints via configuration
2026-06-22T16:22:36.610+05:30  INFO 32196 --- [scanner-service] [rap-executor-%d] c.n.d.s.r.aws.ConfigClusterResolver      : Resolving eureka endpoints via configuration
2026-06-22T16:27:36.613+05:30  INFO 32196 --- [scanner-service] [rap-executor-%d] c.n.d.s.r.aws.ConfigClusterResolver      : Resolving eureka endpoints via configuration
2026-06-22T16:32:36.617+05:30  INFO 32196 --- [scanner-service] [rap-executor-%d] c.n.d.s.r.aws.ConfigClusterResolver      : Resolving eureka endpoints via configuration
2026-06-22T16:37:36.620+05:30  INFO 32196 --- [scanner-service] [rap-executor-%d] c.n.d.s.r.aws.ConfigClusterResolver      : Resolving eureka endpoints via configuration
2026-06-22T16:42:36.623+05:30  INFO 32196 --- [scanner-service] [rap-executor-%d] c.n.d.s.r.aws.ConfigClusterResolver      : Resolving eureka endpoints via configuration
2026-06-22T16:47:36.624+05:30  INFO 32196 --- [scanner-service] [rap-executor-%d] c.n.d.s.r.aws.ConfigClusterResolver      : Resolving eureka endpoints via configuration
2026-06-22T16:52:36.626+05:30  INFO 32196 --- [scanner-service] [rap-executor-%d] c.n.d.s.r.aws.ConfigClusterResolver      : Resolving eureka endpoints via configuration
2026-06-22T16:57:36.690+05:30  INFO 32196 --- [scanner-service] [rap-executor-%d] c.n.d.s.r.aws.ConfigClusterResolver      : Resolving eureka endpoints via configuration
2026-06-22T17:02:36.692+05:30  INFO 32196 --- [scanner-service] [rap-executor-%d] c.n.d.s.r.aws.ConfigClusterResolver      : Resolving eureka endpoints via configuration
2026-06-22T17:07:36.697+05:30  INFO 32196 --- [scanner-service] [rap-executor-%d] c.n.d.s.r.aws.ConfigClusterResolver      : Resolving eureka endpoints via configuration
2026-06-22T17:12:36.700+05:30  INFO 32196 --- [scanner-service] [rap-executor-%d] c.n.d.s.r.aws.ConfigClusterResolver      : Resolving eureka endpoints via configuration
2026-06-22T17:17:36.703+05:30  INFO 32196 --- [scanner-service] [rap-executor-%d] c.n.d.s.r.aws.ConfigClusterResolver      : Resolving eureka endpoints via configuration
2026-06-22T17:22:36.710+05:30  INFO 32196 --- [scanner-service] [rap-executor-%d] c.n.d.s.r.aws.ConfigClusterResolver      : Resolving eureka endpoints via configuration
2026-06-22T17:27:36.733+05:30  INFO 32196 --- [scanner-service] [rap-executor-%d] c.n.d.s.r.aws.ConfigClusterResolver      : Resolving eureka endpoints via configuration
2026-06-22T17:32:36.738+05:30  INFO 32196 --- [scanner-service] [rap-executor-%d] c.n.d.s.r.aws.ConfigClusterResolver      : Resolving eureka endpoints via configuration
2026-06-22T17:37:36.758+05:30  INFO 32196 --- [scanner-service] [rap-executor-%d] c.n.d.s.r.aws.ConfigClusterResolver      : Resolving eureka endpoints via configuration
2026-06-22T17:42:36.776+05:30  INFO 32196 --- [scanner-service] [rap-executor-%d] c.n.d.s.r.aws.ConfigClusterResolver      : Resolving eureka endpoints via configuration
2026-06-22T17:47:36.783+05:30  INFO 32196 --- [scanner-service] [rap-executor-%d] c.n.d.s.r.aws.ConfigClusterResolver      : Resolving eureka endpoints via configuration
2026-06-22T17:52:36.790+05:30  INFO 32196 --- [scanner-service] [rap-executor-%d] c.n.d.s.r.aws.ConfigClusterResolver      : Resolving eureka endpoints via configuration
2026-06-22T17:57:36.792+05:30  INFO 32196 --- [scanner-service] [rap-executor-%d] c.n.d.s.r.aws.ConfigClusterResolver      : Resolving eureka endpoints via configuration
2026-06-22T18:02:36.800+05:30  INFO 32196 --- [scanner-service] [rap-executor-%d] c.n.d.s.r.aws.ConfigClusterResolver      : Resolving eureka endpoints via configuration
2026-06-22T18:07:36.847+05:30  INFO 32196 --- [scanner-service] [rap-executor-%d] c.n.d.s.r.aws.ConfigClusterResolver      : Resolving eureka endpoints via configuration
2026-06-22T18:12:36.886+05:30  INFO 32196 --- [scanner-service] [rap-executor-%d] c.n.d.s.r.aws.ConfigClusterResolver      : Resolving eureka endpoints via configuration
2026-06-22T18:17:36.899+05:30  INFO 32196 --- [scanner-service] [rap-executor-%d] c.n.d.s.r.aws.ConfigClusterResolver      : Resolving eureka endpoints via configuration
2026-06-22T18:22:36.905+05:30  INFO 32196 --- [scanner-service] [rap-executor-%d] c.n.d.s.r.aws.ConfigClusterResolver      : Resolving eureka endpoints via configuration
2026-06-22T18:27:36.955+05:30  INFO 32196 --- [scanner-service] [rap-executor-%d] c.n.d.s.r.aws.ConfigClusterResolver      : Resolving eureka endpoints via configuration
2026-06-22T18:32:36.959+05:30  INFO 32196 --- [scanner-service] [rap-executor-%d] c.n.d.s.r.aws.ConfigClusterResolver      : Resolving eureka endpoints via configuration
2026-06-22T18:37:36.963+05:30  INFO 32196 --- [scanner-service] [rap-executor-%d] c.n.d.s.r.aws.ConfigClusterResolver      : Resolving eureka endpoints via configuration
2026-06-22T18:42:36.964+05:30  INFO 32196 --- [scanner-service] [rap-executor-%d] c.n.d.s.r.aws.ConfigClusterResolver      : Resolving eureka endpoints via configuration
2026-06-22T18:47:36.967+05:30  INFO 32196 --- [scanner-service] [rap-executor-%d] c.n.d.s.r.aws.ConfigClusterResolver      : Resolving eureka endpoints via configuration
2026-06-22T18:52:36.971+05:30  INFO 32196 --- [scanner-service] [rap-executor-%d] c.n.d.s.r.aws.ConfigClusterResolver      : Resolving eureka endpoints via configuration
2026-06-22T18:57:36.974+05:30  INFO 32196 --- [scanner-service] [rap-executor-%d] c.n.d.s.r.aws.ConfigClusterResolver      : Resolving eureka endpoints via configuration
2026-06-22T19:02:36.976+05:30  INFO 32196 --- [scanner-service] [rap-executor-%d] c.n.d.s.r.aws.ConfigClusterResolver      : Resolving eureka endpoints via configuration
2026-06-22T19:07:37.007+05:30  INFO 32196 --- [scanner-service] [rap-executor-%d] c.n.d.s.r.aws.ConfigClusterResolver      : Resolving eureka endpoints via configuration
2026-06-22T19:12:37.098+05:30  INFO 32196 --- [scanner-service] [rap-executor-%d] c.n.d.s.r.aws.ConfigClusterResolver      : Resolving eureka endpoints via configuration
2026-06-22T19:17:37.106+05:30  INFO 32196 --- [scanner-service] [rap-executor-%d] c.n.d.s.r.aws.ConfigClusterResolver      : Resolving eureka endpoints via configuration
2026-06-22T19:22:37.145+05:30  INFO 32196 --- [scanner-service] [rap-executor-%d] c.n.d.s.r.aws.ConfigClusterResolver      : Resolving eureka endpoints via configuration
2026-06-22T19:27:37.152+05:30  INFO 32196 --- [scanner-service] [rap-executor-%d] c.n.d.s.r.aws.ConfigClusterResolver      : Resolving eureka endpoints via configuration
2026-06-22T19:32:37.173+05:30  INFO 32196 --- [scanner-service] [rap-executor-%d] c.n.d.s.r.aws.ConfigClusterResolver      : Resolving eureka endpoints via configuration
2026-06-22T19:37:37.223+05:30  INFO 32196 --- [scanner-service] [rap-executor-%d] c.n.d.s.r.aws.ConfigClusterResolver      : Resolving eureka endpoints via configuration
2026-06-22T19:42:37.234+05:30  INFO 32196 --- [scanner-service] [rap-executor-%d] c.n.d.s.r.aws.ConfigClusterResolver      : Resolving eureka endpoints via configuration
2026-06-22T19:47:37.280+05:30  INFO 32196 --- [scanner-service] [rap-executor-%d] c.n.d.s.r.aws.ConfigClusterResolver      : Resolving eureka endpoints via configuration
2026-06-22T19:52:37.336+05:30  INFO 32196 --- [scanner-service] [rap-executor-%d] c.n.d.s.r.aws.ConfigClusterResolver      : Resolving eureka endpoints via configuration
2026-06-22T19:57:37.449+05:30  INFO 32196 --- [scanner-service] [rap-executor-%d] c.n.d.s.r.aws.ConfigClusterResolver      : Resolving eureka endpoints via configuration
2026-06-22T20:02:37.618+05:30  INFO 32196 --- [scanner-service] [rap-executor-%d] c.n.d.s.r.aws.ConfigClusterResolver      : Resolving eureka endpoints via configuration
2026-06-22T20:07:37.658+05:30  INFO 32196 --- [scanner-service] [rap-executor-%d] c.n.d.s.r.aws.ConfigClusterResolver      : Resolving eureka endpoints via configuration
2026-06-22T20:12:37.737+05:30  INFO 32196 --- [scanner-service] [rap-executor-%d] c.n.d.s.r.aws.ConfigClusterResolver      : Resolving eureka endpoints via configuration
2026-06-22T20:17:37.836+05:30  INFO 32196 --- [scanner-service] [rap-executor-%d] c.n.d.s.r.aws.ConfigClusterResolver      : Resolving eureka endpoints via configuration
2026-06-22T20:22:37.905+05:30  INFO 32196 --- [scanner-service] [rap-executor-%d] c.n.d.s.r.aws.ConfigClusterResolver      : Resolving eureka endpoints via configuration
2026-06-22T20:29:06.378+05:30  INFO 32196 --- [scanner-service] [rap-executor-%d] c.n.d.s.r.aws.ConfigClusterResolver      : Resolving eureka endpoints via configuration
2026-06-22T20:34:06.506+05:30  INFO 32196 --- [scanner-service] [rap-executor-%d] c.n.d.s.r.aws.ConfigClusterResolver      : Resolving eureka endpoints via configuration
2026-06-22T20:39:09.282+05:30  INFO 32196 --- [scanner-service] [rap-executor-%d] c.n.d.s.r.aws.ConfigClusterResolver      : Resolving eureka endpoints via configuration
2026-06-22T20:54:40.910+05:30  INFO 32196 --- [scanner-service] [rap-executor-%d] c.n.d.s.r.aws.ConfigClusterResolver      : Resolving eureka endpoints via configuration
2026-06-22T20:59:40.983+05:30  INFO 32196 --- [scanner-service] [rap-executor-%d] c.n.d.s.r.aws.ConfigClusterResolver      : Resolving eureka endpoints via configuration
2026-06-22T21:04:41.002+05:30  INFO 32196 --- [scanner-service] [rap-executor-%d] c.n.d.s.r.aws.ConfigClusterResolver      : Resolving eureka endpoints via configuration
2026-06-22T21:09:41.019+05:30  INFO 32196 --- [scanner-service] [rap-executor-%d] c.n.d.s.r.aws.ConfigClusterResolver      : Resolving eureka endpoints via configuration
2026-06-22T21:14:41.039+05:30  INFO 32196 --- [scanner-service] [rap-executor-%d] c.n.d.s.r.aws.ConfigClusterResolver      : Resolving eureka endpoints via configuration
2026-06-22T21:19:41.057+05:30  INFO 32196 --- [scanner-service] [rap-executor-%d] c.n.d.s.r.aws.ConfigClusterResolver      : Resolving eureka endpoints via configuration
2026-06-22T21:24:41.076+05:30  INFO 32196 --- [scanner-service] [rap-executor-%d] c.n.d.s.r.aws.ConfigClusterResolver      : Resolving eureka endpoints via configuration
2026-06-22T21:29:41.082+05:30  INFO 32196 --- [scanner-service] [rap-executor-%d] c.n.d.s.r.aws.ConfigClusterResolver      : Resolving eureka endpoints via configuration
2026-06-22T21:34:41.101+05:30  INFO 32196 --- [scanner-service] [rap-executor-%d] c.n.d.s.r.aws.ConfigClusterResolver      : Resolving eureka endpoints via configuration
2026-06-22T21:39:41.110+05:30  INFO 32196 --- [scanner-service] [rap-executor-%d] c.n.d.s.r.aws.ConfigClusterResolver      : Resolving eureka endpoints via configuration
2026-06-22T21:44:41.121+05:30  INFO 32196 --- [scanner-service] [rap-executor-%d] c.n.d.s.r.aws.ConfigClusterResolver      : Resolving eureka endpoints via configuration
2026-06-22T21:49:41.125+05:30  INFO 32196 --- [scanner-service] [rap-executor-%d] c.n.d.s.r.aws.ConfigClusterResolver      : Resolving eureka endpoints via configuration
2026-06-22T21:54:41.129+05:30  INFO 32196 --- [scanner-service] [rap-executor-%d] c.n.d.s.r.aws.ConfigClusterResolver      : Resolving eureka endpoints via configuration
2026-06-22T21:59:41.177+05:30  INFO 32196 --- [scanner-service] [rap-executor-%d] c.n.d.s.r.aws.ConfigClusterResolver      : Resolving eureka endpoints via configuration
2026-06-22T22:04:41.231+05:30  INFO 32196 --- [scanner-service] [rap-executor-%d] c.n.d.s.r.aws.ConfigClusterResolver      : Resolving eureka endpoints via configuration
2026-06-22T22:09:41.234+05:30  INFO 32196 --- [scanner-service] [rap-executor-%d] c.n.d.s.r.aws.ConfigClusterResolver      : Resolving eureka endpoints via configuration
2026-06-22T22:14:41.249+05:30  INFO 32196 --- [scanner-service] [rap-executor-%d] c.n.d.s.r.aws.ConfigClusterResolver      : Resolving eureka endpoints via configuration
2026-06-22T22:19:41.251+05:30  INFO 32196 --- [scanner-service] [rap-executor-%d] c.n.d.s.r.aws.ConfigClusterResolver      : Resolving eureka endpoints via configuration
2026-06-22T22:24:41.262+05:30  INFO 32196 --- [scanner-service] [rap-executor-%d] c.n.d.s.r.aws.ConfigClusterResolver      : Resolving eureka endpoints via configuration
2026-06-22T22:29:41.282+05:30  INFO 32196 --- [scanner-service] [rap-executor-%d] c.n.d.s.r.aws.ConfigClusterResolver      : Resolving eureka endpoints via configuration
2026-06-22T22:34:41.389+05:30  INFO 32196 --- [scanner-service] [rap-executor-%d] c.n.d.s.r.aws.ConfigClusterResolver      : Resolving eureka endpoints via configuration
2026-06-22T22:39:41.474+05:30  INFO 32196 --- [scanner-service] [rap-executor-%d] c.n.d.s.r.aws.ConfigClusterResolver      : Resolving eureka endpoints via configuration
2026-06-22T22:44:41.537+05:30  INFO 32196 --- [scanner-service] [rap-executor-%d] c.n.d.s.r.aws.ConfigClusterResolver      : Resolving eureka endpoints via configuration
2026-06-22T22:49:41.557+05:30  INFO 32196 --- [scanner-service] [rap-executor-%d] c.n.d.s.r.aws.ConfigClusterResolver      : Resolving eureka endpoints via configuration
2026-06-22T22:54:41.595+05:30  INFO 32196 --- [scanner-service] [rap-executor-%d] c.n.d.s.r.aws.ConfigClusterResolver      : Resolving eureka endpoints via configuration
2026-06-22T22:59:41.608+05:30  INFO 32196 --- [scanner-service] [rap-executor-%d] c.n.d.s.r.aws.ConfigClusterResolver      : Resolving eureka endpoints via configuration
2026-06-22T23:04:41.641+05:30  INFO 32196 --- [scanner-service] [rap-executor-%d] c.n.d.s.r.aws.ConfigClusterResolver      : Resolving eureka endpoints via configuration
2026-06-22T23:09:41.733+05:30  INFO 32196 --- [scanner-service] [rap-executor-%d] c.n.d.s.r.aws.ConfigClusterResolver      : Resolving eureka endpoints via configuration
2026-06-22T23:14:41.769+05:30  INFO 32196 --- [scanner-service] [rap-executor-%d] c.n.d.s.r.aws.ConfigClusterResolver      : Resolving eureka endpoints via configuration
2026-06-22T23:19:41.899+05:30  INFO 32196 --- [scanner-service] [rap-executor-%d] c.n.d.s.r.aws.ConfigClusterResolver      : Resolving eureka endpoints via configuration
2026-06-22T23:24:42.014+05:30  INFO 32196 --- [scanner-service] [rap-executor-%d] c.n.d.s.r.aws.ConfigClusterResolver      : Resolving eureka endpoints via configuration
2026-06-22T23:29:42.081+05:30  INFO 32196 --- [scanner-service] [rap-executor-%d] c.n.d.s.r.aws.ConfigClusterResolver      : Resolving eureka endpoints via configuration
2026-06-22T23:34:42.084+05:30  INFO 32196 --- [scanner-service] [rap-executor-%d] c.n.d.s.r.aws.ConfigClusterResolver      : Resolving eureka endpoints via configuration
2026-06-22T23:39:42.093+05:30  INFO 32196 --- [scanner-service] [rap-executor-%d] c.n.d.s.r.aws.ConfigClusterResolver      : Resolving eureka endpoints via configuration
2026-06-23T00:42:42.910+05:30  INFO 32196 --- [scanner-service] [rap-executor-%d] c.n.d.s.r.aws.ConfigClusterResolver      : Resolving eureka endpoints via configuration
2026-06-23T00:47:43.034+05:30  INFO 32196 --- [scanner-service] [rap-executor-%d] c.n.d.s.r.aws.ConfigClusterResolver      : Resolving eureka endpoints via configuration
2026-06-23T00:52:43.129+05:30  INFO 32196 --- [scanner-service] [rap-executor-%d] c.n.d.s.r.aws.ConfigClusterResolver      : Resolving eureka endpoints via configuration
2026-06-23T00:57:43.208+05:30  INFO 32196 --- [scanner-service] [rap-executor-%d] c.n.d.s.r.aws.ConfigClusterResolver      : Resolving eureka endpoints via configuration
2026-06-23T01:02:43.242+05:30  INFO 32196 --- [scanner-service] [rap-executor-%d] c.n.d.s.r.aws.ConfigClusterResolver      : Resolving eureka endpoints via configuration
2026-06-23T01:07:45.018+05:30  INFO 32196 --- [scanner-service] [rap-executor-%d] c.n.d.s.r.aws.ConfigClusterResolver      : Resolving eureka endpoints via configuration
2026-06-23T01:12:51.124+05:30  INFO 32196 --- [scanner-service] [rap-executor-%d] c.n.d.s.r.aws.ConfigClusterResolver      : Resolving eureka endpoints via configuration
2026-06-23T01:17:51.238+05:30  INFO 32196 --- [scanner-service] [rap-executor-%d] c.n.d.s.r.aws.ConfigClusterResolver      : Resolving eureka endpoints via configuration
