[INFO] Scanning for projects...
[INFO] 
[INFO] ----------------< com.stockbadshah:stock-data-service >-----------------
[INFO] Building  0.0.1-SNAPSHOT
[INFO]   from pom.xml
[INFO] --------------------------------[ jar ]---------------------------------
[INFO] 
[INFO] >>> spring-boot:4.0.6:run (default-cli) > test-compile @ stock-data-service >>>
[INFO] 
[INFO] --- resources:3.3.1:resources (default-resources) @ stock-data-service ---
[INFO] Copying 1 resource from src\main\resources to target\classes
[INFO] Copying 0 resource from src\main\resources to target\classes
[INFO] 
[INFO] --- compiler:3.14.1:compile (default-compile) @ stock-data-service ---
[INFO] Nothing to compile - all classes are up to date.
[INFO] 
[INFO] --- resources:3.3.1:testResources (default-testResources) @ stock-data-service ---
[INFO] skip non existing resourceDirectory D:\StockMarketBadsaha\backend\stock-data-service\src\test\resources
[INFO] 
[INFO] --- compiler:3.14.1:testCompile (default-testCompile) @ stock-data-service ---
[INFO] Nothing to compile - all classes are up to date.
[INFO] 
[INFO] <<< spring-boot:4.0.6:run (default-cli) < test-compile @ stock-data-service <<<
[INFO] 
[INFO] 
[INFO] --- spring-boot:4.0.6:run (default-cli) @ stock-data-service ---
[INFO] Attaching agents: []
Picked up JAVA_TOOL_OPTIONS: -Xms64m -Xmx224m -XX:MaxMetaspaceSize=160m

  .   ____          _            __ _ _
 /\\ / ___'_ __ _ _(_)_ __  __ _ \ \ \ \
( ( )\___ | '_ | '_| | '_ \/ _` | \ \ \ \
 \\/  ___)| |_)| | | | | || (_| |  ) ) ) )
  '  |____| .__|_| |_|_| |_\__, | / / / /
 =========|_|==============|___/=/_/_/_/

 :: Spring Boot ::                (v4.0.6)

2026-06-22T14:10:55.787+05:30  INFO 2276 --- [stock-data-service] [           main] c.s.s.StockDataServiceApplication        : Starting StockDataServiceApplication using Java 25 with PID 2276 (D:\StockMarketBadsaha\backend\stock-data-service\target\classes started by irfan in D:\StockMarketBadsaha\backend\stock-data-service)
2026-06-22T14:10:55.860+05:30  INFO 2276 --- [stock-data-service] [           main] c.s.s.StockDataServiceApplication        : No active profile set, falling back to 1 default profile: "default"
2026-06-22T14:11:04.572+05:30  INFO 2276 --- [stock-data-service] [           main] .s.d.r.c.RepositoryConfigurationDelegate : Bootstrapping Spring Data JPA repositories in DEFAULT mode.
2026-06-22T14:11:06.657+05:30  INFO 2276 --- [stock-data-service] [           main] .s.d.r.c.RepositoryConfigurationDelegate : Finished Spring Data repository scanning in 1899 ms. Found 1 JPA repository interface.
2026-06-22T14:11:08.812+05:30  INFO 2276 --- [stock-data-service] [           main] o.s.cloud.context.scope.GenericScope     : BeanFactory id=eec8e6a1-20bc-3542-817d-1470b7634414
2026-06-22T14:11:12.449+05:30  INFO 2276 --- [stock-data-service] [           main] o.s.boot.tomcat.TomcatWebServer          : Tomcat initialized with port 8081 (http)
2026-06-22T14:11:12.505+05:30  INFO 2276 --- [stock-data-service] [           main] o.apache.catalina.core.StandardService   : Starting service [Tomcat]
2026-06-22T14:11:12.506+05:30  INFO 2276 --- [stock-data-service] [           main] o.apache.catalina.core.StandardEngine    : Starting Servlet engine: [Apache Tomcat/11.0.21]
2026-06-22T14:11:16.583+05:30  INFO 2276 --- [stock-data-service] [           main] b.w.c.s.WebApplicationContextInitializer : Root WebApplicationContext: initialization completed in 20533 ms
2026-06-22T14:11:19.109+05:30  INFO 2276 --- [stock-data-service] [           main] org.hibernate.orm.jpa                    : HHH008540: Processing PersistenceUnitInfo [name: default]
2026-06-22T14:11:19.472+05:30  INFO 2276 --- [stock-data-service] [           main] org.hibernate.orm.core                   : HHH000001: Hibernate ORM core version 7.2.12.Final
2026-06-22T14:11:21.261+05:30  INFO 2276 --- [stock-data-service] [           main] o.s.o.j.p.SpringPersistenceUnitInfo      : No LoadTimeWeaver setup: ignoring JPA class transformer
2026-06-22T14:11:21.488+05:30  INFO 2276 --- [stock-data-service] [           main] com.zaxxer.hikari.HikariDataSource       : HikariPool-1 - Starting...
2026-06-22T14:11:22.996+05:30  INFO 2276 --- [stock-data-service] [           main] com.zaxxer.hikari.pool.HikariPool        : HikariPool-1 - Added connection conn0: url=jdbc:h2:mem:stock_market_badshah user=SA
2026-06-22T14:11:23.010+05:30  INFO 2276 --- [stock-data-service] [           main] com.zaxxer.hikari.HikariDataSource       : HikariPool-1 - Start completed.
2026-06-22T14:11:23.524+05:30  WARN 2276 --- [stock-data-service] [           main] org.hibernate.orm.deprecation            : HHH90000025: H2Dialect does not need to be specified explicitly using 'hibernate.dialect' (remove the property setting and it will be selected by default)
2026-06-22T14:11:23.599+05:30  INFO 2276 --- [stock-data-service] [           main] org.hibernate.orm.connections.pooling    : HHH10001005: Database info:
	Database JDBC URL [jdbc:h2:mem:stock_market_badshah]
	Database driver: H2 JDBC Driver
	Database dialect: H2Dialect
	Database version: 2.4.240
	Default catalog/schema: STOCK_MARKET_BADSHAH/PUBLIC
	Autocommit mode: undefined/unknown
	Isolation level: READ_COMMITTED [default READ_COMMITTED]
	JDBC fetch size: 100
	Pool: DataSourceConnectionProvider
	Minimum pool size: undefined/unknown
	Maximum pool size: undefined/unknown
2026-06-22T14:11:27.969+05:30  INFO 2276 --- [stock-data-service] [           main] org.hibernate.orm.core                   : HHH000489: No JTA platform available (set 'hibernate.transaction.jta.platform' to enable JTA platform integration)
Hibernate: create table stocks (id bigint generated by default as identity, company_name varchar(255), current_price numeric(38,2), debt_to_equity numeric(38,2), market_cap numeric(38,2), pe_ratio numeric(38,2), roe numeric(38,2), stock_date date, symbol varchar(255), volume numeric(38,2), primary key (id))
2026-06-22T14:11:28.211+05:30  INFO 2276 --- [stock-data-service] [           main] j.LocalContainerEntityManagerFactoryBean : Initialized JPA EntityManagerFactory for persistence unit 'default'
2026-06-22T14:11:29.189+05:30  INFO 2276 --- [stock-data-service] [           main] o.s.d.j.r.query.QueryEnhancerFactories   : Hibernate is in classpath; If applicable, HQL parser will be used.
2026-06-22T14:11:32.943+05:30  WARN 2276 --- [stock-data-service] [           main] JpaBaseConfiguration$JpaWebConfiguration : spring.jpa.open-in-view is enabled by default. Therefore, database queries may be performed during view rendering. Explicitly configure spring.jpa.open-in-view to disable this warning
2026-06-22T14:11:35.277+05:30  INFO 2276 --- [stock-data-service] [           main] DiscoveryClientOptionalArgsConfiguration : Eureka HTTP Client uses RestClient.
2026-06-22T14:11:35.354+05:30  WARN 2276 --- [stock-data-service] [           main] iguration$LoadBalancerCaffeineWarnLogger : Spring Cloud LoadBalancer is currently working with the default cache. While this cache implementation is useful for development and tests, it's recommended to use Caffeine cache in production.You can switch to using Caffeine cache, by adding it and org.springframework.cache.caffeine.CaffeineCacheManager to the classpath.
2026-06-22T14:11:35.441+05:30  INFO 2276 --- [stock-data-service] [           main] o.s.b.a.e.web.EndpointLinksResolver      : Exposing 1 endpoint beneath base path '/actuator'
2026-06-22T14:11:35.651+05:30  INFO 2276 --- [stock-data-service] [           main] o.s.c.n.eureka.InstanceInfoFactory       : Setting initial instance status as: STARTING
2026-06-22T14:11:35.785+05:30  INFO 2276 --- [stock-data-service] [           main] com.netflix.discovery.DiscoveryClient    : Initializing Eureka in region us-east-1
2026-06-22T14:11:35.798+05:30  INFO 2276 --- [stock-data-service] [           main] c.n.d.s.r.aws.ConfigClusterResolver      : Resolving eureka endpoints via configuration
2026-06-22T14:11:35.834+05:30  INFO 2276 --- [stock-data-service] [           main] com.netflix.discovery.DiscoveryClient    : Disable delta property : false
2026-06-22T14:11:35.841+05:30  INFO 2276 --- [stock-data-service] [           main] com.netflix.discovery.DiscoveryClient    : Single vip registry refresh property : null
2026-06-22T14:11:35.881+05:30  INFO 2276 --- [stock-data-service] [           main] com.netflix.discovery.DiscoveryClient    : Force full registry fetch : false
2026-06-22T14:11:35.883+05:30  INFO 2276 --- [stock-data-service] [           main] com.netflix.discovery.DiscoveryClient    : Application is null : false
2026-06-22T14:11:35.885+05:30  INFO 2276 --- [stock-data-service] [           main] com.netflix.discovery.DiscoveryClient    : Registered Applications size is zero : true
2026-06-22T14:11:35.887+05:30  INFO 2276 --- [stock-data-service] [           main] com.netflix.discovery.DiscoveryClient    : Application version is -1: true
2026-06-22T14:11:35.889+05:30  INFO 2276 --- [stock-data-service] [           main] com.netflix.discovery.DiscoveryClient    : Getting all instance registry info from the eureka server
2026-06-22T14:11:37.077+05:30  INFO 2276 --- [stock-data-service] [           main] com.netflix.discovery.DiscoveryClient    : The response status is 200
2026-06-22T14:11:37.091+05:30  INFO 2276 --- [stock-data-service] [           main] com.netflix.discovery.DiscoveryClient    : Starting heartbeat executor: renew interval is: 30
2026-06-22T14:11:37.096+05:30  INFO 2276 --- [stock-data-service] [           main] c.n.discovery.InstanceInfoReplicator     : InstanceInfoReplicator onDemand update allowed rate per min is 4
2026-06-22T14:11:37.105+05:30  INFO 2276 --- [stock-data-service] [           main] com.netflix.discovery.DiscoveryClient    : Discovery Client initialized at timestamp 1782117697100 with initial instances count: 8
2026-06-22T14:11:37.113+05:30  INFO 2276 --- [stock-data-service] [           main] o.s.c.n.e.s.EurekaServiceRegistry        : Registering application STOCK-DATA-SERVICE with eureka with status UP
2026-06-22T14:11:37.117+05:30  INFO 2276 --- [stock-data-service] [           main] com.netflix.discovery.DiscoveryClient    : Saw local status change event StatusChangeEvent [timestamp=1782117697117, current=UP, previous=STARTING]
2026-06-22T14:11:37.125+05:30  INFO 2276 --- [stock-data-service] [foReplicator-%d] com.netflix.discovery.DiscoveryClient    : DiscoveryClient_STOCK-DATA-SERVICE/DESKTOP-TAPHLMF:stock-data-service:8081: registering service...
2026-06-22T14:11:37.245+05:30  INFO 2276 --- [stock-data-service] [           main] o.s.boot.tomcat.TomcatWebServer          : Tomcat started on port 8081 (http) with context path '/'
2026-06-22T14:11:37.250+05:30  INFO 2276 --- [stock-data-service] [           main] .s.c.n.e.s.EurekaAutoServiceRegistration : Updating port to 8081
2026-06-22T14:11:37.315+05:30  INFO 2276 --- [stock-data-service] [foReplicator-%d] com.netflix.discovery.DiscoveryClient    : DiscoveryClient_STOCK-DATA-SERVICE/DESKTOP-TAPHLMF:stock-data-service:8081 - registration status: 204
2026-06-22T14:11:37.323+05:30  INFO 2276 --- [stock-data-service] [           main] c.s.s.StockDataServiceApplication        : Started StockDataServiceApplication in 45.954 seconds (process running for 58.132)
2026-06-22T14:12:33.568+05:30  INFO 2276 --- [stock-data-service] [nio-8081-exec-4] o.a.c.c.C.[Tomcat].[localhost].[/]       : Initializing Spring DispatcherServlet 'dispatcherServlet'
2026-06-22T14:12:33.693+05:30  INFO 2276 --- [stock-data-service] [nio-8081-exec-4] o.s.web.servlet.DispatcherServlet        : Initializing Servlet 'dispatcherServlet'
2026-06-22T14:12:33.698+05:30  INFO 2276 --- [stock-data-service] [nio-8081-exec-4] o.s.web.servlet.DispatcherServlet        : Completed initialization in 4 ms
Hibernate: select se1_0.id,se1_0.company_name,se1_0.current_price,se1_0.debt_to_equity,se1_0.market_cap,se1_0.pe_ratio,se1_0.roe,se1_0.stock_date,se1_0.symbol,se1_0.volume from stocks se1_0
Hibernate: select se1_0.id,se1_0.company_name,se1_0.current_price,se1_0.debt_to_equity,se1_0.market_cap,se1_0.pe_ratio,se1_0.roe,se1_0.stock_date,se1_0.symbol,se1_0.volume from stocks se1_0 where upper(se1_0.symbol)=upper(?) order by se1_0.stock_date
Hibernate: insert into stocks (company_name,current_price,debt_to_equity,market_cap,pe_ratio,roe,stock_date,symbol,volume,id) values (?,?,?,?,?,?,?,?,?,default)
Hibernate: insert into stocks (company_name,current_price,debt_to_equity,market_cap,pe_ratio,roe,stock_date,symbol,volume,id) values (?,?,?,?,?,?,?,?,?,default)
Hibernate: insert into stocks (company_name,current_price,debt_to_equity,market_cap,pe_ratio,roe,stock_date,symbol,volume,id) values (?,?,?,?,?,?,?,?,?,default)
Hibernate: insert into stocks (company_name,current_price,debt_to_equity,market_cap,pe_ratio,roe,stock_date,symbol,volume,id) values (?,?,?,?,?,?,?,?,?,default)
Hibernate: insert into stocks (company_name,current_price,debt_to_equity,market_cap,pe_ratio,roe,stock_date,symbol,volume,id) values (?,?,?,?,?,?,?,?,?,default)
Hibernate: insert into stocks (company_name,current_price,debt_to_equity,market_cap,pe_ratio,roe,stock_date,symbol,volume,id) values (?,?,?,?,?,?,?,?,?,default)
Hibernate: insert into stocks (company_name,current_price,debt_to_equity,market_cap,pe_ratio,roe,stock_date,symbol,volume,id) values (?,?,?,?,?,?,?,?,?,default)
Hibernate: insert into stocks (company_name,current_price,debt_to_equity,market_cap,pe_ratio,roe,stock_date,symbol,volume,id) values (?,?,?,?,?,?,?,?,?,default)
Hibernate: insert into stocks (company_name,current_price,debt_to_equity,market_cap,pe_ratio,roe,stock_date,symbol,volume,id) values (?,?,?,?,?,?,?,?,?,default)
Hibernate: insert into stocks (company_name,current_price,debt_to_equity,market_cap,pe_ratio,roe,stock_date,symbol,volume,id) values (?,?,?,?,?,?,?,?,?,default)
Hibernate: insert into stocks (company_name,current_price,debt_to_equity,market_cap,pe_ratio,roe,stock_date,symbol,volume,id) values (?,?,?,?,?,?,?,?,?,default)
Hibernate: insert into stocks (company_name,current_price,debt_to_equity,market_cap,pe_ratio,roe,stock_date,symbol,volume,id) values (?,?,?,?,?,?,?,?,?,default)
Hibernate: insert into stocks (company_name,current_price,debt_to_equity,market_cap,pe_ratio,roe,stock_date,symbol,volume,id) values (?,?,?,?,?,?,?,?,?,default)
Hibernate: insert into stocks (company_name,current_price,debt_to_equity,market_cap,pe_ratio,roe,stock_date,symbol,volume,id) values (?,?,?,?,?,?,?,?,?,default)
Hibernate: insert into stocks (company_name,current_price,debt_to_equity,market_cap,pe_ratio,roe,stock_date,symbol,volume,id) values (?,?,?,?,?,?,?,?,?,default)
Hibernate: insert into stocks (company_name,current_price,debt_to_equity,market_cap,pe_ratio,roe,stock_date,symbol,volume,id) values (?,?,?,?,?,?,?,?,?,default)
Hibernate: insert into stocks (company_name,current_price,debt_to_equity,market_cap,pe_ratio,roe,stock_date,symbol,volume,id) values (?,?,?,?,?,?,?,?,?,default)
Hibernate: insert into stocks (company_name,current_price,debt_to_equity,market_cap,pe_ratio,roe,stock_date,symbol,volume,id) values (?,?,?,?,?,?,?,?,?,default)
Hibernate: insert into stocks (company_name,current_price,debt_to_equity,market_cap,pe_ratio,roe,stock_date,symbol,volume,id) values (?,?,?,?,?,?,?,?,?,default)
Hibernate: insert into stocks (company_name,current_price,debt_to_equity,market_cap,pe_ratio,roe,stock_date,symbol,volume,id) values (?,?,?,?,?,?,?,?,?,default)
Hibernate: select se1_0.id,se1_0.company_name,se1_0.current_price,se1_0.debt_to_equity,se1_0.market_cap,se1_0.pe_ratio,se1_0.roe,se1_0.stock_date,se1_0.symbol,se1_0.volume from stocks se1_0
Hibernate: select se1_0.id,se1_0.company_name,se1_0.current_price,se1_0.debt_to_equity,se1_0.market_cap,se1_0.pe_ratio,se1_0.roe,se1_0.stock_date,se1_0.symbol,se1_0.volume from stocks se1_0 where upper(se1_0.symbol)=upper(?) order by se1_0.stock_date
Hibernate: select se1_0.id,se1_0.company_name,se1_0.current_price,se1_0.debt_to_equity,se1_0.market_cap,se1_0.pe_ratio,se1_0.roe,se1_0.stock_date,se1_0.symbol,se1_0.volume from stocks se1_0 where upper(se1_0.symbol)=upper(?) order by se1_0.stock_date
Hibernate: select distinct upper(se1_0.symbol) from stocks se1_0 where se1_0.symbol is not null order by upper(se1_0.symbol)
Hibernate: select se1_0.id,se1_0.company_name,se1_0.current_price,se1_0.debt_to_equity,se1_0.market_cap,se1_0.pe_ratio,se1_0.roe,se1_0.stock_date,se1_0.symbol,se1_0.volume from stocks se1_0 where upper(se1_0.symbol)=upper(?) order by se1_0.stock_date
2026-06-22T14:16:35.906+05:30  INFO 2276 --- [stock-data-service] [rap-executor-%d] c.n.d.s.r.aws.ConfigClusterResolver      : Resolving eureka endpoints via configuration
2026-06-22T14:21:35.983+05:30  INFO 2276 --- [stock-data-service] [rap-executor-%d] c.n.d.s.r.aws.ConfigClusterResolver      : Resolving eureka endpoints via configuration
2026-06-22T14:26:36.003+05:30  INFO 2276 --- [stock-data-service] [rap-executor-%d] c.n.d.s.r.aws.ConfigClusterResolver      : Resolving eureka endpoints via configuration
2026-06-22T14:31:36.009+05:30  INFO 2276 --- [stock-data-service] [rap-executor-%d] c.n.d.s.r.aws.ConfigClusterResolver      : Resolving eureka endpoints via configuration
2026-06-22T14:36:36.023+05:30  INFO 2276 --- [stock-data-service] [rap-executor-%d] c.n.d.s.r.aws.ConfigClusterResolver      : Resolving eureka endpoints via configuration
2026-06-22T14:41:36.029+05:30  INFO 2276 --- [stock-data-service] [rap-executor-%d] c.n.d.s.r.aws.ConfigClusterResolver      : Resolving eureka endpoints via configuration
2026-06-22T14:46:36.031+05:30  INFO 2276 --- [stock-data-service] [rap-executor-%d] c.n.d.s.r.aws.ConfigClusterResolver      : Resolving eureka endpoints via configuration
2026-06-22T14:51:36.067+05:30  INFO 2276 --- [stock-data-service] [rap-executor-%d] c.n.d.s.r.aws.ConfigClusterResolver      : Resolving eureka endpoints via configuration
2026-06-22T14:56:36.071+05:30  INFO 2276 --- [stock-data-service] [rap-executor-%d] c.n.d.s.r.aws.ConfigClusterResolver      : Resolving eureka endpoints via configuration
2026-06-22T15:01:36.076+05:30  INFO 2276 --- [stock-data-service] [rap-executor-%d] c.n.d.s.r.aws.ConfigClusterResolver      : Resolving eureka endpoints via configuration
2026-06-22T15:06:36.142+05:30  INFO 2276 --- [stock-data-service] [rap-executor-%d] c.n.d.s.r.aws.ConfigClusterResolver      : Resolving eureka endpoints via configuration
2026-06-22T15:11:36.148+05:30  INFO 2276 --- [stock-data-service] [rap-executor-%d] c.n.d.s.r.aws.ConfigClusterResolver      : Resolving eureka endpoints via configuration
2026-06-22T15:16:36.156+05:30  INFO 2276 --- [stock-data-service] [rap-executor-%d] c.n.d.s.r.aws.ConfigClusterResolver      : Resolving eureka endpoints via configuration
2026-06-22T15:21:36.162+05:30  INFO 2276 --- [stock-data-service] [rap-executor-%d] c.n.d.s.r.aws.ConfigClusterResolver      : Resolving eureka endpoints via configuration
2026-06-22T15:26:36.216+05:30  INFO 2276 --- [stock-data-service] [rap-executor-%d] c.n.d.s.r.aws.ConfigClusterResolver      : Resolving eureka endpoints via configuration
2026-06-22T15:31:36.219+05:30  INFO 2276 --- [stock-data-service] [rap-executor-%d] c.n.d.s.r.aws.ConfigClusterResolver      : Resolving eureka endpoints via configuration
2026-06-22T15:36:36.222+05:30  INFO 2276 --- [stock-data-service] [rap-executor-%d] c.n.d.s.r.aws.ConfigClusterResolver      : Resolving eureka endpoints via configuration
2026-06-22T15:41:36.242+05:30  INFO 2276 --- [stock-data-service] [rap-executor-%d] c.n.d.s.r.aws.ConfigClusterResolver      : Resolving eureka endpoints via configuration
2026-06-22T15:46:36.246+05:30  INFO 2276 --- [stock-data-service] [rap-executor-%d] c.n.d.s.r.aws.ConfigClusterResolver      : Resolving eureka endpoints via configuration
2026-06-22T15:51:36.251+05:30  INFO 2276 --- [stock-data-service] [rap-executor-%d] c.n.d.s.r.aws.ConfigClusterResolver      : Resolving eureka endpoints via configuration
2026-06-22T15:56:36.255+05:30  INFO 2276 --- [stock-data-service] [rap-executor-%d] c.n.d.s.r.aws.ConfigClusterResolver      : Resolving eureka endpoints via configuration
2026-06-22T16:01:36.259+05:30  INFO 2276 --- [stock-data-service] [rap-executor-%d] c.n.d.s.r.aws.ConfigClusterResolver      : Resolving eureka endpoints via configuration
2026-06-22T16:06:36.300+05:30  INFO 2276 --- [stock-data-service] [rap-executor-%d] c.n.d.s.r.aws.ConfigClusterResolver      : Resolving eureka endpoints via configuration
2026-06-22T16:11:36.302+05:30  INFO 2276 --- [stock-data-service] [rap-executor-%d] c.n.d.s.r.aws.ConfigClusterResolver      : Resolving eureka endpoints via configuration
2026-06-22T16:16:36.307+05:30  INFO 2276 --- [stock-data-service] [rap-executor-%d] c.n.d.s.r.aws.ConfigClusterResolver      : Resolving eureka endpoints via configuration
2026-06-22T16:21:36.313+05:30  INFO 2276 --- [stock-data-service] [rap-executor-%d] c.n.d.s.r.aws.ConfigClusterResolver      : Resolving eureka endpoints via configuration
2026-06-22T16:26:36.317+05:30  INFO 2276 --- [stock-data-service] [rap-executor-%d] c.n.d.s.r.aws.ConfigClusterResolver      : Resolving eureka endpoints via configuration
2026-06-22T16:31:36.322+05:30  INFO 2276 --- [stock-data-service] [rap-executor-%d] c.n.d.s.r.aws.ConfigClusterResolver      : Resolving eureka endpoints via configuration
2026-06-22T16:36:36.325+05:30  INFO 2276 --- [stock-data-service] [rap-executor-%d] c.n.d.s.r.aws.ConfigClusterResolver      : Resolving eureka endpoints via configuration
2026-06-22T16:41:36.329+05:30  INFO 2276 --- [stock-data-service] [rap-executor-%d] c.n.d.s.r.aws.ConfigClusterResolver      : Resolving eureka endpoints via configuration
2026-06-22T16:46:36.332+05:30  INFO 2276 --- [stock-data-service] [rap-executor-%d] c.n.d.s.r.aws.ConfigClusterResolver      : Resolving eureka endpoints via configuration
2026-06-22T16:51:36.365+05:30  INFO 2276 --- [stock-data-service] [rap-executor-%d] c.n.d.s.r.aws.ConfigClusterResolver      : Resolving eureka endpoints via configuration
2026-06-22T16:56:36.369+05:30  INFO 2276 --- [stock-data-service] [rap-executor-%d] c.n.d.s.r.aws.ConfigClusterResolver      : Resolving eureka endpoints via configuration
2026-06-22T17:01:36.428+05:30  INFO 2276 --- [stock-data-service] [rap-executor-%d] c.n.d.s.r.aws.ConfigClusterResolver      : Resolving eureka endpoints via configuration
2026-06-22T17:06:36.431+05:30  INFO 2276 --- [stock-data-service] [rap-executor-%d] c.n.d.s.r.aws.ConfigClusterResolver      : Resolving eureka endpoints via configuration
2026-06-22T17:11:36.434+05:30  INFO 2276 --- [stock-data-service] [rap-executor-%d] c.n.d.s.r.aws.ConfigClusterResolver      : Resolving eureka endpoints via configuration
2026-06-22T17:16:36.442+05:30  INFO 2276 --- [stock-data-service] [rap-executor-%d] c.n.d.s.r.aws.ConfigClusterResolver      : Resolving eureka endpoints via configuration
2026-06-22T17:21:36.583+05:30  INFO 2276 --- [stock-data-service] [rap-executor-%d] c.n.d.s.r.aws.ConfigClusterResolver      : Resolving eureka endpoints via configuration
2026-06-22T17:26:36.657+05:30  INFO 2276 --- [stock-data-service] [rap-executor-%d] c.n.d.s.r.aws.ConfigClusterResolver      : Resolving eureka endpoints via configuration
2026-06-22T17:31:36.840+05:30  INFO 2276 --- [stock-data-service] [rap-executor-%d] c.n.d.s.r.aws.ConfigClusterResolver      : Resolving eureka endpoints via configuration
2026-06-22T17:36:36.852+05:30  INFO 2276 --- [stock-data-service] [rap-executor-%d] c.n.d.s.r.aws.ConfigClusterResolver      : Resolving eureka endpoints via configuration
2026-06-22T17:41:36.941+05:30  INFO 2276 --- [stock-data-service] [rap-executor-%d] c.n.d.s.r.aws.ConfigClusterResolver      : Resolving eureka endpoints via configuration
2026-06-22T17:46:36.959+05:30  INFO 2276 --- [stock-data-service] [rap-executor-%d] c.n.d.s.r.aws.ConfigClusterResolver      : Resolving eureka endpoints via configuration
2026-06-22T17:51:36.976+05:30  INFO 2276 --- [stock-data-service] [rap-executor-%d] c.n.d.s.r.aws.ConfigClusterResolver      : Resolving eureka endpoints via configuration
2026-06-22T17:56:36.979+05:30  INFO 2276 --- [stock-data-service] [rap-executor-%d] c.n.d.s.r.aws.ConfigClusterResolver      : Resolving eureka endpoints via configuration
2026-06-22T18:01:36.995+05:30  INFO 2276 --- [stock-data-service] [rap-executor-%d] c.n.d.s.r.aws.ConfigClusterResolver      : Resolving eureka endpoints via configuration
2026-06-22T18:06:37.012+05:30  INFO 2276 --- [stock-data-service] [rap-executor-%d] c.n.d.s.r.aws.ConfigClusterResolver      : Resolving eureka endpoints via configuration
2026-06-22T18:11:37.071+05:30  INFO 2276 --- [stock-data-service] [rap-executor-%d] c.n.d.s.r.aws.ConfigClusterResolver      : Resolving eureka endpoints via configuration
2026-06-22T18:16:37.113+05:30  INFO 2276 --- [stock-data-service] [rap-executor-%d] c.n.d.s.r.aws.ConfigClusterResolver      : Resolving eureka endpoints via configuration
2026-06-22T18:21:37.172+05:30  INFO 2276 --- [stock-data-service] [rap-executor-%d] c.n.d.s.r.aws.ConfigClusterResolver      : Resolving eureka endpoints via configuration
2026-06-22T18:26:37.190+05:30  INFO 2276 --- [stock-data-service] [rap-executor-%d] c.n.d.s.r.aws.ConfigClusterResolver      : Resolving eureka endpoints via configuration
2026-06-22T18:31:37.238+05:30  INFO 2276 --- [stock-data-service] [rap-executor-%d] c.n.d.s.r.aws.ConfigClusterResolver      : Resolving eureka endpoints via configuration
2026-06-22T18:36:37.245+05:30  INFO 2276 --- [stock-data-service] [rap-executor-%d] c.n.d.s.r.aws.ConfigClusterResolver      : Resolving eureka endpoints via configuration
2026-06-22T18:41:37.248+05:30  INFO 2276 --- [stock-data-service] [rap-executor-%d] c.n.d.s.r.aws.ConfigClusterResolver      : Resolving eureka endpoints via configuration
2026-06-22T18:46:37.252+05:30  INFO 2276 --- [stock-data-service] [rap-executor-%d] c.n.d.s.r.aws.ConfigClusterResolver      : Resolving eureka endpoints via configuration
2026-06-22T18:51:37.255+05:30  INFO 2276 --- [stock-data-service] [rap-executor-%d] c.n.d.s.r.aws.ConfigClusterResolver      : Resolving eureka endpoints via configuration
2026-06-22T18:56:37.260+05:30  INFO 2276 --- [stock-data-service] [rap-executor-%d] c.n.d.s.r.aws.ConfigClusterResolver      : Resolving eureka endpoints via configuration
2026-06-22T19:01:37.265+05:30  INFO 2276 --- [stock-data-service] [rap-executor-%d] c.n.d.s.r.aws.ConfigClusterResolver      : Resolving eureka endpoints via configuration
2026-06-22T19:06:37.427+05:30  INFO 2276 --- [stock-data-service] [rap-executor-%d] c.n.d.s.r.aws.ConfigClusterResolver      : Resolving eureka endpoints via configuration
2026-06-22T19:11:39.075+05:30  INFO 2276 --- [stock-data-service] [rap-executor-%d] c.n.d.s.r.aws.ConfigClusterResolver      : Resolving eureka endpoints via configuration
2026-06-22T19:16:39.094+05:30  INFO 2276 --- [stock-data-service] [rap-executor-%d] c.n.d.s.r.aws.ConfigClusterResolver      : Resolving eureka endpoints via configuration
2026-06-22T19:21:39.158+05:30  INFO 2276 --- [stock-data-service] [rap-executor-%d] c.n.d.s.r.aws.ConfigClusterResolver      : Resolving eureka endpoints via configuration
2026-06-22T19:26:39.172+05:30  INFO 2276 --- [stock-data-service] [rap-executor-%d] c.n.d.s.r.aws.ConfigClusterResolver      : Resolving eureka endpoints via configuration
2026-06-22T19:31:39.187+05:30  INFO 2276 --- [stock-data-service] [rap-executor-%d] c.n.d.s.r.aws.ConfigClusterResolver      : Resolving eureka endpoints via configuration
2026-06-22T19:36:39.229+05:30  INFO 2276 --- [stock-data-service] [rap-executor-%d] c.n.d.s.r.aws.ConfigClusterResolver      : Resolving eureka endpoints via configuration
2026-06-22T19:41:39.245+05:30  INFO 2276 --- [stock-data-service] [rap-executor-%d] c.n.d.s.r.aws.ConfigClusterResolver      : Resolving eureka endpoints via configuration
2026-06-22T19:46:39.290+05:30  INFO 2276 --- [stock-data-service] [rap-executor-%d] c.n.d.s.r.aws.ConfigClusterResolver      : Resolving eureka endpoints via configuration
2026-06-22T19:51:39.342+05:30  INFO 2276 --- [stock-data-service] [rap-executor-%d] c.n.d.s.r.aws.ConfigClusterResolver      : Resolving eureka endpoints via configuration
2026-06-22T19:56:39.424+05:30  INFO 2276 --- [stock-data-service] [rap-executor-%d] c.n.d.s.r.aws.ConfigClusterResolver      : Resolving eureka endpoints via configuration
2026-06-22T20:01:39.479+05:30  INFO 2276 --- [stock-data-service] [rap-executor-%d] c.n.d.s.r.aws.ConfigClusterResolver      : Resolving eureka endpoints via configuration
2026-06-22T20:06:39.501+05:30  INFO 2276 --- [stock-data-service] [rap-executor-%d] c.n.d.s.r.aws.ConfigClusterResolver      : Resolving eureka endpoints via configuration
2026-06-22T20:11:39.555+05:30  INFO 2276 --- [stock-data-service] [rap-executor-%d] c.n.d.s.r.aws.ConfigClusterResolver      : Resolving eureka endpoints via configuration
2026-06-22T20:16:39.870+05:30  INFO 2276 --- [stock-data-service] [rap-executor-%d] c.n.d.s.r.aws.ConfigClusterResolver      : Resolving eureka endpoints via configuration
2026-06-22T20:21:39.896+05:30  INFO 2276 --- [stock-data-service] [rap-executor-%d] c.n.d.s.r.aws.ConfigClusterResolver      : Resolving eureka endpoints via configuration
2026-06-22T20:24:43.347+05:30  WARN 2276 --- [stock-data-service] [l-1:housekeeper] com.zaxxer.hikari.pool.HikariPool        : HikariPool-1 - Thread starvation or clock leap detected (housekeeper delta=1m48s549ms556µs900ns).
2026-06-22T20:28:08.344+05:30  INFO 2276 --- [stock-data-service] [rap-executor-%d] c.n.d.s.r.aws.ConfigClusterResolver      : Resolving eureka endpoints via configuration
2026-06-22T20:33:08.355+05:30  INFO 2276 --- [stock-data-service] [rap-executor-%d] c.n.d.s.r.aws.ConfigClusterResolver      : Resolving eureka endpoints via configuration
2026-06-22T20:38:11.131+05:30  INFO 2276 --- [stock-data-service] [rap-executor-%d] c.n.d.s.r.aws.ConfigClusterResolver      : Resolving eureka endpoints via configuration
2026-06-22T20:52:17.092+05:30  WARN 2276 --- [stock-data-service] [l-1:housekeeper] com.zaxxer.hikari.pool.HikariPool        : HikariPool-1 - Thread starvation or clock leap detected (housekeeper delta=11m29ms324µs900ns).
2026-06-22T20:53:42.759+05:30  INFO 2276 --- [stock-data-service] [rap-executor-%d] c.n.d.s.r.aws.ConfigClusterResolver      : Resolving eureka endpoints via configuration
2026-06-22T20:58:42.809+05:30  INFO 2276 --- [stock-data-service] [rap-executor-%d] c.n.d.s.r.aws.ConfigClusterResolver      : Resolving eureka endpoints via configuration
2026-06-22T21:03:42.851+05:30  INFO 2276 --- [stock-data-service] [rap-executor-%d] c.n.d.s.r.aws.ConfigClusterResolver      : Resolving eureka endpoints via configuration
2026-06-22T21:08:42.858+05:30  INFO 2276 --- [stock-data-service] [rap-executor-%d] c.n.d.s.r.aws.ConfigClusterResolver      : Resolving eureka endpoints via configuration
2026-06-22T21:13:42.868+05:30  INFO 2276 --- [stock-data-service] [rap-executor-%d] c.n.d.s.r.aws.ConfigClusterResolver      : Resolving eureka endpoints via configuration
2026-06-22T21:18:42.915+05:30  INFO 2276 --- [stock-data-service] [rap-executor-%d] c.n.d.s.r.aws.ConfigClusterResolver      : Resolving eureka endpoints via configuration
2026-06-22T21:23:42.946+05:30  INFO 2276 --- [stock-data-service] [rap-executor-%d] c.n.d.s.r.aws.ConfigClusterResolver      : Resolving eureka endpoints via configuration
2026-06-22T21:28:42.950+05:30  INFO 2276 --- [stock-data-service] [rap-executor-%d] c.n.d.s.r.aws.ConfigClusterResolver      : Resolving eureka endpoints via configuration
2026-06-22T21:33:42.957+05:30  INFO 2276 --- [stock-data-service] [rap-executor-%d] c.n.d.s.r.aws.ConfigClusterResolver      : Resolving eureka endpoints via configuration
2026-06-22T21:38:42.969+05:30  INFO 2276 --- [stock-data-service] [rap-executor-%d] c.n.d.s.r.aws.ConfigClusterResolver      : Resolving eureka endpoints via configuration
2026-06-22T21:43:42.978+05:30  INFO 2276 --- [stock-data-service] [rap-executor-%d] c.n.d.s.r.aws.ConfigClusterResolver      : Resolving eureka endpoints via configuration
2026-06-22T21:48:43.017+05:30  INFO 2276 --- [stock-data-service] [rap-executor-%d] c.n.d.s.r.aws.ConfigClusterResolver      : Resolving eureka endpoints via configuration
2026-06-22T21:53:43.029+05:30  INFO 2276 --- [stock-data-service] [rap-executor-%d] c.n.d.s.r.aws.ConfigClusterResolver      : Resolving eureka endpoints via configuration
2026-06-22T21:58:43.066+05:30  INFO 2276 --- [stock-data-service] [rap-executor-%d] c.n.d.s.r.aws.ConfigClusterResolver      : Resolving eureka endpoints via configuration
2026-06-22T22:03:43.149+05:30  INFO 2276 --- [stock-data-service] [rap-executor-%d] c.n.d.s.r.aws.ConfigClusterResolver      : Resolving eureka endpoints via configuration
2026-06-22T22:08:43.191+05:30  INFO 2276 --- [stock-data-service] [rap-executor-%d] c.n.d.s.r.aws.ConfigClusterResolver      : Resolving eureka endpoints via configuration
2026-06-22T22:13:43.195+05:30  INFO 2276 --- [stock-data-service] [rap-executor-%d] c.n.d.s.r.aws.ConfigClusterResolver      : Resolving eureka endpoints via configuration
2026-06-22T22:18:43.230+05:30  INFO 2276 --- [stock-data-service] [rap-executor-%d] c.n.d.s.r.aws.ConfigClusterResolver      : Resolving eureka endpoints via configuration
2026-06-22T22:23:43.237+05:30  INFO 2276 --- [stock-data-service] [rap-executor-%d] c.n.d.s.r.aws.ConfigClusterResolver      : Resolving eureka endpoints via configuration
2026-06-22T22:28:43.254+05:30  INFO 2276 --- [stock-data-service] [rap-executor-%d] c.n.d.s.r.aws.ConfigClusterResolver      : Resolving eureka endpoints via configuration
2026-06-22T22:33:43.297+05:30  INFO 2276 --- [stock-data-service] [rap-executor-%d] c.n.d.s.r.aws.ConfigClusterResolver      : Resolving eureka endpoints via configuration
2026-06-22T22:38:43.352+05:30  INFO 2276 --- [stock-data-service] [rap-executor-%d] c.n.d.s.r.aws.ConfigClusterResolver      : Resolving eureka endpoints via configuration
2026-06-22T22:43:43.410+05:30  INFO 2276 --- [stock-data-service] [rap-executor-%d] c.n.d.s.r.aws.ConfigClusterResolver      : Resolving eureka endpoints via configuration
2026-06-22T22:48:43.456+05:30  INFO 2276 --- [stock-data-service] [rap-executor-%d] c.n.d.s.r.aws.ConfigClusterResolver      : Resolving eureka endpoints via configuration
2026-06-22T22:53:43.468+05:30  INFO 2276 --- [stock-data-service] [rap-executor-%d] c.n.d.s.r.aws.ConfigClusterResolver      : Resolving eureka endpoints via configuration
2026-06-22T22:58:43.482+05:30  INFO 2276 --- [stock-data-service] [rap-executor-%d] c.n.d.s.r.aws.ConfigClusterResolver      : Resolving eureka endpoints via configuration
2026-06-22T23:03:44.058+05:30  INFO 2276 --- [stock-data-service] [rap-executor-%d] c.n.d.s.r.aws.ConfigClusterResolver      : Resolving eureka endpoints via configuration
2026-06-22T23:08:44.392+05:30  INFO 2276 --- [stock-data-service] [rap-executor-%d] c.n.d.s.r.aws.ConfigClusterResolver      : Resolving eureka endpoints via configuration
2026-06-22T23:13:44.404+05:30  INFO 2276 --- [stock-data-service] [rap-executor-%d] c.n.d.s.r.aws.ConfigClusterResolver      : Resolving eureka endpoints via configuration
2026-06-22T23:18:44.477+05:30  INFO 2276 --- [stock-data-service] [rap-executor-%d] c.n.d.s.r.aws.ConfigClusterResolver      : Resolving eureka endpoints via configuration
2026-06-22T23:23:44.587+05:30  INFO 2276 --- [stock-data-service] [rap-executor-%d] c.n.d.s.r.aws.ConfigClusterResolver      : Resolving eureka endpoints via configuration
2026-06-22T23:28:44.797+05:30  INFO 2276 --- [stock-data-service] [rap-executor-%d] c.n.d.s.r.aws.ConfigClusterResolver      : Resolving eureka endpoints via configuration
2026-06-22T23:33:44.806+05:30  INFO 2276 --- [stock-data-service] [rap-executor-%d] c.n.d.s.r.aws.ConfigClusterResolver      : Resolving eureka endpoints via configuration
2026-06-22T23:38:44.851+05:30  INFO 2276 --- [stock-data-service] [rap-executor-%d] c.n.d.s.r.aws.ConfigClusterResolver      : Resolving eureka endpoints via configuration
2026-06-23T00:01:30.092+05:30  WARN 2276 --- [stock-data-service] [l-1:housekeeper] com.zaxxer.hikari.pool.HikariPool        : HikariPool-1 - Thread starvation or clock leap detected (housekeeper delta=19m38s242ms226µs400ns).
2026-06-23T00:41:45.683+05:30  INFO 2276 --- [stock-data-service] [rap-executor-%d] c.n.d.s.r.aws.ConfigClusterResolver      : Resolving eureka endpoints via configuration
2026-06-23T00:41:52.209+05:30  WARN 2276 --- [stock-data-service] [l-1:housekeeper] com.zaxxer.hikari.pool.HikariPool        : HikariPool-1 - Thread starvation or clock leap detected (housekeeper delta=39m21s304ms839µs400ns).
2026-06-23T00:46:45.750+05:30  INFO 2276 --- [stock-data-service] [rap-executor-%d] c.n.d.s.r.aws.ConfigClusterResolver      : Resolving eureka endpoints via configuration
2026-06-23T00:51:45.812+05:30  INFO 2276 --- [stock-data-service] [rap-executor-%d] c.n.d.s.r.aws.ConfigClusterResolver      : Resolving eureka endpoints via configuration
2026-06-23T00:56:45.855+05:30  INFO 2276 --- [stock-data-service] [rap-executor-%d] c.n.d.s.r.aws.ConfigClusterResolver      : Resolving eureka endpoints via configuration
2026-06-23T01:01:45.891+05:30  INFO 2276 --- [stock-data-service] [rap-executor-%d] c.n.d.s.r.aws.ConfigClusterResolver      : Resolving eureka endpoints via configuration
2026-06-23T01:06:45.969+05:30  INFO 2276 --- [stock-data-service] [rap-executor-%d] c.n.d.s.r.aws.ConfigClusterResolver      : Resolving eureka endpoints via configuration
2026-06-23T01:11:46.092+05:30  INFO 2276 --- [stock-data-service] [rap-executor-%d] c.n.d.s.r.aws.ConfigClusterResolver      : Resolving eureka endpoints via configuration
2026-06-23T01:16:46.256+05:30  INFO 2276 --- [stock-data-service] [rap-executor-%d] c.n.d.s.r.aws.ConfigClusterResolver      : Resolving eureka endpoints via configuration
