
  .   ____          _            __ _ _
 /\\ / ___'_ __ _ _(_)_ __  __ _ \ \ \ \
( ( )\___ | '_ | '_| | '_ \/ _` | \ \ \ \
 \\/  ___)| |_)| | | | | || (_| |  ) ) ) )
  '  |____| .__|_| |_|_| |_\__, | / / / /
 =========|_|==============|___/=/_/_/_/

 :: Spring Boot ::                (v4.0.6)

2026-07-20T03:37:45.118+05:30  INFO 1864 --- [stock-data-service] [           main] c.s.s.StockDataServiceApplication        : Starting StockDataServiceApplication v0.0.1-SNAPSHOT using Java 25 with PID 1864 (D:\StockMarketBadsaha\backend\stock-data-service\target\stock-data-service-0.0.1-SNAPSHOT.jar started by irfan in D:\StockMarketBadsaha\backend\stock-data-service)
2026-07-20T03:37:45.165+05:30  INFO 1864 --- [stock-data-service] [           main] c.s.s.StockDataServiceApplication        : No active profile set, falling back to 1 default profile: "default"
2026-07-20T03:37:48.258+05:30  INFO 1864 --- [stock-data-service] [           main] .s.d.r.c.RepositoryConfigurationDelegate : Bootstrapping Spring Data JPA repositories in DEFAULT mode.
2026-07-20T03:37:48.859+05:30  INFO 1864 --- [stock-data-service] [           main] .s.d.r.c.RepositoryConfigurationDelegate : Finished Spring Data repository scanning in 539 ms. Found 1 JPA repository interface.
2026-07-20T03:37:49.962+05:30  INFO 1864 --- [stock-data-service] [           main] o.s.cloud.context.scope.GenericScope     : BeanFactory id=eec8e6a1-20bc-3542-817d-1470b7634414
2026-07-20T03:37:52.159+05:30  INFO 1864 --- [stock-data-service] [           main] o.s.boot.tomcat.TomcatWebServer          : Tomcat initialized with port 8081 (http)
2026-07-20T03:37:52.191+05:30  INFO 1864 --- [stock-data-service] [           main] o.apache.catalina.core.StandardService   : Starting service [Tomcat]
2026-07-20T03:37:52.193+05:30  INFO 1864 --- [stock-data-service] [           main] o.apache.catalina.core.StandardEngine    : Starting Servlet engine: [Apache Tomcat/11.0.21]
2026-07-20T03:37:52.292+05:30  INFO 1864 --- [stock-data-service] [           main] b.w.c.s.WebApplicationContextInitializer : Root WebApplicationContext: initialization completed in 6875 ms
2026-07-20T03:37:53.337+05:30  INFO 1864 --- [stock-data-service] [           main] org.hibernate.orm.jpa                    : HHH008540: Processing PersistenceUnitInfo [name: default]
2026-07-20T03:37:53.469+05:30  INFO 1864 --- [stock-data-service] [           main] org.hibernate.orm.core                   : HHH000001: Hibernate ORM core version 7.2.12.Final
2026-07-20T03:37:55.445+05:30  INFO 1864 --- [stock-data-service] [           main] o.s.o.j.p.SpringPersistenceUnitInfo      : No LoadTimeWeaver setup: ignoring JPA class transformer
2026-07-20T03:37:55.586+05:30  INFO 1864 --- [stock-data-service] [           main] com.zaxxer.hikari.HikariDataSource       : HikariPool-1 - Starting...
2026-07-20T03:37:56.424+05:30  INFO 1864 --- [stock-data-service] [           main] com.zaxxer.hikari.pool.HikariPool        : HikariPool-1 - Added connection org.postgresql.jdbc.PgConnection@6c851821
2026-07-20T03:37:56.432+05:30  INFO 1864 --- [stock-data-service] [           main] com.zaxxer.hikari.HikariDataSource       : HikariPool-1 - Start completed.
2026-07-20T03:37:56.726+05:30  INFO 1864 --- [stock-data-service] [           main] org.hibernate.orm.connections.pooling    : HHH10001005: Database info:
	Database JDBC URL [jdbc:postgresql://localhost:5432/stock_market_badshah]
	Database driver: PostgreSQL JDBC Driver
	Database dialect: PostgreSQLDialect
	Database version: 18.4
	Default catalog/schema: stock_market_badshah/public
	Autocommit mode: undefined/unknown
	Isolation level: READ_COMMITTED [default READ_COMMITTED]
	JDBC fetch size: none
	Pool: DataSourceConnectionProvider
	Minimum pool size: undefined/unknown
	Maximum pool size: undefined/unknown
2026-07-20T03:37:58.932+05:30  INFO 1864 --- [stock-data-service] [           main] org.hibernate.orm.core                   : HHH000489: No JTA platform available (set 'hibernate.transaction.jta.platform' to enable JTA platform integration)
2026-07-20T03:37:59.120+05:30  INFO 1864 --- [stock-data-service] [           main] j.LocalContainerEntityManagerFactoryBean : Initialized JPA EntityManagerFactory for persistence unit 'default'
2026-07-20T03:37:59.480+05:30  INFO 1864 --- [stock-data-service] [           main] o.s.d.j.r.query.QueryEnhancerFactories   : Hibernate is in classpath; If applicable, HQL parser will be used.
2026-07-20T03:38:02.419+05:30  WARN 1864 --- [stock-data-service] [           main] JpaBaseConfiguration$JpaWebConfiguration : spring.jpa.open-in-view is enabled by default. Therefore, database queries may be performed during view rendering. Explicitly configure spring.jpa.open-in-view to disable this warning
2026-07-20T03:38:04.689+05:30  INFO 1864 --- [stock-data-service] [           main] DiscoveryClientOptionalArgsConfiguration : Eureka HTTP Client uses RestClient.
2026-07-20T03:38:04.887+05:30  WARN 1864 --- [stock-data-service] [           main] iguration$LoadBalancerCaffeineWarnLogger : Spring Cloud LoadBalancer is currently working with the default cache. While this cache implementation is useful for development and tests, it's recommended to use Caffeine cache in production.You can switch to using Caffeine cache, by adding it and org.springframework.cache.caffeine.CaffeineCacheManager to the classpath.
2026-07-20T03:38:04.955+05:30  INFO 1864 --- [stock-data-service] [           main] o.s.b.a.e.web.EndpointLinksResolver      : Exposing 1 endpoint beneath base path '/actuator'
2026-07-20T03:38:05.266+05:30  INFO 1864 --- [stock-data-service] [           main] o.s.c.n.eureka.InstanceInfoFactory       : Setting initial instance status as: STARTING
2026-07-20T03:38:05.371+05:30  INFO 1864 --- [stock-data-service] [           main] com.netflix.discovery.DiscoveryClient    : Initializing Eureka in region us-east-1
2026-07-20T03:38:05.383+05:30  INFO 1864 --- [stock-data-service] [           main] c.n.d.s.r.aws.ConfigClusterResolver      : Resolving eureka endpoints via configuration
2026-07-20T03:38:05.417+05:30  INFO 1864 --- [stock-data-service] [           main] com.netflix.discovery.DiscoveryClient    : Disable delta property : false
2026-07-20T03:38:05.418+05:30  INFO 1864 --- [stock-data-service] [           main] com.netflix.discovery.DiscoveryClient    : Single vip registry refresh property : null
2026-07-20T03:38:05.420+05:30  INFO 1864 --- [stock-data-service] [           main] com.netflix.discovery.DiscoveryClient    : Force full registry fetch : false
2026-07-20T03:38:05.421+05:30  INFO 1864 --- [stock-data-service] [           main] com.netflix.discovery.DiscoveryClient    : Application is null : false
2026-07-20T03:38:05.422+05:30  INFO 1864 --- [stock-data-service] [           main] com.netflix.discovery.DiscoveryClient    : Registered Applications size is zero : true
2026-07-20T03:38:05.423+05:30  INFO 1864 --- [stock-data-service] [           main] com.netflix.discovery.DiscoveryClient    : Application version is -1: true
2026-07-20T03:38:05.424+05:30  INFO 1864 --- [stock-data-service] [           main] com.netflix.discovery.DiscoveryClient    : Getting all instance registry info from the eureka server
2026-07-20T03:38:06.199+05:30  INFO 1864 --- [stock-data-service] [           main] com.netflix.discovery.DiscoveryClient    : The response status is 200
2026-07-20T03:38:06.207+05:30  INFO 1864 --- [stock-data-service] [           main] com.netflix.discovery.DiscoveryClient    : Starting heartbeat executor: renew interval is: 30
2026-07-20T03:38:06.214+05:30  INFO 1864 --- [stock-data-service] [           main] c.n.discovery.InstanceInfoReplicator     : InstanceInfoReplicator onDemand update allowed rate per min is 4
2026-07-20T03:38:06.219+05:30  INFO 1864 --- [stock-data-service] [           main] com.netflix.discovery.DiscoveryClient    : Discovery Client initialized at timestamp 1784498886217 with initial instances count: 9
2026-07-20T03:38:06.231+05:30  INFO 1864 --- [stock-data-service] [           main] o.s.c.n.e.s.EurekaServiceRegistry        : Registering application STOCK-DATA-SERVICE with eureka with status UP
2026-07-20T03:38:06.234+05:30  INFO 1864 --- [stock-data-service] [           main] com.netflix.discovery.DiscoveryClient    : Saw local status change event StatusChangeEvent [timestamp=1784498886234, current=UP, previous=STARTING]
2026-07-20T03:38:06.243+05:30  INFO 1864 --- [stock-data-service] [foReplicator-%d] com.netflix.discovery.DiscoveryClient    : DiscoveryClient_STOCK-DATA-SERVICE/DESKTOP-TAPHLMF.mshome.net:stock-data-service:8081: registering service...
2026-07-20T03:38:06.300+05:30  INFO 1864 --- [stock-data-service] [           main] o.s.boot.tomcat.TomcatWebServer          : Tomcat started on port 8081 (http) with context path '/'
2026-07-20T03:38:06.304+05:30  INFO 1864 --- [stock-data-service] [           main] .s.c.n.e.s.EurekaAutoServiceRegistration : Updating port to 8081
2026-07-20T03:38:06.341+05:30  INFO 1864 --- [stock-data-service] [foReplicator-%d] com.netflix.discovery.DiscoveryClient    : DiscoveryClient_STOCK-DATA-SERVICE/DESKTOP-TAPHLMF.mshome.net:stock-data-service:8081 - registration status: 204
2026-07-20T03:38:06.361+05:30  INFO 1864 --- [stock-data-service] [           main] c.s.s.StockDataServiceApplication        : Started StockDataServiceApplication in 22.985 seconds (process running for 24.584)
2026-07-20T03:38:06.641+05:30  INFO 1864 --- [stock-data-service] [nio-8081-exec-1] o.a.c.c.C.[Tomcat].[localhost].[/]       : Initializing Spring DispatcherServlet 'dispatcherServlet'
2026-07-20T03:38:06.641+05:30  INFO 1864 --- [stock-data-service] [nio-8081-exec-1] o.s.web.servlet.DispatcherServlet        : Initializing Servlet 'dispatcherServlet'
2026-07-20T03:38:06.643+05:30  INFO 1864 --- [stock-data-service] [nio-8081-exec-1] o.s.web.servlet.DispatcherServlet        : Completed initialization in 1 ms
2026-07-20T03:38:55.324+05:30  WARN 1864 --- [stock-data-service] [nio-8081-exec-6] ration$PageModule$WarningLoggingModifier : Serializing PageImpl instances as-is is not supported, meaning that there is no guarantee about the stability of the resulting JSON structure!
	For a stable JSON structure, please use Spring Data's PagedModel (globally via @EnableSpringDataWebSupport(pageSerializationMode = VIA_DTO))
	or Spring HATEOAS and Spring Data's PagedResourcesAssembler as documented in https://docs.spring.io/spring-data/commons/reference/repositories/core-extensions.html#core.web.pageables.

2026-07-20T03:43:05.442+05:30  INFO 1864 --- [stock-data-service] [rap-executor-%d] c.n.d.s.r.aws.ConfigClusterResolver      : Resolving eureka endpoints via configuration
2026-07-20T03:48:05.456+05:30  INFO 1864 --- [stock-data-service] [rap-executor-%d] c.n.d.s.r.aws.ConfigClusterResolver      : Resolving eureka endpoints via configuration
2026-07-20T03:53:05.515+05:30  INFO 1864 --- [stock-data-service] [rap-executor-%d] c.n.d.s.r.aws.ConfigClusterResolver      : Resolving eureka endpoints via configuration
2026-07-20T03:58:05.553+05:30  INFO 1864 --- [stock-data-service] [rap-executor-%d] c.n.d.s.r.aws.ConfigClusterResolver      : Resolving eureka endpoints via configuration
2026-07-20T04:03:05.593+05:30  INFO 1864 --- [stock-data-service] [rap-executor-%d] c.n.d.s.r.aws.ConfigClusterResolver      : Resolving eureka endpoints via configuration
2026-07-20T04:08:05.602+05:30  INFO 1864 --- [stock-data-service] [rap-executor-%d] c.n.d.s.r.aws.ConfigClusterResolver      : Resolving eureka endpoints via configuration
2026-07-20T04:13:05.619+05:30  INFO 1864 --- [stock-data-service] [rap-executor-%d] c.n.d.s.r.aws.ConfigClusterResolver      : Resolving eureka endpoints via configuration
2026-07-20T04:18:05.683+05:30  INFO 1864 --- [stock-data-service] [rap-executor-%d] c.n.d.s.r.aws.ConfigClusterResolver      : Resolving eureka endpoints via configuration
2026-07-20T04:23:05.690+05:30  INFO 1864 --- [stock-data-service] [rap-executor-%d] c.n.d.s.r.aws.ConfigClusterResolver      : Resolving eureka endpoints via configuration
2026-07-20T04:28:05.707+05:30  INFO 1864 --- [stock-data-service] [rap-executor-%d] c.n.d.s.r.aws.ConfigClusterResolver      : Resolving eureka endpoints via configuration
2026-07-20T04:33:05.723+05:30  INFO 1864 --- [stock-data-service] [rap-executor-%d] c.n.d.s.r.aws.ConfigClusterResolver      : Resolving eureka endpoints via configuration
2026-07-20T04:38:05.743+05:30  INFO 1864 --- [stock-data-service] [rap-executor-%d] c.n.d.s.r.aws.ConfigClusterResolver      : Resolving eureka endpoints via configuration
2026-07-20T04:40:10.385+05:30  INFO 1864 --- [stock-data-service] [beatExecutor-%d] com.netflix.discovery.DiscoveryClient    : DiscoveryClient_STOCK-DATA-SERVICE/DESKTOP-TAPHLMF.mshome.net:stock-data-service:8081 - Re-registering apps/STOCK-DATA-SERVICE
2026-07-20T04:40:10.386+05:30  INFO 1864 --- [stock-data-service] [beatExecutor-%d] com.netflix.discovery.DiscoveryClient    : DiscoveryClient_STOCK-DATA-SERVICE/DESKTOP-TAPHLMF.mshome.net:stock-data-service:8081: registering service...
2026-07-20T04:40:10.420+05:30  INFO 1864 --- [stock-data-service] [beatExecutor-%d] com.netflix.discovery.DiscoveryClient    : DiscoveryClient_STOCK-DATA-SERVICE/DESKTOP-TAPHLMF.mshome.net:stock-data-service:8081 - registration status: 204
2026-07-20T04:43:05.770+05:30  INFO 1864 --- [stock-data-service] [rap-executor-%d] c.n.d.s.r.aws.ConfigClusterResolver      : Resolving eureka endpoints via configuration
2026-07-20T04:47:10.836+05:30  INFO 1864 --- [stock-data-service] [beatExecutor-%d] com.netflix.discovery.DiscoveryClient    : DiscoveryClient_STOCK-DATA-SERVICE/DESKTOP-TAPHLMF.mshome.net:stock-data-service:8081 - Re-registering apps/STOCK-DATA-SERVICE
2026-07-20T04:47:10.838+05:30  INFO 1864 --- [stock-data-service] [beatExecutor-%d] com.netflix.discovery.DiscoveryClient    : DiscoveryClient_STOCK-DATA-SERVICE/DESKTOP-TAPHLMF.mshome.net:stock-data-service:8081: registering service...
2026-07-20T04:47:10.852+05:30  INFO 1864 --- [stock-data-service] [beatExecutor-%d] com.netflix.discovery.DiscoveryClient    : DiscoveryClient_STOCK-DATA-SERVICE/DESKTOP-TAPHLMF.mshome.net:stock-data-service:8081 - registration status: 204
2026-07-20T04:48:05.775+05:30  INFO 1864 --- [stock-data-service] [rap-executor-%d] c.n.d.s.r.aws.ConfigClusterResolver      : Resolving eureka endpoints via configuration
