[INFO] Scanning for projects...
[INFO] 
[INFO] -----------------< com.stockbadshah:discovery-server >------------------
[INFO] Building  0.0.1-SNAPSHOT
[INFO]   from pom.xml
[INFO] --------------------------------[ jar ]---------------------------------
[INFO] 
[INFO] >>> spring-boot:4.0.6:run (default-cli) > test-compile @ discovery-server >>>
[INFO] 
[INFO] --- resources:3.3.1:resources (default-resources) @ discovery-server ---
[INFO] Copying 1 resource from src\main\resources to target\classes
[INFO] Copying 0 resource from src\main\resources to target\classes
[INFO] 
[INFO] --- compiler:3.14.1:compile (default-compile) @ discovery-server ---
[INFO] Nothing to compile - all classes are up to date.
[INFO] 
[INFO] --- resources:3.3.1:testResources (default-testResources) @ discovery-server ---
[INFO] skip non existing resourceDirectory D:\StockMarketBadsaha\backend\discovery-server\src\test\resources
[INFO] 
[INFO] --- compiler:3.14.1:testCompile (default-testCompile) @ discovery-server ---
[INFO] Nothing to compile - all classes are up to date.
[INFO] 
[INFO] <<< spring-boot:4.0.6:run (default-cli) < test-compile @ discovery-server <<<
[INFO] 
[INFO] 
[INFO] --- spring-boot:4.0.6:run (default-cli) @ discovery-server ---
[INFO] Attaching agents: []

  .   ____          _            __ _ _
 /\\ / ___'_ __ _ _(_)_ __  __ _ \ \ \ \
( ( )\___ | '_ | '_| | '_ \/ _` | \ \ \ \
 \\/  ___)| |_)| | | | | || (_| |  ) ) ) )
  '  |____| .__|_| |_|_| |_\__, | / / / /
 =========|_|==============|___/=/_/_/_/

 :: Spring Boot ::                (v4.0.6)

2026-06-19T09:27:46.216+05:30  INFO 5852 --- [discovery-server] [           main] c.s.d.DiscoveryServerApplication         : Starting DiscoveryServerApplication using Java 25 with PID 5852 (D:\StockMarketBadsaha\backend\discovery-server\target\classes started by irfan in D:\StockMarketBadsaha\backend\discovery-server)
2026-06-19T09:27:46.241+05:30  INFO 5852 --- [discovery-server] [           main] c.s.d.DiscoveryServerApplication         : No active profile set, falling back to 1 default profile: "default"
2026-06-19T09:27:57.170+05:30  INFO 5852 --- [discovery-server] [           main] o.s.cloud.context.scope.GenericScope     : BeanFactory id=ae2e6a2d-2af4-30b1-af7d-30f23da950c1
2026-06-19T09:28:01.944+05:30  INFO 5852 --- [discovery-server] [           main] o.s.boot.tomcat.TomcatWebServer          : Tomcat initialized with port 8761 (http)
2026-06-19T09:28:02.049+05:30  INFO 5852 --- [discovery-server] [           main] o.apache.catalina.core.StandardService   : Starting service [Tomcat]
2026-06-19T09:28:02.077+05:30  INFO 5852 --- [discovery-server] [           main] o.apache.catalina.core.StandardEngine    : Starting Servlet engine: [Apache Tomcat/11.0.21]
2026-06-19T09:28:03.046+05:30  INFO 5852 --- [discovery-server] [           main] b.w.c.s.WebApplicationContextInitializer : Root WebApplicationContext: initialization completed in 16095 ms
2026-06-19T09:28:12.430+05:30  INFO 5852 --- [discovery-server] [           main] c.n.d.provider.DiscoveryJerseyProvider   : Using JSON encoding codec LegacyJacksonJson
2026-06-19T09:28:12.433+05:30  INFO 5852 --- [discovery-server] [           main] c.n.d.provider.DiscoveryJerseyProvider   : Using JSON decoding codec LegacyJacksonJson
WARNING: A terminally deprecated method in sun.misc.Unsafe has been called
WARNING: sun.misc.Unsafe::objectFieldOffset has been called by com.thoughtworks.xstream.converters.reflection.SunUnsafeReflectionProvider (file:/D:/UserCaches/.m2/repository/com/thoughtworks/xstream/xstream/1.4.21/xstream-1.4.21.jar)
WARNING: Please consider reporting this to the maintainers of class com.thoughtworks.xstream.converters.reflection.SunUnsafeReflectionProvider
WARNING: sun.misc.Unsafe::objectFieldOffset will be removed in a future release
2026-06-19T09:28:13.569+05:30  INFO 5852 --- [discovery-server] [           main] c.n.d.provider.DiscoveryJerseyProvider   : Using XML encoding codec XStreamXml
2026-06-19T09:28:13.571+05:30  INFO 5852 --- [discovery-server] [           main] c.n.d.provider.DiscoveryJerseyProvider   : Using XML decoding codec XStreamXml
2026-06-19T09:28:14.481+05:30  INFO 5852 --- [discovery-server] [           main] o.s.v.b.OptionalValidatorFactoryBean     : Failed to set up a Bean Validation provider: jakarta.validation.NoProviderFoundException: Unable to create a Configuration, because no Jakarta Validation provider could be found. Add a provider like Hibernate Validator (RI) to your classpath.
2026-06-19T09:28:17.281+05:30  WARN 5852 --- [discovery-server] [           main] iguration$LoadBalancerCaffeineWarnLogger : Spring Cloud LoadBalancer is currently working with the default cache. While this cache implementation is useful for development and tests, it's recommended to use Caffeine cache in production.You can switch to using Caffeine cache, by adding it and org.springframework.cache.caffeine.CaffeineCacheManager to the classpath.
2026-06-19T09:28:17.321+05:30  INFO 5852 --- [discovery-server] [           main] o.s.c.n.eureka.InstanceInfoFactory       : Setting initial instance status as: STARTING
2026-06-19T09:28:17.369+05:30  INFO 5852 --- [discovery-server] [           main] com.netflix.discovery.DiscoveryClient    : Initializing Eureka in region us-east-1
2026-06-19T09:28:17.370+05:30  INFO 5852 --- [discovery-server] [           main] com.netflix.discovery.DiscoveryClient    : Client configured to neither register nor query for data.
2026-06-19T09:28:17.377+05:30  INFO 5852 --- [discovery-server] [           main] com.netflix.discovery.DiscoveryClient    : Discovery Client initialized at timestamp 1781841497374 with initial instances count: 0
2026-06-19T09:28:17.682+05:30  INFO 5852 --- [discovery-server] [           main] c.n.eureka.DefaultEurekaServerContext    : Initializing ...
2026-06-19T09:28:17.682+05:30  INFO 5852 --- [discovery-server] [           main] c.n.eureka.cluster.PeerEurekaNodes       : Adding new peer nodes [http://localhost:8761/eureka/]
2026-06-19T09:28:18.044+05:30  INFO 5852 --- [discovery-server] [           main] c.n.d.provider.DiscoveryJerseyProvider   : Using JSON encoding codec LegacyJacksonJson
2026-06-19T09:28:18.046+05:30  INFO 5852 --- [discovery-server] [           main] c.n.d.provider.DiscoveryJerseyProvider   : Using JSON decoding codec LegacyJacksonJson
2026-06-19T09:28:18.046+05:30  INFO 5852 --- [discovery-server] [           main] c.n.d.provider.DiscoveryJerseyProvider   : Using XML encoding codec XStreamXml
2026-06-19T09:28:18.046+05:30  INFO 5852 --- [discovery-server] [           main] c.n.d.provider.DiscoveryJerseyProvider   : Using XML decoding codec XStreamXml
2026-06-19T09:28:18.190+05:30  INFO 5852 --- [discovery-server] [           main] c.n.eureka.cluster.PeerEurekaNodes       : Replica node URL:  http://localhost:8761/eureka/
2026-06-19T09:28:18.388+05:30  INFO 5852 --- [discovery-server] [           main] c.n.e.registry.AbstractInstanceRegistry  : Finished initializing remote region registries. All known remote regions: []
2026-06-19T09:28:18.390+05:30  INFO 5852 --- [discovery-server] [           main] c.n.eureka.DefaultEurekaServerContext    : Initialized
2026-06-19T09:28:18.425+05:30  INFO 5852 --- [discovery-server] [           main] o.s.b.a.e.web.EndpointLinksResolver      : Exposing 1 endpoint beneath base path '/actuator'
2026-06-19T09:28:18.549+05:30  INFO 5852 --- [discovery-server] [           main] o.s.c.n.e.s.EurekaServiceRegistry        : Registering application DISCOVERY-SERVER with eureka with status UP
2026-06-19T09:28:18.582+05:30  INFO 5852 --- [discovery-server] [           main] o.s.boot.tomcat.TomcatWebServer          : Tomcat started on port 8761 (http) with context path '/'
2026-06-19T09:28:18.582+05:30  INFO 5852 --- [discovery-server] [           main] .s.c.n.e.s.EurekaAutoServiceRegistration : Updating port to 8761
2026-06-19T09:28:18.599+05:30  INFO 5852 --- [discovery-server] [       Thread-9] o.s.c.n.e.server.EurekaServerBootstrap   : isAws returned false
2026-06-19T09:28:18.599+05:30  INFO 5852 --- [discovery-server] [       Thread-9] o.s.c.n.e.server.EurekaServerBootstrap   : Initialized server context
2026-06-19T09:28:18.599+05:30  INFO 5852 --- [discovery-server] [       Thread-9] c.n.e.r.PeerAwareInstanceRegistryImpl    : Got 1 instances from neighboring DS node
2026-06-19T09:28:18.608+05:30  INFO 5852 --- [discovery-server] [       Thread-9] c.n.e.r.PeerAwareInstanceRegistryImpl    : Renew threshold is: 1
2026-06-19T09:28:18.608+05:30  INFO 5852 --- [discovery-server] [       Thread-9] c.n.e.r.PeerAwareInstanceRegistryImpl    : Changing status to UP
2026-06-19T09:28:18.608+05:30  INFO 5852 --- [discovery-server] [       Thread-9] e.s.EurekaServerInitializerConfiguration : Started Eureka Server
2026-06-19T09:28:18.648+05:30  INFO 5852 --- [discovery-server] [           main] c.s.d.DiscoveryServerApplication         : Started DiscoveryServerApplication in 40.109 seconds (process running for 45.255)
2026-06-19T09:28:27.510+05:30  INFO 5852 --- [discovery-server] [nio-8761-exec-3] o.a.c.c.C.[Tomcat].[localhost].[/]       : Initializing Spring DispatcherServlet 'dispatcherServlet'
2026-06-19T09:28:27.510+05:30  INFO 5852 --- [discovery-server] [nio-8761-exec-3] o.s.web.servlet.DispatcherServlet        : Initializing Servlet 'dispatcherServlet'
2026-06-19T09:28:27.518+05:30  INFO 5852 --- [discovery-server] [nio-8761-exec-3] o.s.web.servlet.DispatcherServlet        : Completed initialization in 0 ms
2026-06-19T09:28:28.888+05:30  INFO 5852 --- [discovery-server] [nio-8761-exec-4] c.n.e.registry.AbstractInstanceRegistry  : Registered instance USER-SERVICE/192.168.1.6:user-service:8087 with status UP (replication=false)
2026-06-19T09:28:28.888+05:30  INFO 5852 --- [discovery-server] [nio-8761-exec-6] c.n.e.registry.AbstractInstanceRegistry  : Registered instance BACKTEST-SERVICE/192.168.1.6:backtest-service:8086 with status UP (replication=false)
2026-06-19T09:28:28.888+05:30  INFO 5852 --- [discovery-server] [nio-8761-exec-5] c.n.e.registry.AbstractInstanceRegistry  : Registered instance NOTIFICATION-SERVICE/192.168.1.6:notification-service:8088 with status UP (replication=false)
2026-06-19T09:28:29.938+05:30  INFO 5852 --- [discovery-server] [nio-8761-exec-7] c.n.e.registry.AbstractInstanceRegistry  : Registered instance NOTIFICATION-SERVICE/192.168.1.6:notification-service:8088 with status UP (replication=true)
2026-06-19T09:28:29.940+05:30  INFO 5852 --- [discovery-server] [nio-8761-exec-7] c.n.e.registry.AbstractInstanceRegistry  : Registered instance BACKTEST-SERVICE/192.168.1.6:backtest-service:8086 with status UP (replication=true)
2026-06-19T09:28:29.942+05:30  INFO 5852 --- [discovery-server] [nio-8761-exec-7] c.n.e.registry.AbstractInstanceRegistry  : Registered instance USER-SERVICE/192.168.1.6:user-service:8087 with status UP (replication=true)
2026-06-19T09:28:30.489+05:30  INFO 5852 --- [discovery-server] [nio-8761-exec-9] c.n.e.registry.AbstractInstanceRegistry  : Registered instance STOCK-DATA-SERVICE/192.168.1.6:stock-data-service:8081 with status UP (replication=false)
2026-06-19T09:28:30.999+05:30  INFO 5852 --- [discovery-server] [io-8761-exec-10] c.n.e.registry.AbstractInstanceRegistry  : Registered instance STOCK-DATA-SERVICE/192.168.1.6:stock-data-service:8081 with status UP (replication=true)
2026-06-19T09:28:44.082+05:30  WARN 5852 --- [discovery-server] [nio-8761-exec-4] c.n.e.registry.AbstractInstanceRegistry  : DS: Registry: lease doesn't exist, registering resource: INDICATOR-SERVICE - 192.168.1.6:indicator-service:8082
2026-06-19T09:28:44.082+05:30  WARN 5852 --- [discovery-server] [nio-8761-exec-1] c.n.e.registry.AbstractInstanceRegistry  : DS: Registry: lease doesn't exist, registering resource: API-GATEWAY - 192.168.1.6:api-gateway:8080
2026-06-19T09:28:44.086+05:30  WARN 5852 --- [discovery-server] [nio-8761-exec-4] c.n.eureka.resources.InstanceResource    : Not Found (Renew): INDICATOR-SERVICE - 192.168.1.6:indicator-service:8082
2026-06-19T09:28:44.086+05:30  WARN 5852 --- [discovery-server] [nio-8761-exec-1] c.n.eureka.resources.InstanceResource    : Not Found (Renew): API-GATEWAY - 192.168.1.6:api-gateway:8080
2026-06-19T09:28:44.394+05:30  INFO 5852 --- [discovery-server] [nio-8761-exec-6] c.n.e.registry.AbstractInstanceRegistry  : Registered instance API-GATEWAY/192.168.1.6:api-gateway:8080 with status UP (replication=false)
2026-06-19T09:28:44.394+05:30  INFO 5852 --- [discovery-server] [nio-8761-exec-5] c.n.e.registry.AbstractInstanceRegistry  : Registered instance INDICATOR-SERVICE/192.168.1.6:indicator-service:8082 with status UP (replication=false)
2026-06-19T09:28:44.928+05:30  INFO 5852 --- [discovery-server] [nio-8761-exec-7] c.n.e.registry.AbstractInstanceRegistry  : Registered instance API-GATEWAY/192.168.1.6:api-gateway:8080 with status UP (replication=true)
2026-06-19T09:28:44.930+05:30  INFO 5852 --- [discovery-server] [nio-8761-exec-7] c.n.e.registry.AbstractInstanceRegistry  : Registered instance INDICATOR-SERVICE/192.168.1.6:indicator-service:8082 with status UP (replication=true)
2026-06-19T09:28:46.223+05:30  WARN 5852 --- [discovery-server] [nio-8761-exec-9] c.n.e.registry.AbstractInstanceRegistry  : DS: Registry: lease doesn't exist, registering resource: STRATEGY-SERVICE - 192.168.1.6:strategy-service:8085
2026-06-19T09:28:46.225+05:30  WARN 5852 --- [discovery-server] [nio-8761-exec-9] c.n.eureka.resources.InstanceResource    : Not Found (Renew): STRATEGY-SERVICE - 192.168.1.6:strategy-service:8085
2026-06-19T09:28:46.232+05:30  WARN 5852 --- [discovery-server] [nio-8761-exec-3] c.n.e.registry.AbstractInstanceRegistry  : DS: Registry: lease doesn't exist, registering resource: FUNDAMENTAL-SERVICE - 192.168.1.6:fundamental-service:8084
2026-06-19T09:28:46.234+05:30  WARN 5852 --- [discovery-server] [nio-8761-exec-3] c.n.eureka.resources.InstanceResource    : Not Found (Renew): FUNDAMENTAL-SERVICE - 192.168.1.6:fundamental-service:8084
2026-06-19T09:28:46.296+05:30  INFO 5852 --- [discovery-server] [nio-8761-exec-2] c.n.e.registry.AbstractInstanceRegistry  : Registered instance STRATEGY-SERVICE/192.168.1.6:strategy-service:8085 with status UP (replication=false)
2026-06-19T09:28:46.304+05:30  INFO 5852 --- [discovery-server] [nio-8761-exec-1] c.n.e.registry.AbstractInstanceRegistry  : Registered instance FUNDAMENTAL-SERVICE/192.168.1.6:fundamental-service:8084 with status UP (replication=false)
2026-06-19T09:28:46.306+05:30  WARN 5852 --- [discovery-server] [nio-8761-exec-4] c.n.e.registry.AbstractInstanceRegistry  : DS: Registry: lease doesn't exist, registering resource: SCANNER-SERVICE - 192.168.1.6:scanner-service:8083
2026-06-19T09:28:46.306+05:30  WARN 5852 --- [discovery-server] [nio-8761-exec-4] c.n.eureka.resources.InstanceResource    : Not Found (Renew): SCANNER-SERVICE - 192.168.1.6:scanner-service:8083
2026-06-19T09:28:46.365+05:30  INFO 5852 --- [discovery-server] [nio-8761-exec-5] c.n.e.registry.AbstractInstanceRegistry  : Registered instance SCANNER-SERVICE/192.168.1.6:scanner-service:8083 with status UP (replication=false)
2026-06-19T09:28:46.806+05:30  INFO 5852 --- [discovery-server] [nio-8761-exec-7] c.n.e.registry.AbstractInstanceRegistry  : Registered instance STRATEGY-SERVICE/192.168.1.6:strategy-service:8085 with status UP (replication=true)
2026-06-19T09:28:46.806+05:30  INFO 5852 --- [discovery-server] [nio-8761-exec-7] c.n.e.registry.AbstractInstanceRegistry  : Registered instance FUNDAMENTAL-SERVICE/192.168.1.6:fundamental-service:8084 with status UP (replication=true)
2026-06-19T09:28:46.808+05:30  INFO 5852 --- [discovery-server] [nio-8761-exec-7] c.n.e.registry.AbstractInstanceRegistry  : Registered instance SCANNER-SERVICE/192.168.1.6:scanner-service:8083 with status UP (replication=true)
2026-06-19T09:29:18.620+05:30  INFO 5852 --- [discovery-server] [a-EvictionTimer] c.n.e.registry.AbstractInstanceRegistry  : Running the evict task with compensationTime 0ms
2026-06-19T09:29:29.296+05:30 ERROR 5852 --- [discovery-server] [et_localhost-18] c.n.e.cluster.ReplicationTaskProcessor   : It seems to be a socket read timeout exception, it will retry later. if it continues to happen and some eureka node occupied all the cpu time, you should set property 'eureka.server.peer-node-read-timeout-ms' to a bigger value

jakarta.ws.rs.ProcessingException: java.net.SocketTimeoutException: Read timed out
	at org.glassfish.jersey.apache.connector.ApacheConnector.apply(ApacheConnector.java:535) ~[jersey-apache-connector-3.0.5.jar:na]
	at org.glassfish.jersey.client.ClientRuntime.invoke(ClientRuntime.java:300) ~[jersey-client-4.0.2.jar:na]
	at org.glassfish.jersey.client.JerseyInvocation.lambda$invoke$0(JerseyInvocation.java:671) ~[jersey-client-4.0.2.jar:na]
	at org.glassfish.jersey.client.JerseyInvocation.call(JerseyInvocation.java:706) ~[jersey-client-4.0.2.jar:na]
	at org.glassfish.jersey.client.JerseyInvocation.lambda$runInScope$3(JerseyInvocation.java:700) ~[jersey-client-4.0.2.jar:na]
	at org.glassfish.jersey.internal.Errors.process(Errors.java:292) ~[jersey-common-4.0.2.jar:na]
	at org.glassfish.jersey.internal.Errors.process(Errors.java:274) ~[jersey-common-4.0.2.jar:na]
	at org.glassfish.jersey.internal.Errors.process(Errors.java:205) ~[jersey-common-4.0.2.jar:na]
	at org.glassfish.jersey.process.internal.RequestScope.runInScope(RequestScope.java:391) ~[jersey-common-4.0.2.jar:na]
	at org.glassfish.jersey.client.JerseyInvocation.runInScope(JerseyInvocation.java:700) ~[jersey-client-4.0.2.jar:na]
	at org.glassfish.jersey.client.JerseyInvocation.invoke(JerseyInvocation.java:670) ~[jersey-client-4.0.2.jar:na]
	at org.glassfish.jersey.client.JerseyInvocation$Builder.method(JerseyInvocation.java:436) ~[jersey-client-4.0.2.jar:na]
	at org.glassfish.jersey.client.JerseyInvocation$Builder.post(JerseyInvocation.java:342) ~[jersey-client-4.0.2.jar:na]
	at com.netflix.eureka.transport.Jersey3ReplicationClient.submitBatchUpdates(Jersey3ReplicationClient.java:116) ~[eureka-core-jersey3-2.0.5.jar:2.0.5]
	at com.netflix.eureka.cluster.ReplicationTaskProcessor.process(ReplicationTaskProcessor.java:80) ~[eureka-core-2.0.5.jar:2.0.5]
	at com.netflix.eureka.util.batcher.TaskExecutors$BatchWorkerRunnable.run(TaskExecutors.java:178) ~[eureka-core-2.0.5.jar:2.0.5]
	at java.base/java.lang.Thread.run(Thread.java:1474) ~[na:na]
Caused by: java.net.SocketTimeoutException: Read timed out
	at java.base/sun.nio.ch.NioSocketImpl.timedRead(NioSocketImpl.java:277) ~[na:na]
	at java.base/sun.nio.ch.NioSocketImpl.implRead(NioSocketImpl.java:302) ~[na:na]
	at java.base/sun.nio.ch.NioSocketImpl.read(NioSocketImpl.java:354) ~[na:na]
	at java.base/sun.nio.ch.NioSocketImpl$1.read(NioSocketImpl.java:798) ~[na:na]
	at java.base/java.net.Socket$SocketInputStream.implRead(Socket.java:974) ~[na:na]
	at java.base/java.net.Socket$SocketInputStream.read(Socket.java:964) ~[na:na]
	at org.apache.http.impl.io.SessionInputBufferImpl.streamRead(SessionInputBufferImpl.java:137) ~[httpcore-4.4.16.jar:4.4.16]
	at org.apache.http.impl.io.SessionInputBufferImpl.fillBuffer(SessionInputBufferImpl.java:153) ~[httpcore-4.4.16.jar:4.4.16]
	at org.apache.http.impl.io.SessionInputBufferImpl.readLine(SessionInputBufferImpl.java:280) ~[httpcore-4.4.16.jar:4.4.16]
	at org.apache.http.impl.conn.DefaultHttpResponseParser.parseHead(DefaultHttpResponseParser.java:138) ~[httpclient-4.5.3.jar:4.5.3]
	at org.apache.http.impl.conn.DefaultHttpResponseParser.parseHead(DefaultHttpResponseParser.java:56) ~[httpclient-4.5.3.jar:4.5.3]
	at org.apache.http.impl.io.AbstractMessageParser.parse(AbstractMessageParser.java:259) ~[httpcore-4.4.16.jar:4.4.16]
	at org.apache.http.impl.DefaultBHttpClientConnection.receiveResponseHeader(DefaultBHttpClientConnection.java:163) ~[httpcore-4.4.16.jar:4.4.16]
	at org.apache.http.impl.conn.CPoolProxy.receiveResponseHeader(CPoolProxy.java:165) ~[httpclient-4.5.3.jar:4.5.3]
	at org.apache.http.protocol.HttpRequestExecutor.doReceiveResponse(HttpRequestExecutor.java:273) ~[httpcore-4.4.16.jar:4.4.16]
	at org.apache.http.protocol.HttpRequestExecutor.execute(HttpRequestExecutor.java:125) ~[httpcore-4.4.16.jar:4.4.16]
	at org.apache.http.impl.execchain.MainClientExec.execute(MainClientExec.java:272) ~[httpclient-4.5.3.jar:4.5.3]
	at org.apache.http.impl.execchain.ProtocolExec.execute(ProtocolExec.java:185) ~[httpclient-4.5.3.jar:4.5.3]
	at org.apache.http.impl.execchain.RetryExec.execute(RetryExec.java:89) ~[httpclient-4.5.3.jar:4.5.3]
	at org.apache.http.impl.execchain.RedirectExec.execute(RedirectExec.java:111) ~[httpclient-4.5.3.jar:4.5.3]
	at org.apache.http.impl.client.InternalHttpClient.doExecute(InternalHttpClient.java:185) ~[httpclient-4.5.3.jar:4.5.3]
	at org.apache.http.impl.client.CloseableHttpClient.execute(CloseableHttpClient.java:72) ~[httpclient-4.5.3.jar:4.5.3]
	at org.glassfish.jersey.apache.connector.ApacheConnector.apply(ApacheConnector.java:487) ~[jersey-apache-connector-3.0.5.jar:na]
	... 16 common frames omitted

2026-06-19T09:30:18.627+05:30  INFO 5852 --- [discovery-server] [a-EvictionTimer] c.n.e.registry.AbstractInstanceRegistry  : Running the evict task with compensationTime 6ms
2026-06-19T09:31:18.633+05:30  INFO 5852 --- [discovery-server] [a-EvictionTimer] c.n.e.registry.AbstractInstanceRegistry  : Running the evict task with compensationTime 6ms
2026-06-19T09:32:18.639+05:30  INFO 5852 --- [discovery-server] [a-EvictionTimer] c.n.e.registry.AbstractInstanceRegistry  : Running the evict task with compensationTime 5ms
2026-06-19T09:33:18.648+05:30  INFO 5852 --- [discovery-server] [a-EvictionTimer] c.n.e.registry.AbstractInstanceRegistry  : Running the evict task with compensationTime 9ms
2026-06-19T09:34:18.648+05:30  INFO 5852 --- [discovery-server] [a-EvictionTimer] c.n.e.registry.AbstractInstanceRegistry  : Running the evict task with compensationTime 0ms
2026-06-19T09:35:18.661+05:30  INFO 5852 --- [discovery-server] [a-EvictionTimer] c.n.e.registry.AbstractInstanceRegistry  : Running the evict task with compensationTime 12ms
2026-06-19T09:36:18.677+05:30  INFO 5852 --- [discovery-server] [a-EvictionTimer] c.n.e.registry.AbstractInstanceRegistry  : Running the evict task with compensationTime 15ms
2026-06-19T09:37:18.683+05:30  INFO 5852 --- [discovery-server] [a-EvictionTimer] c.n.e.registry.AbstractInstanceRegistry  : Running the evict task with compensationTime 6ms
2026-06-19T09:38:18.695+05:30  INFO 5852 --- [discovery-server] [a-EvictionTimer] c.n.e.registry.AbstractInstanceRegistry  : Running the evict task with compensationTime 12ms
2026-06-19T09:39:18.702+05:30  INFO 5852 --- [discovery-server] [a-EvictionTimer] c.n.e.registry.AbstractInstanceRegistry  : Running the evict task with compensationTime 6ms
2026-06-19T09:40:18.709+05:30  INFO 5852 --- [discovery-server] [a-EvictionTimer] c.n.e.registry.AbstractInstanceRegistry  : Running the evict task with compensationTime 7ms
2026-06-19T09:41:18.713+05:30  INFO 5852 --- [discovery-server] [a-EvictionTimer] c.n.e.registry.AbstractInstanceRegistry  : Running the evict task with compensationTime 3ms
2026-06-19T09:42:18.714+05:30  INFO 5852 --- [discovery-server] [a-EvictionTimer] c.n.e.registry.AbstractInstanceRegistry  : Running the evict task with compensationTime 1ms
2026-06-19T09:43:18.414+05:30  INFO 5852 --- [discovery-server] [hresholdUpdater] c.n.e.r.PeerAwareInstanceRegistryImpl    : Current renewal threshold is : 17
2026-06-19T09:43:18.719+05:30  INFO 5852 --- [discovery-server] [a-EvictionTimer] c.n.e.registry.AbstractInstanceRegistry  : Running the evict task with compensationTime 4ms
2026-06-19T09:44:18.723+05:30  INFO 5852 --- [discovery-server] [a-EvictionTimer] c.n.e.registry.AbstractInstanceRegistry  : Running the evict task with compensationTime 4ms
2026-06-19T09:45:18.724+05:30  INFO 5852 --- [discovery-server] [a-EvictionTimer] c.n.e.registry.AbstractInstanceRegistry  : Running the evict task with compensationTime 0ms
2026-06-19T09:46:18.725+05:30  INFO 5852 --- [discovery-server] [a-EvictionTimer] c.n.e.registry.AbstractInstanceRegistry  : Running the evict task with compensationTime 1ms
2026-06-19T09:47:18.741+05:30  INFO 5852 --- [discovery-server] [a-EvictionTimer] c.n.e.registry.AbstractInstanceRegistry  : Running the evict task with compensationTime 15ms
2026-06-19T09:48:18.741+05:30  INFO 5852 --- [discovery-server] [a-EvictionTimer] c.n.e.registry.AbstractInstanceRegistry  : Running the evict task with compensationTime 0ms
2026-06-19T09:49:18.744+05:30  INFO 5852 --- [discovery-server] [a-EvictionTimer] c.n.e.registry.AbstractInstanceRegistry  : Running the evict task with compensationTime 2ms
2026-06-19T09:50:18.753+05:30  INFO 5852 --- [discovery-server] [a-EvictionTimer] c.n.e.registry.AbstractInstanceRegistry  : Running the evict task with compensationTime 8ms
2026-06-19T09:51:18.755+05:30  INFO 5852 --- [discovery-server] [a-EvictionTimer] c.n.e.registry.AbstractInstanceRegistry  : Running the evict task with compensationTime 1ms
2026-06-19T09:52:18.769+05:30  INFO 5852 --- [discovery-server] [a-EvictionTimer] c.n.e.registry.AbstractInstanceRegistry  : Running the evict task with compensationTime 15ms
2026-06-19T09:53:18.779+05:30  INFO 5852 --- [discovery-server] [a-EvictionTimer] c.n.e.registry.AbstractInstanceRegistry  : Running the evict task with compensationTime 9ms
2026-06-19T09:54:18.782+05:30  INFO 5852 --- [discovery-server] [a-EvictionTimer] c.n.e.registry.AbstractInstanceRegistry  : Running the evict task with compensationTime 2ms
2026-06-19T09:55:18.788+05:30  INFO 5852 --- [discovery-server] [a-EvictionTimer] c.n.e.registry.AbstractInstanceRegistry  : Running the evict task with compensationTime 6ms
2026-06-19T09:56:18.793+05:30  INFO 5852 --- [discovery-server] [a-EvictionTimer] c.n.e.registry.AbstractInstanceRegistry  : Running the evict task with compensationTime 5ms
2026-06-19T09:57:18.797+05:30  INFO 5852 --- [discovery-server] [a-EvictionTimer] c.n.e.registry.AbstractInstanceRegistry  : Running the evict task with compensationTime 3ms
2026-06-19T09:58:18.421+05:30  INFO 5852 --- [discovery-server] [hresholdUpdater] c.n.e.r.PeerAwareInstanceRegistryImpl    : Current renewal threshold is : 17
2026-06-19T09:58:18.800+05:30  INFO 5852 --- [discovery-server] [a-EvictionTimer] c.n.e.registry.AbstractInstanceRegistry  : Running the evict task with compensationTime 3ms
2026-06-19T09:59:18.814+05:30  INFO 5852 --- [discovery-server] [a-EvictionTimer] c.n.e.registry.AbstractInstanceRegistry  : Running the evict task with compensationTime 13ms
2026-06-19T10:00:18.822+05:30  INFO 5852 --- [discovery-server] [a-EvictionTimer] c.n.e.registry.AbstractInstanceRegistry  : Running the evict task with compensationTime 7ms
2026-06-19T10:01:18.834+05:30  INFO 5852 --- [discovery-server] [a-EvictionTimer] c.n.e.registry.AbstractInstanceRegistry  : Running the evict task with compensationTime 12ms
2026-06-19T10:02:18.839+05:30  INFO 5852 --- [discovery-server] [a-EvictionTimer] c.n.e.registry.AbstractInstanceRegistry  : Running the evict task with compensationTime 5ms
2026-06-19T10:03:18.841+05:30  INFO 5852 --- [discovery-server] [a-EvictionTimer] c.n.e.registry.AbstractInstanceRegistry  : Running the evict task with compensationTime 1ms
2026-06-19T10:04:18.842+05:30  INFO 5852 --- [discovery-server] [a-EvictionTimer] c.n.e.registry.AbstractInstanceRegistry  : Running the evict task with compensationTime 0ms
2026-06-19T10:05:18.846+05:30  INFO 5852 --- [discovery-server] [a-EvictionTimer] c.n.e.registry.AbstractInstanceRegistry  : Running the evict task with compensationTime 4ms
2026-06-19T10:06:18.852+05:30  INFO 5852 --- [discovery-server] [a-EvictionTimer] c.n.e.registry.AbstractInstanceRegistry  : Running the evict task with compensationTime 6ms
2026-06-19T10:07:18.856+05:30  INFO 5852 --- [discovery-server] [a-EvictionTimer] c.n.e.registry.AbstractInstanceRegistry  : Running the evict task with compensationTime 3ms
2026-06-19T10:08:18.864+05:30  INFO 5852 --- [discovery-server] [a-EvictionTimer] c.n.e.registry.AbstractInstanceRegistry  : Running the evict task with compensationTime 8ms
2026-06-19T10:09:18.866+05:30  INFO 5852 --- [discovery-server] [a-EvictionTimer] c.n.e.registry.AbstractInstanceRegistry  : Running the evict task with compensationTime 1ms
2026-06-19T10:10:18.877+05:30  INFO 5852 --- [discovery-server] [a-EvictionTimer] c.n.e.registry.AbstractInstanceRegistry  : Running the evict task with compensationTime 11ms
2026-06-19T13:10:20.448+05:30  INFO 5852 --- [discovery-server] [a-EvictionTimer] c.n.e.registry.AbstractInstanceRegistry  : Running the evict task with compensationTime 10745306ms
2026-06-19T13:11:20.456+05:30  INFO 5852 --- [discovery-server] [a-EvictionTimer] c.n.e.registry.AbstractInstanceRegistry  : Running the evict task with compensationTime 6ms
2026-06-19T13:12:19.997+05:30  INFO 5852 --- [discovery-server] [hresholdUpdater] c.n.e.r.PeerAwareInstanceRegistryImpl    : Current renewal threshold is : 17
2026-06-19T13:12:20.470+05:30  INFO 5852 --- [discovery-server] [a-EvictionTimer] c.n.e.registry.AbstractInstanceRegistry  : Running the evict task with compensationTime 14ms
2026-06-19T13:13:20.474+05:30  INFO 5852 --- [discovery-server] [a-EvictionTimer] c.n.e.registry.AbstractInstanceRegistry  : Running the evict task with compensationTime 3ms
2026-06-19T13:14:20.483+05:30  INFO 5852 --- [discovery-server] [a-EvictionTimer] c.n.e.registry.AbstractInstanceRegistry  : Running the evict task with compensationTime 9ms
2026-06-19T13:15:20.487+05:30  INFO 5852 --- [discovery-server] [a-EvictionTimer] c.n.e.registry.AbstractInstanceRegistry  : Running the evict task with compensationTime 3ms
2026-06-19T13:16:20.493+05:30  INFO 5852 --- [discovery-server] [a-EvictionTimer] c.n.e.registry.AbstractInstanceRegistry  : Running the evict task with compensationTime 6ms
2026-06-19T13:17:20.509+05:30  INFO 5852 --- [discovery-server] [a-EvictionTimer] c.n.e.registry.AbstractInstanceRegistry  : Running the evict task with compensationTime 15ms
2026-06-19T13:18:20.523+05:30  INFO 5852 --- [discovery-server] [a-EvictionTimer] c.n.e.registry.AbstractInstanceRegistry  : Running the evict task with compensationTime 14ms
2026-06-19T13:19:20.526+05:30  INFO 5852 --- [discovery-server] [a-EvictionTimer] c.n.e.registry.AbstractInstanceRegistry  : Running the evict task with compensationTime 2ms
2026-06-19T13:20:20.532+05:30  INFO 5852 --- [discovery-server] [a-EvictionTimer] c.n.e.registry.AbstractInstanceRegistry  : Running the evict task with compensationTime 6ms
2026-06-19T13:21:20.534+05:30  INFO 5852 --- [discovery-server] [a-EvictionTimer] c.n.e.registry.AbstractInstanceRegistry  : Running the evict task with compensationTime 1ms
2026-06-19T13:22:20.543+05:30  INFO 5852 --- [discovery-server] [a-EvictionTimer] c.n.e.registry.AbstractInstanceRegistry  : Running the evict task with compensationTime 8ms
2026-06-19T13:23:20.557+05:30  INFO 5852 --- [discovery-server] [a-EvictionTimer] c.n.e.registry.AbstractInstanceRegistry  : Running the evict task with compensationTime 14ms
2026-06-19T13:24:20.574+05:30  INFO 5852 --- [discovery-server] [a-EvictionTimer] c.n.e.registry.AbstractInstanceRegistry  : Running the evict task with compensationTime 15ms
2026-06-19T13:25:20.575+05:30  INFO 5852 --- [discovery-server] [a-EvictionTimer] c.n.e.registry.AbstractInstanceRegistry  : Running the evict task with compensationTime 1ms
2026-06-19T13:26:20.588+05:30  INFO 5852 --- [discovery-server] [a-EvictionTimer] c.n.e.registry.AbstractInstanceRegistry  : Running the evict task with compensationTime 12ms
2026-06-19T13:27:20.012+05:30  INFO 5852 --- [discovery-server] [hresholdUpdater] c.n.e.r.PeerAwareInstanceRegistryImpl    : Current renewal threshold is : 17
2026-06-19T13:27:20.596+05:30  INFO 5852 --- [discovery-server] [a-EvictionTimer] c.n.e.registry.AbstractInstanceRegistry  : Running the evict task with compensationTime 9ms
2026-06-19T13:28:20.598+05:30  INFO 5852 --- [discovery-server] [a-EvictionTimer] c.n.e.registry.AbstractInstanceRegistry  : Running the evict task with compensationTime 2ms
2026-06-19T13:29:20.610+05:30  INFO 5852 --- [discovery-server] [a-EvictionTimer] c.n.e.registry.AbstractInstanceRegistry  : Running the evict task with compensationTime 12ms
2026-06-19T13:30:20.625+05:30  INFO 5852 --- [discovery-server] [a-EvictionTimer] c.n.e.registry.AbstractInstanceRegistry  : Running the evict task with compensationTime 14ms
2026-06-19T13:31:20.628+05:30  INFO 5852 --- [discovery-server] [a-EvictionTimer] c.n.e.registry.AbstractInstanceRegistry  : Running the evict task with compensationTime 3ms
2026-06-19T13:32:20.632+05:30  INFO 5852 --- [discovery-server] [a-EvictionTimer] c.n.e.registry.AbstractInstanceRegistry  : Running the evict task with compensationTime 3ms
2026-06-19T13:33:20.644+05:30  INFO 5852 --- [discovery-server] [a-EvictionTimer] c.n.e.registry.AbstractInstanceRegistry  : Running the evict task with compensationTime 11ms
2026-06-19T13:34:20.655+05:30  INFO 5852 --- [discovery-server] [a-EvictionTimer] c.n.e.registry.AbstractInstanceRegistry  : Running the evict task with compensationTime 11ms
2026-06-19T13:35:20.657+05:30  INFO 5852 --- [discovery-server] [a-EvictionTimer] c.n.e.registry.AbstractInstanceRegistry  : Running the evict task with compensationTime 1ms
2026-06-19T13:36:20.662+05:30  INFO 5852 --- [discovery-server] [a-EvictionTimer] c.n.e.registry.AbstractInstanceRegistry  : Running the evict task with compensationTime 5ms
2026-06-19T13:37:20.667+05:30  INFO 5852 --- [discovery-server] [a-EvictionTimer] c.n.e.registry.AbstractInstanceRegistry  : Running the evict task with compensationTime 4ms
2026-06-19T13:38:20.680+05:30  INFO 5852 --- [discovery-server] [a-EvictionTimer] c.n.e.registry.AbstractInstanceRegistry  : Running the evict task with compensationTime 13ms
2026-06-19T13:39:20.687+05:30  INFO 5852 --- [discovery-server] [a-EvictionTimer] c.n.e.registry.AbstractInstanceRegistry  : Running the evict task with compensationTime 6ms
2026-06-19T13:40:20.688+05:30  INFO 5852 --- [discovery-server] [a-EvictionTimer] c.n.e.registry.AbstractInstanceRegistry  : Running the evict task with compensationTime 1ms
2026-06-19T13:41:20.691+05:30  INFO 5852 --- [discovery-server] [a-EvictionTimer] c.n.e.registry.AbstractInstanceRegistry  : Running the evict task with compensationTime 2ms
2026-06-19T13:42:20.041+05:30  INFO 5852 --- [discovery-server] [hresholdUpdater] c.n.e.r.PeerAwareInstanceRegistryImpl    : Current renewal threshold is : 17
2026-06-19T13:42:20.704+05:30  INFO 5852 --- [discovery-server] [a-EvictionTimer] c.n.e.registry.AbstractInstanceRegistry  : Running the evict task with compensationTime 13ms
2026-06-19T13:43:20.709+05:30  INFO 5852 --- [discovery-server] [a-EvictionTimer] c.n.e.registry.AbstractInstanceRegistry  : Running the evict task with compensationTime 5ms
2026-06-19T13:44:20.712+05:30  INFO 5852 --- [discovery-server] [a-EvictionTimer] c.n.e.registry.AbstractInstanceRegistry  : Running the evict task with compensationTime 2ms
2026-06-19T13:45:20.723+05:30  INFO 5852 --- [discovery-server] [a-EvictionTimer] c.n.e.registry.AbstractInstanceRegistry  : Running the evict task with compensationTime 11ms
2026-06-19T13:46:20.725+05:30  INFO 5852 --- [discovery-server] [a-EvictionTimer] c.n.e.registry.AbstractInstanceRegistry  : Running the evict task with compensationTime 1ms
2026-06-19T13:47:20.740+05:30  INFO 5852 --- [discovery-server] [a-EvictionTimer] c.n.e.registry.AbstractInstanceRegistry  : Running the evict task with compensationTime 15ms
2026-06-19T13:48:20.754+05:30  INFO 5852 --- [discovery-server] [a-EvictionTimer] c.n.e.registry.AbstractInstanceRegistry  : Running the evict task with compensationTime 13ms
2026-06-19T13:49:20.755+05:30  INFO 5852 --- [discovery-server] [a-EvictionTimer] c.n.e.registry.AbstractInstanceRegistry  : Running the evict task with compensationTime 2ms
2026-06-19T13:50:20.765+05:30  INFO 5852 --- [discovery-server] [a-EvictionTimer] c.n.e.registry.AbstractInstanceRegistry  : Running the evict task with compensationTime 10ms
2026-06-19T13:51:20.771+05:30  INFO 5852 --- [discovery-server] [a-EvictionTimer] c.n.e.registry.AbstractInstanceRegistry  : Running the evict task with compensationTime 4ms
2026-06-19T13:52:20.773+05:30  INFO 5852 --- [discovery-server] [a-EvictionTimer] c.n.e.registry.AbstractInstanceRegistry  : Running the evict task with compensationTime 2ms
2026-06-19T13:53:20.782+05:30  INFO 5852 --- [discovery-server] [a-EvictionTimer] c.n.e.registry.AbstractInstanceRegistry  : Running the evict task with compensationTime 9ms
2026-06-19T13:54:20.782+05:30  INFO 5852 --- [discovery-server] [a-EvictionTimer] c.n.e.registry.AbstractInstanceRegistry  : Running the evict task with compensationTime 0ms
2026-06-19T13:55:20.799+05:30  INFO 5852 --- [discovery-server] [a-EvictionTimer] c.n.e.registry.AbstractInstanceRegistry  : Running the evict task with compensationTime 16ms
2026-06-19T13:56:20.813+05:30  INFO 5852 --- [discovery-server] [a-EvictionTimer] c.n.e.registry.AbstractInstanceRegistry  : Running the evict task with compensationTime 14ms
2026-06-19T13:57:20.043+05:30  INFO 5852 --- [discovery-server] [hresholdUpdater] c.n.e.r.PeerAwareInstanceRegistryImpl    : Current renewal threshold is : 17
2026-06-19T13:57:20.828+05:30  INFO 5852 --- [discovery-server] [a-EvictionTimer] c.n.e.registry.AbstractInstanceRegistry  : Running the evict task with compensationTime 15ms
2026-06-19T13:58:20.832+05:30  INFO 5852 --- [discovery-server] [a-EvictionTimer] c.n.e.registry.AbstractInstanceRegistry  : Running the evict task with compensationTime 3ms
2026-06-19T13:59:20.847+05:30  INFO 5852 --- [discovery-server] [a-EvictionTimer] c.n.e.registry.AbstractInstanceRegistry  : Running the evict task with compensationTime 15ms
2026-06-19T14:00:20.861+05:30  INFO 5852 --- [discovery-server] [a-EvictionTimer] c.n.e.registry.AbstractInstanceRegistry  : Running the evict task with compensationTime 14ms
2026-06-19T14:01:20.872+05:30  INFO 5852 --- [discovery-server] [a-EvictionTimer] c.n.e.registry.AbstractInstanceRegistry  : Running the evict task with compensationTime 11ms
2026-06-19T14:02:20.875+05:30  INFO 5852 --- [discovery-server] [a-EvictionTimer] c.n.e.registry.AbstractInstanceRegistry  : Running the evict task with compensationTime 2ms
2026-06-19T14:03:20.887+05:30  INFO 5852 --- [discovery-server] [a-EvictionTimer] c.n.e.registry.AbstractInstanceRegistry  : Running the evict task with compensationTime 12ms
2026-06-19T14:04:20.889+05:30  INFO 5852 --- [discovery-server] [a-EvictionTimer] c.n.e.registry.AbstractInstanceRegistry  : Running the evict task with compensationTime 2ms
2026-06-19T14:05:20.900+05:30  INFO 5852 --- [discovery-server] [a-EvictionTimer] c.n.e.registry.AbstractInstanceRegistry  : Running the evict task with compensationTime 11ms
2026-06-19T14:06:20.910+05:30  INFO 5852 --- [discovery-server] [a-EvictionTimer] c.n.e.registry.AbstractInstanceRegistry  : Running the evict task with compensationTime 9ms
2026-06-19T14:07:20.921+05:30  INFO 5852 --- [discovery-server] [a-EvictionTimer] c.n.e.registry.AbstractInstanceRegistry  : Running the evict task with compensationTime 11ms
2026-06-19T14:08:20.935+05:30  INFO 5852 --- [discovery-server] [a-EvictionTimer] c.n.e.registry.AbstractInstanceRegistry  : Running the evict task with compensationTime 13ms
2026-06-19T14:09:20.947+05:30  INFO 5852 --- [discovery-server] [a-EvictionTimer] c.n.e.registry.AbstractInstanceRegistry  : Running the evict task with compensationTime 11ms
2026-06-19T14:10:20.960+05:30  INFO 5852 --- [discovery-server] [a-EvictionTimer] c.n.e.registry.AbstractInstanceRegistry  : Running the evict task with compensationTime 12ms
2026-06-19T14:11:20.968+05:30  INFO 5852 --- [discovery-server] [a-EvictionTimer] c.n.e.registry.AbstractInstanceRegistry  : Running the evict task with compensationTime 8ms
2026-06-19T14:12:20.061+05:30  INFO 5852 --- [discovery-server] [hresholdUpdater] c.n.e.r.PeerAwareInstanceRegistryImpl    : Current renewal threshold is : 17
2026-06-19T14:12:20.974+05:30  INFO 5852 --- [discovery-server] [a-EvictionTimer] c.n.e.registry.AbstractInstanceRegistry  : Running the evict task with compensationTime 4ms
2026-06-19T14:13:20.978+05:30  INFO 5852 --- [discovery-server] [a-EvictionTimer] c.n.e.registry.AbstractInstanceRegistry  : Running the evict task with compensationTime 4ms
2026-06-19T14:14:20.997+05:30  INFO 5852 --- [discovery-server] [a-EvictionTimer] c.n.e.registry.AbstractInstanceRegistry  : Running the evict task with compensationTime 15ms
2026-06-19T14:15:20.995+05:30  INFO 5852 --- [discovery-server] [a-EvictionTimer] c.n.e.registry.AbstractInstanceRegistry  : Running the evict task with compensationTime 1ms
2026-06-19T14:16:21.010+05:30  INFO 5852 --- [discovery-server] [a-EvictionTimer] c.n.e.registry.AbstractInstanceRegistry  : Running the evict task with compensationTime 15ms
2026-06-19T14:17:21.024+05:30  INFO 5852 --- [discovery-server] [a-EvictionTimer] c.n.e.registry.AbstractInstanceRegistry  : Running the evict task with compensationTime 13ms
2026-06-19T14:18:21.039+05:30  INFO 5852 --- [discovery-server] [a-EvictionTimer] c.n.e.registry.AbstractInstanceRegistry  : Running the evict task with compensationTime 14ms
2026-06-19T14:19:21.049+05:30  INFO 5852 --- [discovery-server] [a-EvictionTimer] c.n.e.registry.AbstractInstanceRegistry  : Running the evict task with compensationTime 10ms
2026-06-19T14:20:21.063+05:30  INFO 5852 --- [discovery-server] [a-EvictionTimer] c.n.e.registry.AbstractInstanceRegistry  : Running the evict task with compensationTime 13ms
2026-06-19T14:21:21.079+05:30  INFO 5852 --- [discovery-server] [a-EvictionTimer] c.n.e.registry.AbstractInstanceRegistry  : Running the evict task with compensationTime 14ms
2026-06-19T14:22:21.084+05:30  INFO 5852 --- [discovery-server] [a-EvictionTimer] c.n.e.registry.AbstractInstanceRegistry  : Running the evict task with compensationTime 6ms
2026-06-19T14:23:21.096+05:30  INFO 5852 --- [discovery-server] [a-EvictionTimer] c.n.e.registry.AbstractInstanceRegistry  : Running the evict task with compensationTime 12ms
2026-06-19T14:24:21.102+05:30  INFO 5852 --- [discovery-server] [a-EvictionTimer] c.n.e.registry.AbstractInstanceRegistry  : Running the evict task with compensationTime 6ms
2026-06-19T14:25:21.106+05:30  INFO 5852 --- [discovery-server] [a-EvictionTimer] c.n.e.registry.AbstractInstanceRegistry  : Running the evict task with compensationTime 3ms
2026-06-19T14:26:21.111+05:30  INFO 5852 --- [discovery-server] [a-EvictionTimer] c.n.e.registry.AbstractInstanceRegistry  : Running the evict task with compensationTime 5ms
2026-06-19T14:27:20.054+05:30  INFO 5852 --- [discovery-server] [hresholdUpdater] c.n.e.r.PeerAwareInstanceRegistryImpl    : Current renewal threshold is : 17
2026-06-19T14:27:21.116+05:30  INFO 5852 --- [discovery-server] [a-EvictionTimer] c.n.e.registry.AbstractInstanceRegistry  : Running the evict task with compensationTime 4ms
2026-06-19T14:28:21.130+05:30  INFO 5852 --- [discovery-server] [a-EvictionTimer] c.n.e.registry.AbstractInstanceRegistry  : Running the evict task with compensationTime 14ms
2026-06-19T14:29:21.135+05:30  INFO 5852 --- [discovery-server] [a-EvictionTimer] c.n.e.registry.AbstractInstanceRegistry  : Running the evict task with compensationTime 5ms
2026-06-19T14:30:21.158+05:30  INFO 5852 --- [discovery-server] [a-EvictionTimer] c.n.e.registry.AbstractInstanceRegistry  : Running the evict task with compensationTime 22ms
2026-06-19T14:31:21.163+05:30  INFO 5852 --- [discovery-server] [a-EvictionTimer] c.n.e.registry.AbstractInstanceRegistry  : Running the evict task with compensationTime 5ms
2026-06-19T14:32:21.172+05:30  INFO 5852 --- [discovery-server] [a-EvictionTimer] c.n.e.registry.AbstractInstanceRegistry  : Running the evict task with compensationTime 9ms
2026-06-19T14:33:21.187+05:30  INFO 5852 --- [discovery-server] [a-EvictionTimer] c.n.e.registry.AbstractInstanceRegistry  : Running the evict task with compensationTime 13ms
2026-06-19T14:34:21.189+05:30  INFO 5852 --- [discovery-server] [a-EvictionTimer] c.n.e.registry.AbstractInstanceRegistry  : Running the evict task with compensationTime 2ms
2026-06-19T14:35:21.201+05:30  INFO 5852 --- [discovery-server] [a-EvictionTimer] c.n.e.registry.AbstractInstanceRegistry  : Running the evict task with compensationTime 12ms
2026-06-19T14:36:21.217+05:30  INFO 5852 --- [discovery-server] [a-EvictionTimer] c.n.e.registry.AbstractInstanceRegistry  : Running the evict task with compensationTime 15ms
2026-06-19T14:37:21.224+05:30  INFO 5852 --- [discovery-server] [a-EvictionTimer] c.n.e.registry.AbstractInstanceRegistry  : Running the evict task with compensationTime 7ms
2026-06-19T14:38:21.234+05:30  INFO 5852 --- [discovery-server] [a-EvictionTimer] c.n.e.registry.AbstractInstanceRegistry  : Running the evict task with compensationTime 9ms
2026-06-19T14:39:21.235+05:30  INFO 5852 --- [discovery-server] [a-EvictionTimer] c.n.e.registry.AbstractInstanceRegistry  : Running the evict task with compensationTime 0ms
2026-06-19T14:40:21.250+05:30  INFO 5852 --- [discovery-server] [a-EvictionTimer] c.n.e.registry.AbstractInstanceRegistry  : Running the evict task with compensationTime 15ms
2026-06-19T14:41:21.262+05:30  INFO 5852 --- [discovery-server] [a-EvictionTimer] c.n.e.registry.AbstractInstanceRegistry  : Running the evict task with compensationTime 11ms
2026-06-19T14:42:20.060+05:30  INFO 5852 --- [discovery-server] [hresholdUpdater] c.n.e.r.PeerAwareInstanceRegistryImpl    : Current renewal threshold is : 17
2026-06-19T14:42:21.270+05:30  INFO 5852 --- [discovery-server] [a-EvictionTimer] c.n.e.registry.AbstractInstanceRegistry  : Running the evict task with compensationTime 8ms
2026-06-19T14:43:21.271+05:30  INFO 5852 --- [discovery-server] [a-EvictionTimer] c.n.e.registry.AbstractInstanceRegistry  : Running the evict task with compensationTime 0ms
2026-06-19T14:44:21.284+05:30  INFO 5852 --- [discovery-server] [a-EvictionTimer] c.n.e.registry.AbstractInstanceRegistry  : Running the evict task with compensationTime 8ms
2026-06-19T14:45:21.293+05:30  INFO 5852 --- [discovery-server] [a-EvictionTimer] c.n.e.registry.AbstractInstanceRegistry  : Running the evict task with compensationTime 13ms
2026-06-19T14:46:21.306+05:30  INFO 5852 --- [discovery-server] [a-EvictionTimer] c.n.e.registry.AbstractInstanceRegistry  : Running the evict task with compensationTime 12ms
2026-06-19T14:47:21.316+05:30  INFO 5852 --- [discovery-server] [a-EvictionTimer] c.n.e.registry.AbstractInstanceRegistry  : Running the evict task with compensationTime 10ms
2026-06-19T14:48:21.331+05:30  INFO 5852 --- [discovery-server] [a-EvictionTimer] c.n.e.registry.AbstractInstanceRegistry  : Running the evict task with compensationTime 14ms
2026-06-19T14:49:21.331+05:30  INFO 5852 --- [discovery-server] [a-EvictionTimer] c.n.e.registry.AbstractInstanceRegistry  : Running the evict task with compensationTime 0ms
2026-06-19T14:50:21.343+05:30  INFO 5852 --- [discovery-server] [a-EvictionTimer] c.n.e.registry.AbstractInstanceRegistry  : Running the evict task with compensationTime 11ms
2026-06-19T14:51:21.357+05:30  INFO 5852 --- [discovery-server] [a-EvictionTimer] c.n.e.registry.AbstractInstanceRegistry  : Running the evict task with compensationTime 14ms
2026-06-19T14:52:21.369+05:30  INFO 5852 --- [discovery-server] [a-EvictionTimer] c.n.e.registry.AbstractInstanceRegistry  : Running the evict task with compensationTime 12ms
2026-06-19T14:53:21.384+05:30  INFO 5852 --- [discovery-server] [a-EvictionTimer] c.n.e.registry.AbstractInstanceRegistry  : Running the evict task with compensationTime 15ms
2026-06-19T14:54:21.386+05:30  INFO 5852 --- [discovery-server] [a-EvictionTimer] c.n.e.registry.AbstractInstanceRegistry  : Running the evict task with compensationTime 1ms
2026-06-19T14:55:21.387+05:30  INFO 5852 --- [discovery-server] [a-EvictionTimer] c.n.e.registry.AbstractInstanceRegistry  : Running the evict task with compensationTime 1ms
2026-06-19T14:56:21.389+05:30  INFO 5852 --- [discovery-server] [a-EvictionTimer] c.n.e.registry.AbstractInstanceRegistry  : Running the evict task with compensationTime 1ms
2026-06-19T14:57:20.121+05:30  INFO 5852 --- [discovery-server] [hresholdUpdater] c.n.e.r.PeerAwareInstanceRegistryImpl    : Current renewal threshold is : 17
2026-06-19T14:57:21.396+05:30  INFO 5852 --- [discovery-server] [a-EvictionTimer] c.n.e.registry.AbstractInstanceRegistry  : Running the evict task with compensationTime 6ms
2026-06-19T14:58:21.405+05:30  INFO 5852 --- [discovery-server] [a-EvictionTimer] c.n.e.registry.AbstractInstanceRegistry  : Running the evict task with compensationTime 9ms
2026-06-19T14:59:21.413+05:30  INFO 5852 --- [discovery-server] [a-EvictionTimer] c.n.e.registry.AbstractInstanceRegistry  : Running the evict task with compensationTime 8ms
2026-06-19T15:00:21.427+05:30  INFO 5852 --- [discovery-server] [a-EvictionTimer] c.n.e.registry.AbstractInstanceRegistry  : Running the evict task with compensationTime 14ms
2026-06-19T15:01:21.441+05:30  INFO 5852 --- [discovery-server] [a-EvictionTimer] c.n.e.registry.AbstractInstanceRegistry  : Running the evict task with compensationTime 13ms
2026-06-19T15:02:21.454+05:30  INFO 5852 --- [discovery-server] [a-EvictionTimer] c.n.e.registry.AbstractInstanceRegistry  : Running the evict task with compensationTime 12ms
2026-06-19T15:03:21.464+05:30  INFO 5852 --- [discovery-server] [a-EvictionTimer] c.n.e.registry.AbstractInstanceRegistry  : Running the evict task with compensationTime 11ms
2026-06-19T15:04:21.473+05:30  INFO 5852 --- [discovery-server] [a-EvictionTimer] c.n.e.registry.AbstractInstanceRegistry  : Running the evict task with compensationTime 8ms
2026-06-19T15:05:21.487+05:30  INFO 5852 --- [discovery-server] [a-EvictionTimer] c.n.e.registry.AbstractInstanceRegistry  : Running the evict task with compensationTime 13ms
2026-06-19T15:06:21.499+05:30  INFO 5852 --- [discovery-server] [a-EvictionTimer] c.n.e.registry.AbstractInstanceRegistry  : Running the evict task with compensationTime 12ms
2026-06-19T15:07:21.505+05:30  INFO 5852 --- [discovery-server] [a-EvictionTimer] c.n.e.registry.AbstractInstanceRegistry  : Running the evict task with compensationTime 5ms
2026-06-19T15:08:21.515+05:30  INFO 5852 --- [discovery-server] [a-EvictionTimer] c.n.e.registry.AbstractInstanceRegistry  : Running the evict task with compensationTime 10ms
2026-06-19T15:09:21.529+05:30  INFO 5852 --- [discovery-server] [a-EvictionTimer] c.n.e.registry.AbstractInstanceRegistry  : Running the evict task with compensationTime 14ms
2026-06-19T15:10:21.542+05:30  INFO 5852 --- [discovery-server] [a-EvictionTimer] c.n.e.registry.AbstractInstanceRegistry  : Running the evict task with compensationTime 12ms
2026-06-19T15:11:21.557+05:30  INFO 5852 --- [discovery-server] [a-EvictionTimer] c.n.e.registry.AbstractInstanceRegistry  : Running the evict task with compensationTime 15ms
2026-06-19T15:12:20.107+05:30  INFO 5852 --- [discovery-server] [hresholdUpdater] c.n.e.r.PeerAwareInstanceRegistryImpl    : Current renewal threshold is : 17
2026-06-19T15:12:21.569+05:30  INFO 5852 --- [discovery-server] [a-EvictionTimer] c.n.e.registry.AbstractInstanceRegistry  : Running the evict task with compensationTime 12ms
2026-06-19T15:13:21.578+05:30  INFO 5852 --- [discovery-server] [a-EvictionTimer] c.n.e.registry.AbstractInstanceRegistry  : Running the evict task with compensationTime 8ms
2026-06-19T15:14:21.589+05:30  INFO 5852 --- [discovery-server] [a-EvictionTimer] c.n.e.registry.AbstractInstanceRegistry  : Running the evict task with compensationTime 10ms
2026-06-19T15:15:21.589+05:30  INFO 5852 --- [discovery-server] [a-EvictionTimer] c.n.e.registry.AbstractInstanceRegistry  : Running the evict task with compensationTime 0ms
2026-06-19T15:16:21.594+05:30  INFO 5852 --- [discovery-server] [a-EvictionTimer] c.n.e.registry.AbstractInstanceRegistry  : Running the evict task with compensationTime 2ms
2026-06-19T15:17:21.614+05:30  INFO 5852 --- [discovery-server] [a-EvictionTimer] c.n.e.registry.AbstractInstanceRegistry  : Running the evict task with compensationTime 5ms
2026-06-19T15:17:30.137+05:30  INFO 5852 --- [discovery-server] [nio-8761-exec-6] c.n.e.registry.AbstractInstanceRegistry  : Registered instance STOCK-DATA-SERVICE/DESKTOP-TAPHLMF:stock-data-service:8081 with status UP (replication=false)
2026-06-19T15:17:30.219+05:30  INFO 5852 --- [discovery-server] [nio-8761-exec-7] c.n.e.registry.AbstractInstanceRegistry  : Registered instance STOCK-DATA-SERVICE/DESKTOP-TAPHLMF:stock-data-service:8081 with status UP (replication=true)
2026-06-19T15:18:21.609+05:30  INFO 5852 --- [discovery-server] [a-EvictionTimer] c.n.e.registry.AbstractInstanceRegistry  : Running the evict task with compensationTime 12ms
2026-06-19T15:18:21.626+05:30  INFO 5852 --- [discovery-server] [a-EvictionTimer] c.n.e.registry.AbstractInstanceRegistry  : Evicting 1 items (expired=1, evictionLimit=2)
2026-06-19T15:18:21.634+05:30  WARN 5852 --- [discovery-server] [a-EvictionTimer] c.n.e.registry.AbstractInstanceRegistry  : DS: Registry: expired lease for STOCK-DATA-SERVICE/192.168.1.6:stock-data-service:8081
2026-06-19T15:18:21.634+05:30  INFO 5852 --- [discovery-server] [a-EvictionTimer] c.n.e.registry.AbstractInstanceRegistry  : Cancelled instance STOCK-DATA-SERVICE/192.168.1.6:stock-data-service:8081 (replication=false)
2026-06-19T15:19:21.621+05:30  INFO 5852 --- [discovery-server] [a-EvictionTimer] c.n.e.registry.AbstractInstanceRegistry  : Running the evict task with compensationTime 10ms
2026-06-19T15:20:21.636+05:30  INFO 5852 --- [discovery-server] [a-EvictionTimer] c.n.e.registry.AbstractInstanceRegistry  : Running the evict task with compensationTime 15ms
2026-06-19T15:21:21.651+05:30  INFO 5852 --- [discovery-server] [a-EvictionTimer] c.n.e.registry.AbstractInstanceRegistry  : Running the evict task with compensationTime 14ms
2026-06-19T15:22:21.666+05:30  INFO 5852 --- [discovery-server] [a-EvictionTimer] c.n.e.registry.AbstractInstanceRegistry  : Running the evict task with compensationTime 14ms
2026-06-19T15:23:21.674+05:30  INFO 5852 --- [discovery-server] [a-EvictionTimer] c.n.e.registry.AbstractInstanceRegistry  : Running the evict task with compensationTime 8ms
2026-06-19T15:24:21.711+05:30  INFO 5852 --- [discovery-server] [a-EvictionTimer] c.n.e.registry.AbstractInstanceRegistry  : Running the evict task with compensationTime 13ms
2026-06-19T15:25:21.687+05:30  INFO 5852 --- [discovery-server] [a-EvictionTimer] c.n.e.registry.AbstractInstanceRegistry  : Running the evict task with compensationTime 0ms
2026-06-19T15:26:21.718+05:30  INFO 5852 --- [discovery-server] [a-EvictionTimer] c.n.e.registry.AbstractInstanceRegistry  : Running the evict task with compensationTime 14ms
2026-06-19T15:27:20.122+05:30  INFO 5852 --- [discovery-server] [hresholdUpdater] c.n.e.r.PeerAwareInstanceRegistryImpl    : Current renewal threshold is : 17
2026-06-19T15:27:21.712+05:30  INFO 5852 --- [discovery-server] [a-EvictionTimer] c.n.e.registry.AbstractInstanceRegistry  : Running the evict task with compensationTime 9ms
2026-06-19T15:28:21.723+05:30  INFO 5852 --- [discovery-server] [a-EvictionTimer] c.n.e.registry.AbstractInstanceRegistry  : Running the evict task with compensationTime 10ms
2026-06-19T15:29:21.735+05:30  INFO 5852 --- [discovery-server] [a-EvictionTimer] c.n.e.registry.AbstractInstanceRegistry  : Running the evict task with compensationTime 12ms
