[INFO] Scanning for projects...
[INFO] 
[INFO] ---------------< com.stockbadshah:notification-service >----------------
[INFO] Building notification-service 0.0.1-SNAPSHOT
[INFO]   from pom.xml
[INFO] --------------------------------[ jar ]---------------------------------
[INFO] 
[INFO] >>> spring-boot:4.0.6:run (default-cli) > test-compile @ notification-service >>>
[INFO] 
[INFO] --- resources:3.3.1:resources (default-resources) @ notification-service ---
[INFO] Copying 1 resource from src\main\resources to target\classes
[INFO] Copying 0 resource from src\main\resources to target\classes
[INFO] 
[INFO] --- compiler:3.14.1:compile (default-compile) @ notification-service ---
[INFO] Nothing to compile - all classes are up to date.
[INFO] 
[INFO] --- resources:3.3.1:testResources (default-testResources) @ notification-service ---
[INFO] skip non existing resourceDirectory D:\StockMarketBadsaha\backend\notification-service\src\test\resources
[INFO] 
[INFO] --- compiler:3.14.1:testCompile (default-testCompile) @ notification-service ---
[INFO] Nothing to compile - all classes are up to date.
[INFO] 
[INFO] <<< spring-boot:4.0.6:run (default-cli) < test-compile @ notification-service <<<
[INFO] 
[INFO] 
[INFO] --- spring-boot:4.0.6:run (default-cli) @ notification-service ---
[INFO] Attaching agents: []

  .   ____          _            __ _ _
 /\\ / ___'_ __ _ _(_)_ __  __ _ \ \ \ \
( ( )\___ | '_ | '_| | '_ \/ _` | \ \ \ \
 \\/  ___)| |_)| | | | | || (_| |  ) ) ) )
  '  |____| .__|_| |_|_| |_\__, | / / / /
 =========|_|==============|___/=/_/_/_/

 :: Spring Boot ::                (v4.0.6)

2026-06-19T09:28:17.073+05:30  INFO 24512 --- [notification-service] [           main] c.s.n.NotificationServiceApplication     : Starting NotificationServiceApplication using Java 25 with PID 24512 (D:\StockMarketBadsaha\backend\notification-service\target\classes started by irfan in D:\StockMarketBadsaha\backend\notification-service)
2026-06-19T09:28:17.098+05:30  INFO 24512 --- [notification-service] [           main] c.s.n.NotificationServiceApplication     : No active profile set, falling back to 1 default profile: "default"
2026-06-19T09:28:21.000+05:30  INFO 24512 --- [notification-service] [           main] o.s.cloud.context.scope.GenericScope     : BeanFactory id=ff70072e-4b66-3513-93f2-f520518b91c3
2026-06-19T09:28:22.855+05:30  INFO 24512 --- [notification-service] [           main] o.s.boot.tomcat.TomcatWebServer          : Tomcat initialized with port 8088 (http)
2026-06-19T09:28:22.935+05:30  INFO 24512 --- [notification-service] [           main] o.apache.catalina.core.StandardService   : Starting service [Tomcat]
2026-06-19T09:28:22.938+05:30  INFO 24512 --- [notification-service] [           main] o.apache.catalina.core.StandardEngine    : Starting Servlet engine: [Apache Tomcat/11.0.21]
2026-06-19T09:28:23.682+05:30  INFO 24512 --- [notification-service] [           main] b.w.c.s.WebApplicationContextInitializer : Root WebApplicationContext: initialization completed in 6286 ms
2026-06-19T09:28:26.421+05:30  INFO 24512 --- [notification-service] [           main] DiscoveryClientOptionalArgsConfiguration : Eureka HTTP Client uses RestClient.
2026-06-19T09:28:26.519+05:30  WARN 24512 --- [notification-service] [           main] iguration$LoadBalancerCaffeineWarnLogger : Spring Cloud LoadBalancer is currently working with the default cache. While this cache implementation is useful for development and tests, it's recommended to use Caffeine cache in production.You can switch to using Caffeine cache, by adding it and org.springframework.cache.caffeine.CaffeineCacheManager to the classpath.
2026-06-19T09:28:26.540+05:30  INFO 24512 --- [notification-service] [           main] o.s.b.a.e.web.EndpointLinksResolver      : Exposing 1 endpoint beneath base path '/actuator'
2026-06-19T09:28:26.684+05:30  INFO 24512 --- [notification-service] [           main] o.s.c.n.eureka.InstanceInfoFactory       : Setting initial instance status as: STARTING
2026-06-19T09:28:26.746+05:30  INFO 24512 --- [notification-service] [           main] com.netflix.discovery.DiscoveryClient    : Initializing Eureka in region us-east-1
2026-06-19T09:28:26.754+05:30  INFO 24512 --- [notification-service] [           main] c.n.d.s.r.aws.ConfigClusterResolver      : Resolving eureka endpoints via configuration
2026-06-19T09:28:26.770+05:30  INFO 24512 --- [notification-service] [           main] com.netflix.discovery.DiscoveryClient    : Disable delta property : false
2026-06-19T09:28:26.770+05:30  INFO 24512 --- [notification-service] [           main] com.netflix.discovery.DiscoveryClient    : Single vip registry refresh property : null
2026-06-19T09:28:26.770+05:30  INFO 24512 --- [notification-service] [           main] com.netflix.discovery.DiscoveryClient    : Force full registry fetch : false
2026-06-19T09:28:26.770+05:30  INFO 24512 --- [notification-service] [           main] com.netflix.discovery.DiscoveryClient    : Application is null : false
2026-06-19T09:28:26.770+05:30  INFO 24512 --- [notification-service] [           main] com.netflix.discovery.DiscoveryClient    : Registered Applications size is zero : true
2026-06-19T09:28:26.779+05:30  INFO 24512 --- [notification-service] [           main] com.netflix.discovery.DiscoveryClient    : Application version is -1: true
2026-06-19T09:28:26.781+05:30  INFO 24512 --- [notification-service] [           main] com.netflix.discovery.DiscoveryClient    : Getting all instance registry info from the eureka server
2026-06-19T09:28:28.367+05:30  INFO 24512 --- [notification-service] [           main] com.netflix.discovery.DiscoveryClient    : The response status is 200
2026-06-19T09:28:28.372+05:30  INFO 24512 --- [notification-service] [           main] com.netflix.discovery.DiscoveryClient    : Starting heartbeat executor: renew interval is: 30
2026-06-19T09:28:28.376+05:30  INFO 24512 --- [notification-service] [           main] c.n.discovery.InstanceInfoReplicator     : InstanceInfoReplicator onDemand update allowed rate per min is 4
2026-06-19T09:28:28.383+05:30  INFO 24512 --- [notification-service] [           main] com.netflix.discovery.DiscoveryClient    : Discovery Client initialized at timestamp 1781841508379 with initial instances count: 0
2026-06-19T09:28:28.385+05:30  INFO 24512 --- [notification-service] [           main] o.s.c.n.e.s.EurekaServiceRegistry        : Registering application NOTIFICATION-SERVICE with eureka with status UP
2026-06-19T09:28:28.392+05:30  INFO 24512 --- [notification-service] [           main] com.netflix.discovery.DiscoveryClient    : Saw local status change event StatusChangeEvent [timestamp=1781841508392, current=UP, previous=STARTING]
2026-06-19T09:28:28.399+05:30  INFO 24512 --- [notification-service] [foReplicator-%d] com.netflix.discovery.DiscoveryClient    : DiscoveryClient_NOTIFICATION-SERVICE/192.168.1.6:notification-service:8088: registering service...
2026-06-19T09:28:28.451+05:30  INFO 24512 --- [notification-service] [           main] o.s.boot.tomcat.TomcatWebServer          : Tomcat started on port 8088 (http) with context path '/'
2026-06-19T09:28:28.455+05:30  INFO 24512 --- [notification-service] [           main] .s.c.n.e.s.EurekaAutoServiceRegistration : Updating port to 8088
2026-06-19T09:28:28.502+05:30  INFO 24512 --- [notification-service] [           main] c.s.n.NotificationServiceApplication     : Started NotificationServiceApplication in 14.043 seconds (process running for 19.302)
2026-06-19T09:28:28.906+05:30  INFO 24512 --- [notification-service] [foReplicator-%d] com.netflix.discovery.DiscoveryClient    : DiscoveryClient_NOTIFICATION-SERVICE/192.168.1.6:notification-service:8088 - registration status: 204
2026-06-19T09:28:58.378+05:30  INFO 24512 --- [notification-service] [reshExecutor-%d] com.netflix.discovery.DiscoveryClient    : Disable delta property : false
2026-06-19T09:28:58.424+05:30  INFO 24512 --- [notification-service] [reshExecutor-%d] com.netflix.discovery.DiscoveryClient    : Single vip registry refresh property : null
2026-06-19T09:28:58.426+05:30  INFO 24512 --- [notification-service] [reshExecutor-%d] com.netflix.discovery.DiscoveryClient    : Force full registry fetch : false
2026-06-19T09:28:58.426+05:30  INFO 24512 --- [notification-service] [reshExecutor-%d] com.netflix.discovery.DiscoveryClient    : Application is null : false
2026-06-19T09:28:58.428+05:30  INFO 24512 --- [notification-service] [reshExecutor-%d] com.netflix.discovery.DiscoveryClient    : Registered Applications size is zero : true
2026-06-19T09:28:58.428+05:30  INFO 24512 --- [notification-service] [reshExecutor-%d] com.netflix.discovery.DiscoveryClient    : Application version is -1: false
2026-06-19T09:28:58.428+05:30  INFO 24512 --- [notification-service] [reshExecutor-%d] com.netflix.discovery.DiscoveryClient    : Getting all instance registry info from the eureka server
2026-06-19T09:28:58.465+05:30  INFO 24512 --- [notification-service] [reshExecutor-%d] com.netflix.discovery.DiscoveryClient    : The response status is 200
2026-06-19T09:29:55.044+05:30  INFO 24512 --- [notification-service] [nio-8088-exec-1] o.a.c.c.C.[Tomcat].[localhost].[/]       : Initializing Spring DispatcherServlet 'dispatcherServlet'
2026-06-19T09:29:55.082+05:30  INFO 24512 --- [notification-service] [nio-8088-exec-1] o.s.web.servlet.DispatcherServlet        : Initializing Servlet 'dispatcherServlet'
2026-06-19T09:29:55.131+05:30  INFO 24512 --- [notification-service] [nio-8088-exec-1] o.s.web.servlet.DispatcherServlet        : Completed initialization in 49 ms
2026-06-19T09:33:26.793+05:30  INFO 24512 --- [notification-service] [rap-executor-%d] c.n.d.s.r.aws.ConfigClusterResolver      : Resolving eureka endpoints via configuration
2026-06-19T09:38:26.807+05:30  INFO 24512 --- [notification-service] [rap-executor-%d] c.n.d.s.r.aws.ConfigClusterResolver      : Resolving eureka endpoints via configuration
2026-06-19T09:43:26.825+05:30  INFO 24512 --- [notification-service] [rap-executor-%d] c.n.d.s.r.aws.ConfigClusterResolver      : Resolving eureka endpoints via configuration
2026-06-19T09:48:26.832+05:30  INFO 24512 --- [notification-service] [rap-executor-%d] c.n.d.s.r.aws.ConfigClusterResolver      : Resolving eureka endpoints via configuration
2026-06-19T09:53:26.870+05:30  INFO 24512 --- [notification-service] [rap-executor-%d] c.n.d.s.r.aws.ConfigClusterResolver      : Resolving eureka endpoints via configuration
2026-06-19T09:58:26.913+05:30  INFO 24512 --- [notification-service] [rap-executor-%d] c.n.d.s.r.aws.ConfigClusterResolver      : Resolving eureka endpoints via configuration
2026-06-19T10:03:26.930+05:30  INFO 24512 --- [notification-service] [rap-executor-%d] c.n.d.s.r.aws.ConfigClusterResolver      : Resolving eureka endpoints via configuration
2026-06-19T10:08:26.979+05:30  INFO 24512 --- [notification-service] [rap-executor-%d] c.n.d.s.r.aws.ConfigClusterResolver      : Resolving eureka endpoints via configuration
2026-06-19T13:12:28.545+05:30  INFO 24512 --- [notification-service] [rap-executor-%d] c.n.d.s.r.aws.ConfigClusterResolver      : Resolving eureka endpoints via configuration
2026-06-19T13:17:28.560+05:30  INFO 24512 --- [notification-service] [rap-executor-%d] c.n.d.s.r.aws.ConfigClusterResolver      : Resolving eureka endpoints via configuration
2026-06-19T13:22:28.578+05:30  INFO 24512 --- [notification-service] [rap-executor-%d] c.n.d.s.r.aws.ConfigClusterResolver      : Resolving eureka endpoints via configuration
2026-06-19T13:27:28.603+05:30  INFO 24512 --- [notification-service] [rap-executor-%d] c.n.d.s.r.aws.ConfigClusterResolver      : Resolving eureka endpoints via configuration
2026-06-19T13:32:28.616+05:30  INFO 24512 --- [notification-service] [rap-executor-%d] c.n.d.s.r.aws.ConfigClusterResolver      : Resolving eureka endpoints via configuration
2026-06-19T13:37:28.661+05:30  INFO 24512 --- [notification-service] [rap-executor-%d] c.n.d.s.r.aws.ConfigClusterResolver      : Resolving eureka endpoints via configuration
2026-06-19T13:42:28.675+05:30  INFO 24512 --- [notification-service] [rap-executor-%d] c.n.d.s.r.aws.ConfigClusterResolver      : Resolving eureka endpoints via configuration
2026-06-19T13:47:28.692+05:30  INFO 24512 --- [notification-service] [rap-executor-%d] c.n.d.s.r.aws.ConfigClusterResolver      : Resolving eureka endpoints via configuration
2026-06-19T13:52:28.722+05:30  INFO 24512 --- [notification-service] [rap-executor-%d] c.n.d.s.r.aws.ConfigClusterResolver      : Resolving eureka endpoints via configuration
2026-06-19T13:57:28.735+05:30  INFO 24512 --- [notification-service] [rap-executor-%d] c.n.d.s.r.aws.ConfigClusterResolver      : Resolving eureka endpoints via configuration
2026-06-19T14:02:28.791+05:30  INFO 24512 --- [notification-service] [rap-executor-%d] c.n.d.s.r.aws.ConfigClusterResolver      : Resolving eureka endpoints via configuration
2026-06-19T14:07:28.849+05:30  INFO 24512 --- [notification-service] [rap-executor-%d] c.n.d.s.r.aws.ConfigClusterResolver      : Resolving eureka endpoints via configuration
2026-06-19T14:12:28.866+05:30  INFO 24512 --- [notification-service] [rap-executor-%d] c.n.d.s.r.aws.ConfigClusterResolver      : Resolving eureka endpoints via configuration
2026-06-19T14:17:28.882+05:30  INFO 24512 --- [notification-service] [rap-executor-%d] c.n.d.s.r.aws.ConfigClusterResolver      : Resolving eureka endpoints via configuration
2026-06-19T14:22:28.935+05:30  INFO 24512 --- [notification-service] [rap-executor-%d] c.n.d.s.r.aws.ConfigClusterResolver      : Resolving eureka endpoints via configuration
2026-06-19T14:27:28.942+05:30  INFO 24512 --- [notification-service] [rap-executor-%d] c.n.d.s.r.aws.ConfigClusterResolver      : Resolving eureka endpoints via configuration
2026-06-19T14:32:28.958+05:30  INFO 24512 --- [notification-service] [rap-executor-%d] c.n.d.s.r.aws.ConfigClusterResolver      : Resolving eureka endpoints via configuration
2026-06-19T14:37:29.001+05:30  INFO 24512 --- [notification-service] [rap-executor-%d] c.n.d.s.r.aws.ConfigClusterResolver      : Resolving eureka endpoints via configuration
2026-06-19T14:42:29.014+05:30  INFO 24512 --- [notification-service] [rap-executor-%d] c.n.d.s.r.aws.ConfigClusterResolver      : Resolving eureka endpoints via configuration
2026-06-19T14:47:29.038+05:30  INFO 24512 --- [notification-service] [rap-executor-%d] c.n.d.s.r.aws.ConfigClusterResolver      : Resolving eureka endpoints via configuration
2026-06-19T14:52:29.094+05:30  INFO 24512 --- [notification-service] [rap-executor-%d] c.n.d.s.r.aws.ConfigClusterResolver      : Resolving eureka endpoints via configuration
2026-06-19T14:57:29.128+05:30  INFO 24512 --- [notification-service] [rap-executor-%d] c.n.d.s.r.aws.ConfigClusterResolver      : Resolving eureka endpoints via configuration
2026-06-19T15:02:29.229+05:30  INFO 24512 --- [notification-service] [rap-executor-%d] c.n.d.s.r.aws.ConfigClusterResolver      : Resolving eureka endpoints via configuration
2026-06-19T15:07:29.427+05:30  INFO 24512 --- [notification-service] [rap-executor-%d] c.n.d.s.r.aws.ConfigClusterResolver      : Resolving eureka endpoints via configuration
2026-06-19T15:12:29.445+05:30  INFO 24512 --- [notification-service] [rap-executor-%d] c.n.d.s.r.aws.ConfigClusterResolver      : Resolving eureka endpoints via configuration
2026-06-19T15:17:29.461+05:30  INFO 24512 --- [notification-service] [rap-executor-%d] c.n.d.s.r.aws.ConfigClusterResolver      : Resolving eureka endpoints via configuration
2026-06-19T15:22:29.489+05:30  INFO 24512 --- [notification-service] [rap-executor-%d] c.n.d.s.r.aws.ConfigClusterResolver      : Resolving eureka endpoints via configuration
2026-06-19T15:27:29.515+05:30  INFO 24512 --- [notification-service] [rap-executor-%d] c.n.d.s.r.aws.ConfigClusterResolver      : Resolving eureka endpoints via configuration
