[INFO] Scanning for projects...
[INFO] 
[INFO] -------------------< com.stockbadshah:user-service >--------------------
[INFO] Building user-service 0.0.1-SNAPSHOT
[INFO]   from pom.xml
[INFO] --------------------------------[ jar ]---------------------------------
[INFO] 
[INFO] >>> spring-boot:4.0.6:run (default-cli) > test-compile @ user-service >>>
[INFO] 
[INFO] --- resources:3.3.1:resources (default-resources) @ user-service ---
[INFO] Copying 1 resource from src\main\resources to target\classes
[INFO] Copying 0 resource from src\main\resources to target\classes
[INFO] 
[INFO] --- compiler:3.14.1:compile (default-compile) @ user-service ---
[INFO] Nothing to compile - all classes are up to date.
[INFO] 
[INFO] --- resources:3.3.1:testResources (default-testResources) @ user-service ---
[INFO] skip non existing resourceDirectory D:\StockMarketBadsaha\backend\user-service\src\test\resources
[INFO] 
[INFO] --- compiler:3.14.1:testCompile (default-testCompile) @ user-service ---
[INFO] Nothing to compile - all classes are up to date.
[INFO] 
[INFO] <<< spring-boot:4.0.6:run (default-cli) < test-compile @ user-service <<<
[INFO] 
[INFO] 
[INFO] --- spring-boot:4.0.6:run (default-cli) @ user-service ---
[INFO] Attaching agents: []

  .   ____          _            __ _ _
 /\\ / ___'_ __ _ _(_)_ __  __ _ \ \ \ \
( ( )\___ | '_ | '_| | '_ \/ _` | \ \ \ \
 \\/  ___)| |_)| | | | | || (_| |  ) ) ) )
  '  |____| .__|_| |_|_| |_\__, | / / / /
 =========|_|==============|___/=/_/_/_/

 :: Spring Boot ::                (v4.0.6)

2026-06-19T09:28:17.073+05:30  INFO 13008 --- [user-service] [           main] c.s.user_service.UserServiceApplication  : Starting UserServiceApplication using Java 25 with PID 13008 (D:\StockMarketBadsaha\backend\user-service\target\classes started by irfan in D:\StockMarketBadsaha\backend\user-service)
2026-06-19T09:28:17.085+05:30  INFO 13008 --- [user-service] [           main] c.s.user_service.UserServiceApplication  : No active profile set, falling back to 1 default profile: "default"
2026-06-19T09:28:21.000+05:30  INFO 13008 --- [user-service] [           main] o.s.cloud.context.scope.GenericScope     : BeanFactory id=5b3fc193-1803-3463-aa23-8f0484830d0b
2026-06-19T09:28:22.507+05:30  INFO 13008 --- [user-service] [           main] o.s.boot.tomcat.TomcatWebServer          : Tomcat initialized with port 8087 (http)
2026-06-19T09:28:22.687+05:30  INFO 13008 --- [user-service] [           main] o.apache.catalina.core.StandardService   : Starting service [Tomcat]
2026-06-19T09:28:22.687+05:30  INFO 13008 --- [user-service] [           main] o.apache.catalina.core.StandardEngine    : Starting Servlet engine: [Apache Tomcat/11.0.21]
2026-06-19T09:28:23.766+05:30  INFO 13008 --- [user-service] [           main] b.w.c.s.WebApplicationContextInitializer : Root WebApplicationContext: initialization completed in 6392 ms
2026-06-19T09:28:26.435+05:30  INFO 13008 --- [user-service] [           main] DiscoveryClientOptionalArgsConfiguration : Eureka HTTP Client uses RestClient.
2026-06-19T09:28:26.536+05:30  WARN 13008 --- [user-service] [           main] iguration$LoadBalancerCaffeineWarnLogger : Spring Cloud LoadBalancer is currently working with the default cache. While this cache implementation is useful for development and tests, it's recommended to use Caffeine cache in production.You can switch to using Caffeine cache, by adding it and org.springframework.cache.caffeine.CaffeineCacheManager to the classpath.
2026-06-19T09:28:26.561+05:30  INFO 13008 --- [user-service] [           main] o.s.b.a.e.web.EndpointLinksResolver      : Exposing 1 endpoint beneath base path '/actuator'
2026-06-19T09:28:26.693+05:30  INFO 13008 --- [user-service] [           main] o.s.c.n.eureka.InstanceInfoFactory       : Setting initial instance status as: STARTING
2026-06-19T09:28:26.748+05:30  INFO 13008 --- [user-service] [           main] com.netflix.discovery.DiscoveryClient    : Initializing Eureka in region us-east-1
2026-06-19T09:28:26.762+05:30  INFO 13008 --- [user-service] [           main] c.n.d.s.r.aws.ConfigClusterResolver      : Resolving eureka endpoints via configuration
2026-06-19T09:28:26.784+05:30  INFO 13008 --- [user-service] [           main] com.netflix.discovery.DiscoveryClient    : Disable delta property : false
2026-06-19T09:28:26.787+05:30  INFO 13008 --- [user-service] [           main] com.netflix.discovery.DiscoveryClient    : Single vip registry refresh property : null
2026-06-19T09:28:26.787+05:30  INFO 13008 --- [user-service] [           main] com.netflix.discovery.DiscoveryClient    : Force full registry fetch : false
2026-06-19T09:28:26.787+05:30  INFO 13008 --- [user-service] [           main] com.netflix.discovery.DiscoveryClient    : Application is null : false
2026-06-19T09:28:26.787+05:30  INFO 13008 --- [user-service] [           main] com.netflix.discovery.DiscoveryClient    : Registered Applications size is zero : true
2026-06-19T09:28:26.787+05:30  INFO 13008 --- [user-service] [           main] com.netflix.discovery.DiscoveryClient    : Application version is -1: true
2026-06-19T09:28:26.787+05:30  INFO 13008 --- [user-service] [           main] com.netflix.discovery.DiscoveryClient    : Getting all instance registry info from the eureka server
2026-06-19T09:28:28.364+05:30  INFO 13008 --- [user-service] [           main] com.netflix.discovery.DiscoveryClient    : The response status is 200
2026-06-19T09:28:28.367+05:30  INFO 13008 --- [user-service] [           main] com.netflix.discovery.DiscoveryClient    : Starting heartbeat executor: renew interval is: 30
2026-06-19T09:28:28.372+05:30  INFO 13008 --- [user-service] [           main] c.n.discovery.InstanceInfoReplicator     : InstanceInfoReplicator onDemand update allowed rate per min is 4
2026-06-19T09:28:28.383+05:30  INFO 13008 --- [user-service] [           main] com.netflix.discovery.DiscoveryClient    : Discovery Client initialized at timestamp 1781841508376 with initial instances count: 0
2026-06-19T09:28:28.385+05:30  INFO 13008 --- [user-service] [           main] o.s.c.n.e.s.EurekaServiceRegistry        : Registering application USER-SERVICE with eureka with status UP
2026-06-19T09:28:28.393+05:30  INFO 13008 --- [user-service] [           main] com.netflix.discovery.DiscoveryClient    : Saw local status change event StatusChangeEvent [timestamp=1781841508393, current=UP, previous=STARTING]
2026-06-19T09:28:28.397+05:30  INFO 13008 --- [user-service] [foReplicator-%d] com.netflix.discovery.DiscoveryClient    : DiscoveryClient_USER-SERVICE/192.168.1.6:user-service:8087: registering service...
2026-06-19T09:28:28.453+05:30  INFO 13008 --- [user-service] [           main] o.s.boot.tomcat.TomcatWebServer          : Tomcat started on port 8087 (http) with context path '/'
2026-06-19T09:28:28.455+05:30  INFO 13008 --- [user-service] [           main] .s.c.n.e.s.EurekaAutoServiceRegistration : Updating port to 8087
2026-06-19T09:28:28.502+05:30  INFO 13008 --- [user-service] [           main] c.s.user_service.UserServiceApplication  : Started UserServiceApplication in 14.045 seconds (process running for 19.286)
2026-06-19T09:28:28.906+05:30  INFO 13008 --- [user-service] [foReplicator-%d] com.netflix.discovery.DiscoveryClient    : DiscoveryClient_USER-SERVICE/192.168.1.6:user-service:8087 - registration status: 204
2026-06-19T09:28:58.378+05:30  INFO 13008 --- [user-service] [reshExecutor-%d] com.netflix.discovery.DiscoveryClient    : Disable delta property : false
2026-06-19T09:28:58.415+05:30  INFO 13008 --- [user-service] [reshExecutor-%d] com.netflix.discovery.DiscoveryClient    : Single vip registry refresh property : null
2026-06-19T09:28:58.415+05:30  INFO 13008 --- [user-service] [reshExecutor-%d] com.netflix.discovery.DiscoveryClient    : Force full registry fetch : false
2026-06-19T09:28:58.415+05:30  INFO 13008 --- [user-service] [reshExecutor-%d] com.netflix.discovery.DiscoveryClient    : Application is null : false
2026-06-19T09:28:58.417+05:30  INFO 13008 --- [user-service] [reshExecutor-%d] com.netflix.discovery.DiscoveryClient    : Registered Applications size is zero : true
2026-06-19T09:28:58.418+05:30  INFO 13008 --- [user-service] [reshExecutor-%d] com.netflix.discovery.DiscoveryClient    : Application version is -1: false
2026-06-19T09:28:58.418+05:30  INFO 13008 --- [user-service] [reshExecutor-%d] com.netflix.discovery.DiscoveryClient    : Getting all instance registry info from the eureka server
2026-06-19T09:28:58.468+05:30  INFO 13008 --- [user-service] [reshExecutor-%d] com.netflix.discovery.DiscoveryClient    : The response status is 200
2026-06-19T09:29:54.357+05:30  INFO 13008 --- [user-service] [nio-8087-exec-1] o.a.c.c.C.[Tomcat].[localhost].[/]       : Initializing Spring DispatcherServlet 'dispatcherServlet'
2026-06-19T09:29:54.387+05:30  INFO 13008 --- [user-service] [nio-8087-exec-1] o.s.web.servlet.DispatcherServlet        : Initializing Servlet 'dispatcherServlet'
2026-06-19T09:29:54.454+05:30  INFO 13008 --- [user-service] [nio-8087-exec-1] o.s.web.servlet.DispatcherServlet        : Completed initialization in 67 ms
2026-06-19T09:33:26.807+05:30  INFO 13008 --- [user-service] [rap-executor-%d] c.n.d.s.r.aws.ConfigClusterResolver      : Resolving eureka endpoints via configuration
2026-06-19T09:38:26.824+05:30  INFO 13008 --- [user-service] [rap-executor-%d] c.n.d.s.r.aws.ConfigClusterResolver      : Resolving eureka endpoints via configuration
2026-06-19T09:43:26.833+05:30  INFO 13008 --- [user-service] [rap-executor-%d] c.n.d.s.r.aws.ConfigClusterResolver      : Resolving eureka endpoints via configuration
2026-06-19T09:48:26.848+05:30  INFO 13008 --- [user-service] [rap-executor-%d] c.n.d.s.r.aws.ConfigClusterResolver      : Resolving eureka endpoints via configuration
2026-06-19T09:53:26.862+05:30  INFO 13008 --- [user-service] [rap-executor-%d] c.n.d.s.r.aws.ConfigClusterResolver      : Resolving eureka endpoints via configuration
2026-06-19T09:58:26.896+05:30  INFO 13008 --- [user-service] [rap-executor-%d] c.n.d.s.r.aws.ConfigClusterResolver      : Resolving eureka endpoints via configuration
2026-06-19T10:03:26.905+05:30  INFO 13008 --- [user-service] [rap-executor-%d] c.n.d.s.r.aws.ConfigClusterResolver      : Resolving eureka endpoints via configuration
2026-06-19T10:08:26.979+05:30  INFO 13008 --- [user-service] [rap-executor-%d] c.n.d.s.r.aws.ConfigClusterResolver      : Resolving eureka endpoints via configuration
2026-06-19T13:12:28.545+05:30  INFO 13008 --- [user-service] [rap-executor-%d] c.n.d.s.r.aws.ConfigClusterResolver      : Resolving eureka endpoints via configuration
2026-06-19T13:17:28.560+05:30  INFO 13008 --- [user-service] [rap-executor-%d] c.n.d.s.r.aws.ConfigClusterResolver      : Resolving eureka endpoints via configuration
2026-06-19T13:22:28.564+05:30  INFO 13008 --- [user-service] [rap-executor-%d] c.n.d.s.r.aws.ConfigClusterResolver      : Resolving eureka endpoints via configuration
2026-06-19T13:27:28.604+05:30  INFO 13008 --- [user-service] [rap-executor-%d] c.n.d.s.r.aws.ConfigClusterResolver      : Resolving eureka endpoints via configuration
2026-06-19T13:32:28.618+05:30  INFO 13008 --- [user-service] [rap-executor-%d] c.n.d.s.r.aws.ConfigClusterResolver      : Resolving eureka endpoints via configuration
2026-06-19T13:37:28.675+05:30  INFO 13008 --- [user-service] [rap-executor-%d] c.n.d.s.r.aws.ConfigClusterResolver      : Resolving eureka endpoints via configuration
2026-06-19T13:42:28.690+05:30  INFO 13008 --- [user-service] [rap-executor-%d] c.n.d.s.r.aws.ConfigClusterResolver      : Resolving eureka endpoints via configuration
2026-06-19T13:47:28.707+05:30  INFO 13008 --- [user-service] [rap-executor-%d] c.n.d.s.r.aws.ConfigClusterResolver      : Resolving eureka endpoints via configuration
2026-06-19T13:52:28.723+05:30  INFO 13008 --- [user-service] [rap-executor-%d] c.n.d.s.r.aws.ConfigClusterResolver      : Resolving eureka endpoints via configuration
2026-06-19T13:57:28.733+05:30  INFO 13008 --- [user-service] [rap-executor-%d] c.n.d.s.r.aws.ConfigClusterResolver      : Resolving eureka endpoints via configuration
2026-06-19T14:02:28.777+05:30  INFO 13008 --- [user-service] [rap-executor-%d] c.n.d.s.r.aws.ConfigClusterResolver      : Resolving eureka endpoints via configuration
2026-06-19T14:07:28.850+05:30  INFO 13008 --- [user-service] [rap-executor-%d] c.n.d.s.r.aws.ConfigClusterResolver      : Resolving eureka endpoints via configuration
2026-06-19T14:12:28.870+05:30  INFO 13008 --- [user-service] [rap-executor-%d] c.n.d.s.r.aws.ConfigClusterResolver      : Resolving eureka endpoints via configuration
2026-06-19T14:17:28.912+05:30  INFO 13008 --- [user-service] [rap-executor-%d] c.n.d.s.r.aws.ConfigClusterResolver      : Resolving eureka endpoints via configuration
2026-06-19T14:22:28.956+05:30  INFO 13008 --- [user-service] [rap-executor-%d] c.n.d.s.r.aws.ConfigClusterResolver      : Resolving eureka endpoints via configuration
2026-06-19T14:27:28.973+05:30  INFO 13008 --- [user-service] [rap-executor-%d] c.n.d.s.r.aws.ConfigClusterResolver      : Resolving eureka endpoints via configuration
2026-06-19T14:32:28.989+05:30  INFO 13008 --- [user-service] [rap-executor-%d] c.n.d.s.r.aws.ConfigClusterResolver      : Resolving eureka endpoints via configuration
2026-06-19T14:37:29.005+05:30  INFO 13008 --- [user-service] [rap-executor-%d] c.n.d.s.r.aws.ConfigClusterResolver      : Resolving eureka endpoints via configuration
2026-06-19T14:42:29.027+05:30  INFO 13008 --- [user-service] [rap-executor-%d] c.n.d.s.r.aws.ConfigClusterResolver      : Resolving eureka endpoints via configuration
2026-06-19T14:47:29.055+05:30  INFO 13008 --- [user-service] [rap-executor-%d] c.n.d.s.r.aws.ConfigClusterResolver      : Resolving eureka endpoints via configuration
2026-06-19T14:52:29.093+05:30  INFO 13008 --- [user-service] [rap-executor-%d] c.n.d.s.r.aws.ConfigClusterResolver      : Resolving eureka endpoints via configuration
2026-06-19T14:57:29.126+05:30  INFO 13008 --- [user-service] [rap-executor-%d] c.n.d.s.r.aws.ConfigClusterResolver      : Resolving eureka endpoints via configuration
2026-06-19T15:02:29.202+05:30  INFO 13008 --- [user-service] [rap-executor-%d] c.n.d.s.r.aws.ConfigClusterResolver      : Resolving eureka endpoints via configuration
2026-06-19T15:07:29.380+05:30  INFO 13008 --- [user-service] [rap-executor-%d] c.n.d.s.r.aws.ConfigClusterResolver      : Resolving eureka endpoints via configuration
2026-06-19T15:12:29.402+05:30  INFO 13008 --- [user-service] [rap-executor-%d] c.n.d.s.r.aws.ConfigClusterResolver      : Resolving eureka endpoints via configuration
2026-06-19T15:17:29.429+05:30  INFO 13008 --- [user-service] [rap-executor-%d] c.n.d.s.r.aws.ConfigClusterResolver      : Resolving eureka endpoints via configuration
2026-06-19T15:22:29.507+05:30  INFO 13008 --- [user-service] [rap-executor-%d] c.n.d.s.r.aws.ConfigClusterResolver      : Resolving eureka endpoints via configuration
2026-06-19T15:27:29.538+05:30  INFO 13008 --- [user-service] [rap-executor-%d] c.n.d.s.r.aws.ConfigClusterResolver      : Resolving eureka endpoints via configuration
