
  .   ____          _            __ _ _
 /\\ / ___'_ __ _ _(_)_ __  __ _ \ \ \ \
( ( )\___ | '_ | '_| | '_ \/ _` | \ \ \ \
 \\/  ___)| |_)| | | | | || (_| |  ) ) ) )
  '  |____| .__|_| |_|_| |_\__, | / / / /
 =========|_|==============|___/=/_/_/_/

 :: Spring Boot ::                (v4.0.6)

2026-07-20T04:52:00.808+05:30  INFO 17436 --- [stock-data-service] [           main] c.s.s.StockDataServiceApplication        : Starting StockDataServiceApplication v0.0.1-SNAPSHOT using Java 25 with PID 17436 (D:\StockMarketBadsaha\backend\stock-data-service\target\stock-data-service-0.0.1-SNAPSHOT.jar started by irfan in D:\StockMarketBadsaha)
2026-07-20T04:52:00.865+05:30  INFO 17436 --- [stock-data-service] [           main] c.s.s.StockDataServiceApplication        : No active profile set, falling back to 1 default profile: "default"
2026-07-20T04:52:05.447+05:30  INFO 17436 --- [stock-data-service] [           main] .s.d.r.c.RepositoryConfigurationDelegate : Bootstrapping Spring Data JPA repositories in DEFAULT mode.
2026-07-20T04:52:05.983+05:30  INFO 17436 --- [stock-data-service] [           main] .s.d.r.c.RepositoryConfigurationDelegate : Finished Spring Data repository scanning in 490 ms. Found 1 JPA repository interface.
2026-07-20T04:52:07.829+05:30  INFO 17436 --- [stock-data-service] [           main] o.s.cloud.context.scope.GenericScope     : BeanFactory id=eec8e6a1-20bc-3542-817d-1470b7634414
2026-07-20T04:52:10.622+05:30  INFO 17436 --- [stock-data-service] [           main] o.s.boot.tomcat.TomcatWebServer          : Tomcat initialized with port 8081 (http)
2026-07-20T04:52:10.659+05:30  INFO 17436 --- [stock-data-service] [           main] o.apache.catalina.core.StandardService   : Starting service [Tomcat]
2026-07-20T04:52:10.661+05:30  INFO 17436 --- [stock-data-service] [           main] o.apache.catalina.core.StandardEngine    : Starting Servlet engine: [Apache Tomcat/11.0.21]
2026-07-20T04:52:10.890+05:30  INFO 17436 --- [stock-data-service] [           main] b.w.c.s.WebApplicationContextInitializer : Root WebApplicationContext: initialization completed in 9644 ms
2026-07-20T04:52:12.892+05:30  INFO 17436 --- [stock-data-service] [           main] org.hibernate.orm.jpa                    : HHH008540: Processing PersistenceUnitInfo [name: default]
2026-07-20T04:52:13.371+05:30  INFO 17436 --- [stock-data-service] [           main] org.hibernate.orm.core                   : HHH000001: Hibernate ORM core version 7.2.12.Final
2026-07-20T04:52:15.601+05:30  INFO 17436 --- [stock-data-service] [           main] o.s.o.j.p.SpringPersistenceUnitInfo      : No LoadTimeWeaver setup: ignoring JPA class transformer
2026-07-20T04:52:15.714+05:30  INFO 17436 --- [stock-data-service] [           main] com.zaxxer.hikari.HikariDataSource       : HikariPool-1 - Starting...
2026-07-20T04:52:16.564+05:30  INFO 17436 --- [stock-data-service] [           main] com.zaxxer.hikari.pool.HikariPool        : HikariPool-1 - Added connection org.postgresql.jdbc.PgConnection@2ed84be9
2026-07-20T04:52:16.588+05:30  INFO 17436 --- [stock-data-service] [           main] com.zaxxer.hikari.HikariDataSource       : HikariPool-1 - Start completed.
2026-07-20T04:52:16.853+05:30  INFO 17436 --- [stock-data-service] [           main] org.hibernate.orm.connections.pooling    : HHH10001005: Database info:
	Database JDBC URL [jdbc:postgresql://localhost:5432/stock_market_badshah]
	Database driver: PostgreSQL JDBC Driver
	Database dialect: PostgreSQLDialect
	Database version: 18.4
	Default catalog/schema: stock_market_badshah/public
	Autocommit mode: undefined/unknown
	Isolation level: READ_COMMITTED [default READ_COMMITTED]
	JDBC fetch size: none
	Pool: DataSourceConnectionProvider
	Minimum pool size: undefined/unknown
	Maximum pool size: undefined/unknown
2026-07-20T04:52:20.380+05:30  INFO 17436 --- [stock-data-service] [           main] org.hibernate.orm.core                   : HHH000489: No JTA platform available (set 'hibernate.transaction.jta.platform' to enable JTA platform integration)
2026-07-20T04:52:20.585+05:30  INFO 17436 --- [stock-data-service] [           main] j.LocalContainerEntityManagerFactoryBean : Initialized JPA EntityManagerFactory for persistence unit 'default'
2026-07-20T04:52:20.825+05:30  INFO 17436 --- [stock-data-service] [           main] o.s.d.j.r.query.QueryEnhancerFactories   : Hibernate is in classpath; If applicable, HQL parser will be used.
2026-07-20T04:52:25.322+05:30  WARN 17436 --- [stock-data-service] [           main] JpaBaseConfiguration$JpaWebConfiguration : spring.jpa.open-in-view is enabled by default. Therefore, database queries may be performed during view rendering. Explicitly configure spring.jpa.open-in-view to disable this warning
2026-07-20T04:52:28.771+05:30  INFO 17436 --- [stock-data-service] [           main] DiscoveryClientOptionalArgsConfiguration : Eureka HTTP Client uses RestClient.
2026-07-20T04:52:29.117+05:30  WARN 17436 --- [stock-data-service] [           main] iguration$LoadBalancerCaffeineWarnLogger : Spring Cloud LoadBalancer is currently working with the default cache. While this cache implementation is useful for development and tests, it's recommended to use Caffeine cache in production.You can switch to using Caffeine cache, by adding it and org.springframework.cache.caffeine.CaffeineCacheManager to the classpath.
2026-07-20T04:52:29.169+05:30  INFO 17436 --- [stock-data-service] [           main] o.s.b.a.e.web.EndpointLinksResolver      : Exposing 1 endpoint beneath base path '/actuator'
2026-07-20T04:52:29.495+05:30  INFO 17436 --- [stock-data-service] [           main] o.s.c.n.eureka.InstanceInfoFactory       : Setting initial instance status as: STARTING
2026-07-20T04:52:29.604+05:30  INFO 17436 --- [stock-data-service] [           main] com.netflix.discovery.DiscoveryClient    : Initializing Eureka in region us-east-1
2026-07-20T04:52:29.615+05:30  INFO 17436 --- [stock-data-service] [           main] c.n.d.s.r.aws.ConfigClusterResolver      : Resolving eureka endpoints via configuration
2026-07-20T04:52:29.643+05:30  INFO 17436 --- [stock-data-service] [           main] com.netflix.discovery.DiscoveryClient    : Disable delta property : false
2026-07-20T04:52:29.644+05:30  INFO 17436 --- [stock-data-service] [           main] com.netflix.discovery.DiscoveryClient    : Single vip registry refresh property : null
2026-07-20T04:52:29.645+05:30  INFO 17436 --- [stock-data-service] [           main] com.netflix.discovery.DiscoveryClient    : Force full registry fetch : false
2026-07-20T04:52:29.645+05:30  INFO 17436 --- [stock-data-service] [           main] com.netflix.discovery.DiscoveryClient    : Application is null : false
2026-07-20T04:52:29.647+05:30  INFO 17436 --- [stock-data-service] [           main] com.netflix.discovery.DiscoveryClient    : Registered Applications size is zero : true
2026-07-20T04:52:29.647+05:30  INFO 17436 --- [stock-data-service] [           main] com.netflix.discovery.DiscoveryClient    : Application version is -1: true
2026-07-20T04:52:29.648+05:30  INFO 17436 --- [stock-data-service] [           main] com.netflix.discovery.DiscoveryClient    : Getting all instance registry info from the eureka server
2026-07-20T04:52:30.510+05:30  INFO 17436 --- [stock-data-service] [           main] com.netflix.discovery.DiscoveryClient    : The response status is 200
2026-07-20T04:52:30.525+05:30  INFO 17436 --- [stock-data-service] [           main] com.netflix.discovery.DiscoveryClient    : Starting heartbeat executor: renew interval is: 30
2026-07-20T04:52:30.538+05:30  INFO 17436 --- [stock-data-service] [           main] c.n.discovery.InstanceInfoReplicator     : InstanceInfoReplicator onDemand update allowed rate per min is 4
2026-07-20T04:52:30.546+05:30  INFO 17436 --- [stock-data-service] [           main] com.netflix.discovery.DiscoveryClient    : Discovery Client initialized at timestamp 1784503350545 with initial instances count: 9
2026-07-20T04:52:30.559+05:30  INFO 17436 --- [stock-data-service] [           main] o.s.c.n.e.s.EurekaServiceRegistry        : Registering application STOCK-DATA-SERVICE with eureka with status UP
2026-07-20T04:52:30.561+05:30  INFO 17436 --- [stock-data-service] [           main] com.netflix.discovery.DiscoveryClient    : Saw local status change event StatusChangeEvent [timestamp=1784503350561, current=UP, previous=STARTING]
2026-07-20T04:52:30.570+05:30  INFO 17436 --- [stock-data-service] [foReplicator-%d] com.netflix.discovery.DiscoveryClient    : DiscoveryClient_STOCK-DATA-SERVICE/DESKTOP-TAPHLMF.mshome.net:stock-data-service:8081: registering service...
2026-07-20T04:52:30.633+05:30  INFO 17436 --- [stock-data-service] [           main] o.s.boot.tomcat.TomcatWebServer          : Tomcat started on port 8081 (http) with context path '/'
2026-07-20T04:52:30.637+05:30  INFO 17436 --- [stock-data-service] [           main] .s.c.n.e.s.EurekaAutoServiceRegistration : Updating port to 8081
2026-07-20T04:52:30.692+05:30  INFO 17436 --- [stock-data-service] [           main] c.s.s.StockDataServiceApplication        : Started StockDataServiceApplication in 32.054 seconds (process running for 33.554)
2026-07-20T04:52:30.726+05:30  INFO 17436 --- [stock-data-service] [foReplicator-%d] com.netflix.discovery.DiscoveryClient    : DiscoveryClient_STOCK-DATA-SERVICE/DESKTOP-TAPHLMF.mshome.net:stock-data-service:8081 - registration status: 204
2026-07-20T04:52:47.022+05:30  INFO 17436 --- [stock-data-service] [nio-8081-exec-1] o.a.c.c.C.[Tomcat].[localhost].[/]       : Initializing Spring DispatcherServlet 'dispatcherServlet'
2026-07-20T04:52:47.029+05:30  INFO 17436 --- [stock-data-service] [nio-8081-exec-1] o.s.web.servlet.DispatcherServlet        : Initializing Servlet 'dispatcherServlet'
2026-07-20T04:52:47.046+05:30  INFO 17436 --- [stock-data-service] [nio-8081-exec-1] o.s.web.servlet.DispatcherServlet        : Completed initialization in 17 ms
2026-07-20T04:57:29.661+05:30  INFO 17436 --- [stock-data-service] [rap-executor-%d] c.n.d.s.r.aws.ConfigClusterResolver      : Resolving eureka endpoints via configuration
2026-07-20T04:58:53.464+05:30  WARN 17436 --- [stock-data-service] [nio-8081-exec-2] ration$PageModule$WarningLoggingModifier : Serializing PageImpl instances as-is is not supported, meaning that there is no guarantee about the stability of the resulting JSON structure!
	For a stable JSON structure, please use Spring Data's PagedModel (globally via @EnableSpringDataWebSupport(pageSerializationMode = VIA_DTO))
	or Spring HATEOAS and Spring Data's PagedResourcesAssembler as documented in https://docs.spring.io/spring-data/commons/reference/repositories/core-extensions.html#core.web.pageables.

2026-07-20T04:58:53.464+05:30  WARN 17436 --- [stock-data-service] [nio-8081-exec-3] ration$PageModule$WarningLoggingModifier : Serializing PageImpl instances as-is is not supported, meaning that there is no guarantee about the stability of the resulting JSON structure!
	For a stable JSON structure, please use Spring Data's PagedModel (globally via @EnableSpringDataWebSupport(pageSerializationMode = VIA_DTO))
	or Spring HATEOAS and Spring Data's PagedResourcesAssembler as documented in https://docs.spring.io/spring-data/commons/reference/repositories/core-extensions.html#core.web.pageables.

2026-07-20T05:02:29.669+05:30  INFO 17436 --- [stock-data-service] [rap-executor-%d] c.n.d.s.r.aws.ConfigClusterResolver      : Resolving eureka endpoints via configuration
2026-07-20T05:07:29.674+05:30  INFO 17436 --- [stock-data-service] [rap-executor-%d] c.n.d.s.r.aws.ConfigClusterResolver      : Resolving eureka endpoints via configuration
2026-07-20T05:12:29.714+05:30  INFO 17436 --- [stock-data-service] [rap-executor-%d] c.n.d.s.r.aws.ConfigClusterResolver      : Resolving eureka endpoints via configuration
2026-07-20T05:17:29.719+05:30  INFO 17436 --- [stock-data-service] [rap-executor-%d] c.n.d.s.r.aws.ConfigClusterResolver      : Resolving eureka endpoints via configuration
2026-07-20T05:22:29.744+05:30  INFO 17436 --- [stock-data-service] [rap-executor-%d] c.n.d.s.r.aws.ConfigClusterResolver      : Resolving eureka endpoints via configuration
2026-07-20T05:27:29.759+05:30  INFO 17436 --- [stock-data-service] [rap-executor-%d] c.n.d.s.r.aws.ConfigClusterResolver      : Resolving eureka endpoints via configuration
2026-07-20T05:32:29.762+05:30  INFO 17436 --- [stock-data-service] [rap-executor-%d] c.n.d.s.r.aws.ConfigClusterResolver      : Resolving eureka endpoints via configuration
2026-07-20T05:37:29.806+05:30  INFO 17436 --- [stock-data-service] [rap-executor-%d] c.n.d.s.r.aws.ConfigClusterResolver      : Resolving eureka endpoints via configuration
2026-07-20T05:42:29.809+05:30  INFO 17436 --- [stock-data-service] [rap-executor-%d] c.n.d.s.r.aws.ConfigClusterResolver      : Resolving eureka endpoints via configuration
2026-07-20T05:47:29.812+05:30  INFO 17436 --- [stock-data-service] [rap-executor-%d] c.n.d.s.r.aws.ConfigClusterResolver      : Resolving eureka endpoints via configuration
2026-07-20T05:52:29.814+05:30  INFO 17436 --- [stock-data-service] [rap-executor-%d] c.n.d.s.r.aws.ConfigClusterResolver      : Resolving eureka endpoints via configuration
