[INFO] Scanning for projects...
[INFO] 
[INFO] -----------------< com.stockbadshah:indicator-service >-----------------
[INFO] Building indicator-service 0.0.1-SNAPSHOT
[INFO]   from pom.xml
[INFO] --------------------------------[ jar ]---------------------------------
[INFO] 
[INFO] >>> spring-boot:4.0.6:run (default-cli) > test-compile @ indicator-service >>>
[INFO] 
[INFO] --- resources:3.3.1:resources (default-resources) @ indicator-service ---
[INFO] Copying 1 resource from src\main\resources to target\classes
[INFO] Copying 0 resource from src\main\resources to target\classes
[INFO] 
[INFO] --- compiler:3.14.1:compile (default-compile) @ indicator-service ---
[INFO] Nothing to compile - all classes are up to date.
[INFO] 
[INFO] --- resources:3.3.1:testResources (default-testResources) @ indicator-service ---
[INFO] skip non existing resourceDirectory D:\StockMarketBadsaha\backend\indicator-service\src\test\resources
[INFO] 
[INFO] --- compiler:3.14.1:testCompile (default-testCompile) @ indicator-service ---
[INFO] Nothing to compile - all classes are up to date.
[INFO] 
[INFO] <<< spring-boot:4.0.6:run (default-cli) < test-compile @ indicator-service <<<
[INFO] 
[INFO] 
[INFO] --- spring-boot:4.0.6:run (default-cli) @ indicator-service ---
[INFO] Attaching agents: []

  .   ____          _            __ _ _
 /\\ / ___'_ __ _ _(_)_ __  __ _ \ \ \ \
( ( )\___ | '_ | '_| | '_ \/ _` | \ \ \ \
 \\/  ___)| |_)| | | | | || (_| |  ) ) ) )
  '  |____| .__|_| |_|_| |_\__, | / / / /
 =========|_|==============|___/=/_/_/_/

 :: Spring Boot ::                (v4.0.6)

2026-06-02T12:57:04.485+05:30  INFO 25996 --- [indicator-service] [           main] c.s.i.IndicatorServiceApplication        : Starting IndicatorServiceApplication using Java 21.0.7 with PID 25996 (D:\StockMarketBadsaha\backend\indicator-service\target\classes started by irfan in D:\StockMarketBadsaha\backend\indicator-service)
2026-06-02T12:57:04.590+05:30  INFO 25996 --- [indicator-service] [           main] c.s.i.IndicatorServiceApplication        : No active profile set, falling back to 1 default profile: "default"
2026-06-02T12:57:06.693+05:30  INFO 25996 --- [indicator-service] [           main] o.s.cloud.context.scope.GenericScope     : BeanFactory id=54b084e5-f6e2-3257-b1f7-4bb27cf6cc9e
2026-06-02T12:57:07.219+05:30  INFO 25996 --- [indicator-service] [           main] o.s.boot.tomcat.TomcatWebServer          : Tomcat initialized with port 8082 (http)
2026-06-02T12:57:07.325+05:30  INFO 25996 --- [indicator-service] [           main] o.apache.catalina.core.StandardService   : Starting service [Tomcat]
2026-06-02T12:57:07.326+05:30  INFO 25996 --- [indicator-service] [           main] o.apache.catalina.core.StandardEngine    : Starting Servlet engine: [Apache Tomcat/11.0.21]
2026-06-02T12:57:07.454+05:30  INFO 25996 --- [indicator-service] [           main] b.w.c.s.WebApplicationContextInitializer : Root WebApplicationContext: initialization completed in 2505 ms
2026-06-02T12:57:09.131+05:30  INFO 25996 --- [indicator-service] [           main] DiscoveryClientOptionalArgsConfiguration : Eureka HTTP Client uses RestClient.
2026-06-02T12:57:09.205+05:30  WARN 25996 --- [indicator-service] [           main] iguration$LoadBalancerCaffeineWarnLogger : Spring Cloud LoadBalancer is currently working with the default cache. While this cache implementation is useful for development and tests, it's recommended to use Caffeine cache in production.You can switch to using Caffeine cache, by adding it and org.springframework.cache.caffeine.CaffeineCacheManager to the classpath.
2026-06-02T12:57:09.220+05:30  INFO 25996 --- [indicator-service] [           main] o.s.b.a.e.web.EndpointLinksResolver      : Exposing 1 endpoint beneath base path '/actuator'
2026-06-02T12:57:09.306+05:30  INFO 25996 --- [indicator-service] [           main] o.s.c.n.eureka.InstanceInfoFactory       : Setting initial instance status as: STARTING
2026-06-02T12:57:09.360+05:30  INFO 25996 --- [indicator-service] [           main] com.netflix.discovery.DiscoveryClient    : Initializing Eureka in region us-east-1
2026-06-02T12:57:09.372+05:30  INFO 25996 --- [indicator-service] [           main] c.n.d.s.r.aws.ConfigClusterResolver      : Resolving eureka endpoints via configuration
2026-06-02T12:57:09.388+05:30  INFO 25996 --- [indicator-service] [           main] com.netflix.discovery.DiscoveryClient    : Disable delta property : false
2026-06-02T12:57:09.389+05:30  INFO 25996 --- [indicator-service] [           main] com.netflix.discovery.DiscoveryClient    : Single vip registry refresh property : null
2026-06-02T12:57:09.389+05:30  INFO 25996 --- [indicator-service] [           main] com.netflix.discovery.DiscoveryClient    : Force full registry fetch : false
2026-06-02T12:57:09.390+05:30  INFO 25996 --- [indicator-service] [           main] com.netflix.discovery.DiscoveryClient    : Application is null : false
2026-06-02T12:57:09.391+05:30  INFO 25996 --- [indicator-service] [           main] com.netflix.discovery.DiscoveryClient    : Registered Applications size is zero : true
2026-06-02T12:57:09.393+05:30  INFO 25996 --- [indicator-service] [           main] com.netflix.discovery.DiscoveryClient    : Application version is -1: true
2026-06-02T12:57:09.394+05:30  INFO 25996 --- [indicator-service] [           main] com.netflix.discovery.DiscoveryClient    : Getting all instance registry info from the eureka server
2026-06-02T12:57:09.958+05:30  INFO 25996 --- [indicator-service] [           main] com.netflix.discovery.DiscoveryClient    : The response status is 200
2026-06-02T12:57:10.156+05:30  INFO 25996 --- [indicator-service] [           main] com.netflix.discovery.DiscoveryClient    : Starting heartbeat executor: renew interval is: 30
2026-06-02T12:57:10.160+05:30  INFO 25996 --- [indicator-service] [           main] c.n.discovery.InstanceInfoReplicator     : InstanceInfoReplicator onDemand update allowed rate per min is 4
2026-06-02T12:57:10.165+05:30  INFO 25996 --- [indicator-service] [           main] com.netflix.discovery.DiscoveryClient    : Discovery Client initialized at timestamp 1780385230162 with initial instances count: 9
2026-06-02T12:57:10.170+05:30  INFO 25996 --- [indicator-service] [           main] o.s.c.n.e.s.EurekaServiceRegistry        : Registering application INDICATOR-SERVICE with eureka with status UP
2026-06-02T12:57:10.172+05:30  INFO 25996 --- [indicator-service] [           main] com.netflix.discovery.DiscoveryClient    : Saw local status change event StatusChangeEvent [timestamp=1780385230172, current=UP, previous=STARTING]
2026-06-02T12:57:10.175+05:30  INFO 25996 --- [indicator-service] [foReplicator-%d] com.netflix.discovery.DiscoveryClient    : DiscoveryClient_INDICATOR-SERVICE/DESKTOP-TAPHLMF:indicator-service:8082: registering service...
2026-06-02T12:57:10.210+05:30  INFO 25996 --- [indicator-service] [           main] o.s.boot.tomcat.TomcatWebServer          : Tomcat started on port 8082 (http) with context path '/'
2026-06-02T12:57:10.392+05:30  INFO 25996 --- [indicator-service] [           main] .s.c.n.e.s.EurekaAutoServiceRegistration : Updating port to 8082
2026-06-02T12:57:10.425+05:30  INFO 25996 --- [indicator-service] [foReplicator-%d] com.netflix.discovery.DiscoveryClient    : DiscoveryClient_INDICATOR-SERVICE/DESKTOP-TAPHLMF:indicator-service:8082 - registration status: 204
2026-06-02T12:57:10.650+05:30  INFO 25996 --- [indicator-service] [           main] c.s.i.IndicatorServiceApplication        : Started IndicatorServiceApplication in 8.504 seconds (process running for 9.464)
2026-06-02T13:00:21.615+05:30  INFO 25996 --- [indicator-service] [nio-8082-exec-1] o.a.c.c.C.[Tomcat].[localhost].[/]       : Initializing Spring DispatcherServlet 'dispatcherServlet'
2026-06-02T13:00:21.673+05:30  INFO 25996 --- [indicator-service] [nio-8082-exec-1] o.s.web.servlet.DispatcherServlet        : Initializing Servlet 'dispatcherServlet'
2026-06-02T13:00:21.864+05:30  INFO 25996 --- [indicator-service] [nio-8082-exec-1] o.s.web.servlet.DispatcherServlet        : Completed initialization in 187 ms
2026-06-02T13:02:09.414+05:30  INFO 25996 --- [indicator-service] [rap-executor-%d] c.n.d.s.r.aws.ConfigClusterResolver      : Resolving eureka endpoints via configuration
2026-06-02T13:07:09.420+05:30  INFO 25996 --- [indicator-service] [rap-executor-%d] c.n.d.s.r.aws.ConfigClusterResolver      : Resolving eureka endpoints via configuration
2026-06-02T13:12:09.427+05:30  INFO 25996 --- [indicator-service] [rap-executor-%d] c.n.d.s.r.aws.ConfigClusterResolver      : Resolving eureka endpoints via configuration
2026-06-02T13:17:09.436+05:30  INFO 25996 --- [indicator-service] [rap-executor-%d] c.n.d.s.r.aws.ConfigClusterResolver      : Resolving eureka endpoints via configuration
2026-06-02T13:22:09.468+05:30  INFO 25996 --- [indicator-service] [rap-executor-%d] c.n.d.s.r.aws.ConfigClusterResolver      : Resolving eureka endpoints via configuration
2026-06-02T13:27:09.496+05:30  INFO 25996 --- [indicator-service] [rap-executor-%d] c.n.d.s.r.aws.ConfigClusterResolver      : Resolving eureka endpoints via configuration
2026-06-02T13:32:09.582+05:30  INFO 25996 --- [indicator-service] [rap-executor-%d] c.n.d.s.r.aws.ConfigClusterResolver      : Resolving eureka endpoints via configuration
2026-06-02T13:37:09.594+05:30  INFO 25996 --- [indicator-service] [rap-executor-%d] c.n.d.s.r.aws.ConfigClusterResolver      : Resolving eureka endpoints via configuration
2026-06-02T13:42:09.628+05:30  INFO 25996 --- [indicator-service] [rap-executor-%d] c.n.d.s.r.aws.ConfigClusterResolver      : Resolving eureka endpoints via configuration
2026-06-02T13:47:09.660+05:30  INFO 25996 --- [indicator-service] [rap-executor-%d] c.n.d.s.r.aws.ConfigClusterResolver      : Resolving eureka endpoints via configuration
2026-06-02T13:52:09.667+05:30  INFO 25996 --- [indicator-service] [rap-executor-%d] c.n.d.s.r.aws.ConfigClusterResolver      : Resolving eureka endpoints via configuration
2026-06-02T13:57:09.681+05:30  INFO 25996 --- [indicator-service] [rap-executor-%d] c.n.d.s.r.aws.ConfigClusterResolver      : Resolving eureka endpoints via configuration
2026-06-02T14:02:09.716+05:30  INFO 25996 --- [indicator-service] [rap-executor-%d] c.n.d.s.r.aws.ConfigClusterResolver      : Resolving eureka endpoints via configuration
2026-06-02T14:07:09.749+05:30  INFO 25996 --- [indicator-service] [rap-executor-%d] c.n.d.s.r.aws.ConfigClusterResolver      : Resolving eureka endpoints via configuration
2026-06-02T14:12:09.815+05:30  INFO 25996 --- [indicator-service] [rap-executor-%d] c.n.d.s.r.aws.ConfigClusterResolver      : Resolving eureka endpoints via configuration
2026-06-02T14:17:09.821+05:30  INFO 25996 --- [indicator-service] [rap-executor-%d] c.n.d.s.r.aws.ConfigClusterResolver      : Resolving eureka endpoints via configuration
2026-06-02T14:22:09.826+05:30  INFO 25996 --- [indicator-service] [rap-executor-%d] c.n.d.s.r.aws.ConfigClusterResolver      : Resolving eureka endpoints via configuration
2026-06-02T14:27:09.893+05:30  INFO 25996 --- [indicator-service] [rap-executor-%d] c.n.d.s.r.aws.ConfigClusterResolver      : Resolving eureka endpoints via configuration
2026-06-02T14:32:09.933+05:30  INFO 25996 --- [indicator-service] [rap-executor-%d] c.n.d.s.r.aws.ConfigClusterResolver      : Resolving eureka endpoints via configuration
2026-06-02T14:37:09.993+05:30  INFO 25996 --- [indicator-service] [rap-executor-%d] c.n.d.s.r.aws.ConfigClusterResolver      : Resolving eureka endpoints via configuration
2026-06-02T14:42:10.041+05:30  INFO 25996 --- [indicator-service] [rap-executor-%d] c.n.d.s.r.aws.ConfigClusterResolver      : Resolving eureka endpoints via configuration
2026-06-02T14:47:10.114+05:30  INFO 25996 --- [indicator-service] [rap-executor-%d] c.n.d.s.r.aws.ConfigClusterResolver      : Resolving eureka endpoints via configuration
2026-06-02T14:52:10.132+05:30  INFO 25996 --- [indicator-service] [rap-executor-%d] c.n.d.s.r.aws.ConfigClusterResolver      : Resolving eureka endpoints via configuration
2026-06-02T14:57:10.186+05:30  INFO 25996 --- [indicator-service] [rap-executor-%d] c.n.d.s.r.aws.ConfigClusterResolver      : Resolving eureka endpoints via configuration
2026-06-02T15:02:10.192+05:30  INFO 25996 --- [indicator-service] [rap-executor-%d] c.n.d.s.r.aws.ConfigClusterResolver      : Resolving eureka endpoints via configuration
2026-06-02T15:07:10.243+05:30  INFO 25996 --- [indicator-service] [rap-executor-%d] c.n.d.s.r.aws.ConfigClusterResolver      : Resolving eureka endpoints via configuration
2026-06-02T15:12:10.248+05:30  INFO 25996 --- [indicator-service] [rap-executor-%d] c.n.d.s.r.aws.ConfigClusterResolver      : Resolving eureka endpoints via configuration
2026-06-02T15:17:10.300+05:30  INFO 25996 --- [indicator-service] [rap-executor-%d] c.n.d.s.r.aws.ConfigClusterResolver      : Resolving eureka endpoints via configuration
2026-06-02T15:22:10.310+05:30  INFO 25996 --- [indicator-service] [rap-executor-%d] c.n.d.s.r.aws.ConfigClusterResolver      : Resolving eureka endpoints via configuration
2026-06-02T15:27:10.360+05:30  INFO 25996 --- [indicator-service] [rap-executor-%d] c.n.d.s.r.aws.ConfigClusterResolver      : Resolving eureka endpoints via configuration
2026-06-02T15:32:10.386+05:30  INFO 25996 --- [indicator-service] [rap-executor-%d] c.n.d.s.r.aws.ConfigClusterResolver      : Resolving eureka endpoints via configuration
2026-06-02T15:37:10.395+05:30  INFO 25996 --- [indicator-service] [rap-executor-%d] c.n.d.s.r.aws.ConfigClusterResolver      : Resolving eureka endpoints via configuration
2026-06-02T15:42:10.404+05:30  INFO 25996 --- [indicator-service] [rap-executor-%d] c.n.d.s.r.aws.ConfigClusterResolver      : Resolving eureka endpoints via configuration
2026-06-02T15:47:10.421+05:30  INFO 25996 --- [indicator-service] [rap-executor-%d] c.n.d.s.r.aws.ConfigClusterResolver      : Resolving eureka endpoints via configuration
2026-06-02T15:52:10.477+05:30  INFO 25996 --- [indicator-service] [rap-executor-%d] c.n.d.s.r.aws.ConfigClusterResolver      : Resolving eureka endpoints via configuration
2026-06-02T15:57:10.488+05:30  INFO 25996 --- [indicator-service] [rap-executor-%d] c.n.d.s.r.aws.ConfigClusterResolver      : Resolving eureka endpoints via configuration
2026-06-02T16:02:10.516+05:30  INFO 25996 --- [indicator-service] [rap-executor-%d] c.n.d.s.r.aws.ConfigClusterResolver      : Resolving eureka endpoints via configuration
2026-06-02T16:07:10.521+05:30  INFO 25996 --- [indicator-service] [rap-executor-%d] c.n.d.s.r.aws.ConfigClusterResolver      : Resolving eureka endpoints via configuration
2026-06-02T16:12:10.524+05:30  INFO 25996 --- [indicator-service] [rap-executor-%d] c.n.d.s.r.aws.ConfigClusterResolver      : Resolving eureka endpoints via configuration
2026-06-02T16:17:10.530+05:30  INFO 25996 --- [indicator-service] [rap-executor-%d] c.n.d.s.r.aws.ConfigClusterResolver      : Resolving eureka endpoints via configuration
2026-06-02T16:23:04.839+05:30  INFO 25996 --- [indicator-service] [rap-executor-%d] c.n.d.s.r.aws.ConfigClusterResolver      : Resolving eureka endpoints via configuration
2026-06-02T16:28:04.904+05:30  INFO 25996 --- [indicator-service] [rap-executor-%d] c.n.d.s.r.aws.ConfigClusterResolver      : Resolving eureka endpoints via configuration
2026-06-02T16:33:04.914+05:30  INFO 25996 --- [indicator-service] [rap-executor-%d] c.n.d.s.r.aws.ConfigClusterResolver      : Resolving eureka endpoints via configuration
2026-06-02T16:38:04.920+05:30  INFO 25996 --- [indicator-service] [rap-executor-%d] c.n.d.s.r.aws.ConfigClusterResolver      : Resolving eureka endpoints via configuration
2026-06-02T16:43:04.925+05:30  INFO 25996 --- [indicator-service] [rap-executor-%d] c.n.d.s.r.aws.ConfigClusterResolver      : Resolving eureka endpoints via configuration
2026-06-02T16:48:04.944+05:30  INFO 25996 --- [indicator-service] [rap-executor-%d] c.n.d.s.r.aws.ConfigClusterResolver      : Resolving eureka endpoints via configuration
2026-06-02T16:53:04.984+05:30  INFO 25996 --- [indicator-service] [rap-executor-%d] c.n.d.s.r.aws.ConfigClusterResolver      : Resolving eureka endpoints via configuration
2026-06-02T16:58:04.992+05:30  INFO 25996 --- [indicator-service] [rap-executor-%d] c.n.d.s.r.aws.ConfigClusterResolver      : Resolving eureka endpoints via configuration
2026-06-02T17:03:05.033+05:30  INFO 25996 --- [indicator-service] [rap-executor-%d] c.n.d.s.r.aws.ConfigClusterResolver      : Resolving eureka endpoints via configuration
2026-06-02T17:08:05.088+05:30  INFO 25996 --- [indicator-service] [rap-executor-%d] c.n.d.s.r.aws.ConfigClusterResolver      : Resolving eureka endpoints via configuration
2026-06-02T17:13:05.102+05:30  INFO 25996 --- [indicator-service] [rap-executor-%d] c.n.d.s.r.aws.ConfigClusterResolver      : Resolving eureka endpoints via configuration
2026-06-02T17:18:05.161+05:30  INFO 25996 --- [indicator-service] [rap-executor-%d] c.n.d.s.r.aws.ConfigClusterResolver      : Resolving eureka endpoints via configuration
2026-06-02T17:23:05.200+05:30  INFO 25996 --- [indicator-service] [rap-executor-%d] c.n.d.s.r.aws.ConfigClusterResolver      : Resolving eureka endpoints via configuration
2026-06-02T17:28:05.245+05:30  INFO 25996 --- [indicator-service] [rap-executor-%d] c.n.d.s.r.aws.ConfigClusterResolver      : Resolving eureka endpoints via configuration
2026-06-02T17:33:05.294+05:30  INFO 25996 --- [indicator-service] [rap-executor-%d] c.n.d.s.r.aws.ConfigClusterResolver      : Resolving eureka endpoints via configuration
2026-06-02T17:38:05.297+05:30  INFO 25996 --- [indicator-service] [rap-executor-%d] c.n.d.s.r.aws.ConfigClusterResolver      : Resolving eureka endpoints via configuration
2026-06-02T17:43:05.303+05:30  INFO 25996 --- [indicator-service] [rap-executor-%d] c.n.d.s.r.aws.ConfigClusterResolver      : Resolving eureka endpoints via configuration
2026-06-02T17:48:05.341+05:30  INFO 25996 --- [indicator-service] [rap-executor-%d] c.n.d.s.r.aws.ConfigClusterResolver      : Resolving eureka endpoints via configuration
2026-06-02T17:53:05.361+05:30  INFO 25996 --- [indicator-service] [rap-executor-%d] c.n.d.s.r.aws.ConfigClusterResolver      : Resolving eureka endpoints via configuration
2026-06-02T17:58:05.419+05:30  INFO 25996 --- [indicator-service] [rap-executor-%d] c.n.d.s.r.aws.ConfigClusterResolver      : Resolving eureka endpoints via configuration
2026-06-02T18:03:05.483+05:30  INFO 25996 --- [indicator-service] [rap-executor-%d] c.n.d.s.r.aws.ConfigClusterResolver      : Resolving eureka endpoints via configuration
2026-06-02T18:08:05.536+05:30  INFO 25996 --- [indicator-service] [rap-executor-%d] c.n.d.s.r.aws.ConfigClusterResolver      : Resolving eureka endpoints via configuration
2026-06-02T18:13:05.612+05:30  INFO 25996 --- [indicator-service] [rap-executor-%d] c.n.d.s.r.aws.ConfigClusterResolver      : Resolving eureka endpoints via configuration
2026-06-02T18:18:05.669+05:30  INFO 25996 --- [indicator-service] [rap-executor-%d] c.n.d.s.r.aws.ConfigClusterResolver      : Resolving eureka endpoints via configuration
2026-06-02T18:23:05.697+05:30  INFO 25996 --- [indicator-service] [rap-executor-%d] c.n.d.s.r.aws.ConfigClusterResolver      : Resolving eureka endpoints via configuration
2026-06-02T18:28:05.781+05:30  INFO 25996 --- [indicator-service] [rap-executor-%d] c.n.d.s.r.aws.ConfigClusterResolver      : Resolving eureka endpoints via configuration
2026-06-02T18:33:05.841+05:30  INFO 25996 --- [indicator-service] [rap-executor-%d] c.n.d.s.r.aws.ConfigClusterResolver      : Resolving eureka endpoints via configuration
2026-06-02T18:38:05.853+05:30  INFO 25996 --- [indicator-service] [rap-executor-%d] c.n.d.s.r.aws.ConfigClusterResolver      : Resolving eureka endpoints via configuration
2026-06-02T18:43:05.911+05:30  INFO 25996 --- [indicator-service] [rap-executor-%d] c.n.d.s.r.aws.ConfigClusterResolver      : Resolving eureka endpoints via configuration
2026-06-02T18:48:05.922+05:30  INFO 25996 --- [indicator-service] [rap-executor-%d] c.n.d.s.r.aws.ConfigClusterResolver      : Resolving eureka endpoints via configuration
